<html>
<body>
<pre>
<h1>µVision Build Log</h1>
<h2>Tool Versions:</h2>
IDE-Version: ¦ÌVision V5.43.1.0
Copyright (C) 2025 ARM Ltd and ARM Germany GmbH. All rights reserved.
License Information: 1¡¤ romanticzhang666@outlook.com, 1, LIC=14HV2-9J4VU-DYMV3-AL42S-W6ZJN-0QQAM
 
Tool Versions:
Toolchain:       MDK-ARM Plus  Version: 5.43.0.0
Toolchain Path:  D:\AA_Keil5\ARM\ARMCC\Bin
C Compiler:      Armcc.exe V5.06 update 7 (build 960)
Assembler:       Armasm.exe V5.06 update 7 (build 960)
Linker/Locator:  ArmLink.exe V5.06 update 7 (build 960)
Library Manager: ArmAr.exe V5.06 update 7 (build 960)
Hex Converter:   FromElf.exe V5.06 update 7 (build 960)
CPU DLL:         SARMCM3.DLL V5.43.0.0
Dialog DLL:      DCM.DLL V1.17.5.0
Target DLL:      STLink\ST-LINKIII-KEIL_SWO.dll V3.3.1.0
Dialog DLL:      TCM.DLL V1.56.6.0
 
<h2>Project:</h2>
C:\Users\roman\Desktop\DOG\DOG_Master\MDK-ARM\DOG.uvprojx
Project File Date:  05/19/2026

<h2>Output:</h2>
*** Using Compiler 'V5.06 update 7 (build 960)', folder: 'D:\AA_Keil5\ARM\ARMCC\Bin'
Rebuild target 'DOG'
assembling startup_stm32h743xx.s...
compiling u_spi.c...
compiling Led_indicator.c...
..\Core\Src\Led_indicator.c(23): warning:  #550-D: variable "g_heartbeat_counter"  was set but never used
  static uint32_t g_heartbeat_counter = 0;
..\Core\Src\Led_indicator.c: 1 warning, 0 errors
compiling system_control.c...
compiling dma.c...
compiling led.c...
compiling motor.c...
compiling adc.c...
compiling gpio.c...
compiling fdcan_handler.c...
compiling usbcol.c...
compiling main.c...
compiling stm32h7xx_it.c...
compiling tim.c...
compiling fdcan.c...
compiling usart.c...
compiling stm32h7xx_hal_msp.c...
compiling usb_device.c...
compiling spi.c...
compiling usbd_cdc_if.c...
compiling usbd_conf.c...
compiling usbd_desc.c...
compiling stm32h7xx_hal_pcd.c...
compiling stm32h7xx_hal_pcd_ex.c...
compiling stm32h7xx_hal_hsem.c...
compiling stm32h7xx_hal_gpio.c...
compiling stm32h7xx_hal_mdma.c...
compiling stm32h7xx_hal_flash.c...
compiling stm32h7xx_hal_flash_ex.c...
compiling stm32h7xx_ll_usb.c...
compiling stm32h7xx_hal_dma_ex.c...
compiling stm32h7xx_hal_rcc.c...
compiling stm32h7xx_hal_rcc_ex.c...
compiling stm32h7xx_hal_dma.c...
compiling stm32h7xx_hal_pwr.c...
compiling stm32h7xx_hal_cortex.c...
compiling stm32h7xx_hal_i2c_ex.c...
compiling stm32h7xx_hal_exti.c...
compiling stm32h7xx_hal.c...
compiling stm32h7xx_hal_adc_ex.c...
compiling stm32h7xx_hal_pwr_ex.c...
compiling stm32h7xx_hal_fdcan.c...
compiling stm32h7xx_hal_i2c.c...
compiling stm32h7xx_hal_adc.c...
compiling stm32h7xx_hal_spi.c...
compiling stm32h7xx_hal_spi_ex.c...
compiling stm32h7xx_hal_uart_ex.c...
compiling stm32h7xx_hal_tim_ex.c...
compiling system_stm32h7xx.c...
compiling usbd_core.c...
compiling usbd_ioreq.c...
compiling usbd_ctlreq.c...
compiling usbd_cdc.c...
compiling stm32h7xx_hal_uart.c...
compiling stm32h7xx_hal_tim.c...
linking...
Program Size: Code=44980 RO-data=852 RW-data=308 ZI-data=12436  
FromELF: creating hex file...
"DOG\DOG.axf" - 0 Error(s), 1 Warning(s).

<h2>Software Packages used:</h2>

Package Vendor: ARM
                https://www.keil.com/pack/ARM.CMSIS.6.2.0.pack
                ARM::CMSIS@6.2.0
                CMSIS (Common Microcontroller Software Interface Standard)
   * Component: CORE Version: 6.1.1

Package Vendor: Keil
                https://www.keil.com/pack/Keil.STM32H7xx_DFP.4.1.3.pack
                Keil::STM32H7xx_DFP@4.1.3
                STMicroelectronics STM32H7 Series Device Support

<h2>Collection of Component include folders:</h2>
  ./RTE/_DOG
  D:/AA_Keil5/ARM/CMSIS/6.2.0/CMSIS/Core/Include

<h2>Collection of Component Files used:</h2>

   * Component: ARM::CMSIS:CORE@6.1.1
      Include file:  CMSIS/Core/Include/tz_context.h
Build Time Elapsed:  00:02:21
</pre>
</body>
</html>
