Component: ARM Compiler 5.06 update 7 (build 960) Tool: armlink [4d3601]

==============================================================================

Section Cross References

    startup_stm32h743xx.o(STACK) refers (Special) to heapauxi.o(.text) for __use_two_region_memory
    startup_stm32h743xx.o(HEAP) refers (Special) to heapauxi.o(.text) for __use_two_region_memory
    startup_stm32h743xx.o(RESET) refers (Special) to heapauxi.o(.text) for __use_two_region_memory
    startup_stm32h743xx.o(RESET) refers to startup_stm32h743xx.o(STACK) for __initial_sp
    startup_stm32h743xx.o(RESET) refers to startup_stm32h743xx.o(.text) for Reset_Handler
    startup_stm32h743xx.o(RESET) refers to stm32h7xx_it.o(i.NMI_Handler) for NMI_Handler
    startup_stm32h743xx.o(RESET) refers to stm32h7xx_it.o(i.HardFault_Handler) for HardFault_Handler
    startup_stm32h743xx.o(RESET) refers to stm32h7xx_it.o(i.MemManage_Handler) for MemManage_Handler
    startup_stm32h743xx.o(RESET) refers to stm32h7xx_it.o(i.BusFault_Handler) for BusFault_Handler
    startup_stm32h743xx.o(RESET) refers to stm32h7xx_it.o(i.UsageFault_Handler) for UsageFault_Handler
    startup_stm32h743xx.o(RESET) refers to stm32h7xx_it.o(i.SVC_Handler) for SVC_Handler
    startup_stm32h743xx.o(RESET) refers to stm32h7xx_it.o(i.DebugMon_Handler) for DebugMon_Handler
    startup_stm32h743xx.o(RESET) refers to stm32h7xx_it.o(i.PendSV_Handler) for PendSV_Handler
    startup_stm32h743xx.o(RESET) refers to stm32h7xx_it.o(i.SysTick_Handler) for SysTick_Handler
    startup_stm32h743xx.o(RESET) refers to stm32h7xx_it.o(i.DMA1_Stream1_IRQHandler) for DMA1_Stream1_IRQHandler
    startup_stm32h743xx.o(RESET) refers to stm32h7xx_it.o(i.DMA1_Stream2_IRQHandler) for DMA1_Stream2_IRQHandler
    startup_stm32h743xx.o(RESET) refers to stm32h7xx_it.o(i.FDCAN1_IT0_IRQHandler) for FDCAN1_IT0_IRQHandler
    startup_stm32h743xx.o(RESET) refers to stm32h7xx_it.o(i.SPI1_IRQHandler) for SPI1_IRQHandler
    startup_stm32h743xx.o(RESET) refers to stm32h7xx_it.o(i.UART4_IRQHandler) for UART4_IRQHandler
    startup_stm32h743xx.o(RESET) refers to stm32h7xx_it.o(i.TIM6_DAC_IRQHandler) for TIM6_DAC_IRQHandler
    startup_stm32h743xx.o(RESET) refers to stm32h7xx_it.o(i.FDCAN_CAL_IRQHandler) for FDCAN_CAL_IRQHandler
    startup_stm32h743xx.o(RESET) refers to stm32h7xx_it.o(i.OTG_FS_IRQHandler) for OTG_FS_IRQHandler
    startup_stm32h743xx.o(.text) refers (Special) to heapauxi.o(.text) for __use_two_region_memory
    startup_stm32h743xx.o(.text) refers to system_stm32h7xx.o(i.ExitRun0Mode) for ExitRun0Mode
    startup_stm32h743xx.o(.text) refers to system_stm32h7xx.o(i.SystemInit) for SystemInit
    startup_stm32h743xx.o(.text) refers to __main.o(!!!main) for __main
    startup_stm32h743xx.o(.text) refers to startup_stm32h743xx.o(HEAP) for Heap_Mem
    startup_stm32h743xx.o(.text) refers to startup_stm32h743xx.o(STACK) for Stack_Mem
    led.o(i.BEEP_Off) refers to stm32h7xx_hal_tim.o(i.HAL_TIM_PWM_Stop) for HAL_TIM_PWM_Stop
    led.o(i.BEEP_Off) refers to tim.o(.bss) for htim17
    led.o(i.BEEP_On) refers to led.o(i.Buzzer_Beep) for Buzzer_Beep
    led.o(i.Beep_Init) refers to stm32h7xx_hal_tim.o(i.HAL_TIM_PWM_Stop) for HAL_TIM_PWM_Stop
    led.o(i.Beep_Init) refers to tim.o(.bss) for htim17
    led.o(i.Buzzer_Beep) refers to stm32h7xx_hal_tim.o(i.HAL_TIM_PWM_Start) for HAL_TIM_PWM_Start
    led.o(i.Buzzer_Beep) refers to led.o(i.BEEP_Off) for BEEP_Off
    led.o(i.Buzzer_Beep) refers to tim.o(.bss) for htim17
    led.o(i.LED1_Off) refers to stm32h7xx_hal_gpio.o(i.HAL_GPIO_WritePin) for HAL_GPIO_WritePin
    led.o(i.LED1_On) refers to stm32h7xx_hal_gpio.o(i.HAL_GPIO_WritePin) for HAL_GPIO_WritePin
    led.o(i.LED2_Off) refers to stm32h7xx_hal_gpio.o(i.HAL_GPIO_WritePin) for HAL_GPIO_WritePin
    led.o(i.LED2_On) refers to stm32h7xx_hal_gpio.o(i.HAL_GPIO_WritePin) for HAL_GPIO_WritePin
    led.o(i.LED3_Off) refers to stm32h7xx_hal_gpio.o(i.HAL_GPIO_WritePin) for HAL_GPIO_WritePin
    led.o(i.LED3_On) refers to stm32h7xx_hal_gpio.o(i.HAL_GPIO_WritePin) for HAL_GPIO_WritePin
    led.o(i.LED4_Off) refers to stm32h7xx_hal_gpio.o(i.HAL_GPIO_WritePin) for HAL_GPIO_WritePin
    led.o(i.LED4_On) refers to stm32h7xx_hal_gpio.o(i.HAL_GPIO_WritePin) for HAL_GPIO_WritePin
    led.o(i.LED5_Off) refers to stm32h7xx_hal_gpio.o(i.HAL_GPIO_WritePin) for HAL_GPIO_WritePin
    led.o(i.LED5_On) refers to stm32h7xx_hal_gpio.o(i.HAL_GPIO_WritePin) for HAL_GPIO_WritePin
    led.o(i.LED6_Off) refers to stm32h7xx_hal_gpio.o(i.HAL_GPIO_WritePin) for HAL_GPIO_WritePin
    led.o(i.LED6_On) refers to stm32h7xx_hal_gpio.o(i.HAL_GPIO_WritePin) for HAL_GPIO_WritePin
    led.o(i.LED7_Off) refers to stm32h7xx_hal_gpio.o(i.HAL_GPIO_WritePin) for HAL_GPIO_WritePin
    led.o(i.LED7_On) refers to stm32h7xx_hal_gpio.o(i.HAL_GPIO_WritePin) for HAL_GPIO_WritePin
    led.o(i.LED8_Off) refers to stm32h7xx_hal_gpio.o(i.HAL_GPIO_WritePin) for HAL_GPIO_WritePin
[...]
    HAL_RCCEx_GetD3PCLK1Freq                 0x08004a2d   Thumb Code    26  stm32h7xx_hal_rcc_ex.o(i.HAL_RCCEx_GetD3PCLK1Freq)
    HAL_RCCEx_GetPLL1ClockFreq               0x08004a51   Thumb Code   318  stm32h7xx_hal_rcc_ex.o(i.HAL_RCCEx_GetPLL1ClockFreq)
    HAL_RCCEx_GetPLL2ClockFreq               0x08004ba9   Thumb Code   290  stm32h7xx_hal_rcc_ex.o(i.HAL_RCCEx_GetPLL2ClockFreq)
    HAL_RCCEx_GetPLL3ClockFreq               0x08004ce5   Thumb Code   290  stm32h7xx_hal_rcc_ex.o(i.HAL_RCCEx_GetPLL3ClockFreq)
    HAL_RCCEx_GetPeriphCLKFreq               0x08004e21   Thumb Code   714  stm32h7xx_hal_rcc_ex.o(i.HAL_RCCEx_GetPeriphCLKFreq)
    HAL_RCCEx_PeriphCLKConfig                0x080050f9   Thumb Code  2468  stm32h7xx_hal_rcc_ex.o(i.HAL_RCCEx_PeriphCLKConfig)
    HAL_RCC_ClockConfig                      0x08005aa1   Thumb Code   590  stm32h7xx_hal_rcc.o(i.HAL_RCC_ClockConfig)
    HAL_RCC_GetHCLKFreq                      0x08005d11   Thumb Code    52  stm32h7xx_hal_rcc.o(i.HAL_RCC_GetHCLKFreq)
    HAL_RCC_GetPCLK1Freq                     0x08005d55   Thumb Code    26  stm32h7xx_hal_rcc.o(i.HAL_RCC_GetPCLK1Freq)
    HAL_RCC_GetPCLK2Freq                     0x08005d79   Thumb Code    26  stm32h7xx_hal_rcc.o(i.HAL_RCC_GetPCLK2Freq)
    HAL_RCC_GetSysClockFreq                  0x08005d9d   Thumb Code   270  stm32h7xx_hal_rcc.o(i.HAL_RCC_GetSysClockFreq)
    HAL_RCC_OscConfig                        0x08005ecd   Thumb Code  1390  stm32h7xx_hal_rcc.o(i.HAL_RCC_OscConfig)
    HAL_SPI_ErrorCallback                    0x0800643d   Thumb Code    16  u_spi.o(i.HAL_SPI_ErrorCallback)
    HAL_SPI_IRQHandler                       0x08006455   Thumb Code   540  stm32h7xx_hal_spi.o(i.HAL_SPI_IRQHandler)
    HAL_SPI_Init                             0x08006675   Thumb Code   356  stm32h7xx_hal_spi.o(i.HAL_SPI_Init)
    HAL_SPI_MspInit                          0x080067e5   Thumb Code   306  spi.o(i.HAL_SPI_MspInit)
    HAL_SPI_RxCpltCallback                   0x08006931   Thumb Code     2  stm32h7xx_hal_spi.o(i.HAL_SPI_RxCpltCallback)
    HAL_SPI_SuspendCallback                  0x08006933   Thumb Code     2  stm32h7xx_hal_spi.o(i.HAL_SPI_SuspendCallback)
    HAL_SPI_TransmitReceive_DMA              0x08006935   Thumb Code   494  stm32h7xx_hal_spi.o(i.HAL_SPI_TransmitReceive_DMA)
    HAL_SPI_TxCpltCallback                   0x08006b31   Thumb Code     2  stm32h7xx_hal_spi.o(i.HAL_SPI_TxCpltCallback)
    HAL_SPI_TxRxCpltCallback                 0x08006b35   Thumb Code    14  u_spi.o(i.HAL_SPI_TxRxCpltCallback)
    HAL_SPI_TxRxHalfCpltCallback             0x08006b49   Thumb Code     2  stm32h7xx_hal_spi.o(i.HAL_SPI_TxRxHalfCpltCallback)
    HAL_SYSTICK_Config                       0x08006b4b   Thumb Code    40  stm32h7xx_hal_cortex.o(i.HAL_SYSTICK_Config)
    HAL_TIMEx_Break2Callback                 0x08006b73   Thumb Code     2  stm32h7xx_hal_tim_ex.o(i.HAL_TIMEx_Break2Callback)
    HAL_TIMEx_BreakCallback                  0x08006b75   Thumb Code     2  stm32h7xx_hal_tim_ex.o(i.HAL_TIMEx_BreakCallback)
    HAL_TIMEx_CommutCallback                 0x08006b77   Thumb Code     2  stm32h7xx_hal_tim_ex.o(i.HAL_TIMEx_CommutCallback)
    HAL_TIMEx_ConfigBreakDeadTime            0x08006b79   Thumb Code   132  stm32h7xx_hal_tim_ex.o(i.HAL_TIMEx_ConfigBreakDeadTime)
    HAL_TIMEx_MasterConfigSynchronization    0x08006c05   Thumb Code   136  stm32h7xx_hal_tim_ex.o(i.HAL_TIMEx_MasterConfigSynchronization)
    HAL_TIM_Base_Init                        0x08006ca9   Thumb Code    98  stm32h7xx_hal_tim.o(i.HAL_TIM_Base_Init)
    HAL_TIM_Base_MspInit                     0x08006d0d   Thumb Code    76  tim.o(i.HAL_TIM_Base_MspInit)
    HAL_TIM_Base_Start_IT                    0x08006d65   Thumb Code   106  stm32h7xx_hal_tim.o(i.HAL_TIM_Base_Start_IT)
    HAL_TIM_IC_CaptureCallback               0x08006df1   Thumb Code     2  stm32h7xx_hal_tim.o(i.HAL_TIM_IC_CaptureCallback)
    HAL_TIM_IRQHandler                       0x08006df3   Thumb Code   330  stm32h7xx_hal_tim.o(i.HAL_TIM_IRQHandler)
    HAL_TIM_MspPostInit                      0x08006f3d   Thumb Code    74  tim.o(i.HAL_TIM_MspPostInit)
    HAL_TIM_OC_DelayElapsedCallback          0x08006f95   Thumb Code     2  stm32h7xx_hal_tim.o(i.HAL_TIM_OC_DelayElapsedCallback)
    HAL_TIM_PWM_ConfigChannel                0x08006f97   Thumb Code   292  stm32h7xx_hal_tim.o(i.HAL_TIM_PWM_ConfigChannel)
    HAL_TIM_PWM_Init                         0x080070bb   Thumb Code    98  stm32h7xx_hal_tim.o(i.HAL_TIM_PWM_Init)
    HAL_TIM_PWM_MspInit                      0x0800711d   Thumb Code     2  stm32h7xx_hal_tim.o(i.HAL_TIM_PWM_MspInit)
    HAL_TIM_PWM_PulseFinishedCallback        0x0800711f   Thumb Code     2  stm32h7xx_hal_tim.o(i.HAL_TIM_PWM_PulseFinishedCallback)
    HAL_TIM_PWM_Start                        0x08007121   Thumb Code   242  stm32h7xx_hal_tim.o(i.HAL_TIM_PWM_Start)
    HAL_TIM_PWM_Stop                         0x0800723d   Thumb Code   152  stm32h7xx_hal_tim.o(i.HAL_TIM_PWM_Stop)
    HAL_TIM_PeriodElapsedCallback            0x080072e9   Thumb Code    86  system_control.o(i.HAL_TIM_PeriodElapsedCallback)
    HAL_TIM_TriggerCallback                  0x08007349   Thumb Code     2  stm32h7xx_hal_tim.o(i.HAL_TIM_TriggerCallback)
    HAL_UARTEx_DisableFifoMode               0x0800734b   Thumb Code    62  stm32h7xx_hal_uart_ex.o(i.HAL_UARTEx_DisableFifoMode)
    HAL_UARTEx_RxEventCallback               0x08007389   Thumb Code     2  stm32h7xx_hal_uart.o(i.HAL_UARTEx_RxEventCallback)
    HAL_UARTEx_RxFifoFullCallback            0x0800738b   Thumb Code     2  stm32h7xx_hal_uart_ex.o(i.HAL_UARTEx_RxFifoFullCallback)
    HAL_UARTEx_SetRxFifoThreshold            0x0800738d   Thumb Code    76  stm32h7xx_hal_uart_ex.o(i.HAL_UARTEx_SetRxFifoThreshold)
    HAL_UARTEx_SetTxFifoThreshold            0x080073d9   Thumb Code    76  stm32h7xx_hal_uart_ex.o(i.HAL_UARTEx_SetTxFifoThreshold)
    HAL_UARTEx_TxFifoEmptyCallback           0x08007425   Thumb Code     2  stm32h7xx_hal_uart_ex.o(i.HAL_UARTEx_TxFifoEmptyCallback)
    HAL_UARTEx_WakeupCallback                0x08007427   Thumb Code     2  stm32h7xx_hal_uart_ex.o(i.HAL_UARTEx_WakeupCallback)
    HAL_UART_ErrorCallback                   0x08007429   Thumb Code     2  stm32h7xx_hal_uart.o(i.HAL_UART_ErrorCallback)
    HAL_UART_IRQHandler                      0x0800742d   Thumb Code   900  stm32h7xx_hal_uart.o(i.HAL_UART_IRQHandler)
    HAL_UART_Init                            0x080077c5   Thumb Code   106  stm32h7xx_hal_uart.o(i.HAL_UART_Init)
    HAL_UART_MspInit                         0x08007831   Thumb Code   172  usart.o(i.HAL_UART_MspInit)
    HAL_UART_TxCpltCallback                  0x080078ed   Thumb Code     2  stm32h7xx_hal_uart.o(i.HAL_UART_TxCpltCallback)
    HardFault_Handler                        0x080078ef   Thumb Code     2  stm32h7xx_it.o(i.HardFault_Handler)
    LED1_Off                                 0x08007929   Thumb Code    10  led.o(i.LED1_Off)
    LED1_On                                  0x08007939   Thumb Code    10  led.o(i.LED1_On)
    LED2_Off                                 0x08007949   Thumb Code    10  led.o(i.LED2_Off)
    LED2_On                                  0x08007959   Thumb Code    10  led.o(i.LED2_On)
    LED3_Off                                 0x08007969   Thumb Code    12  led.o(i.LED3_Off)
    LED3_On                                  0x08007979   Thumb Code    10  led.o(i.LED3_On)
    LED4_Off                                 0x08007989   Thumb Code    10  led.o(i.LED4_Off)
    LED4_On                                  0x08007999   Thumb Code    10  led.o(i.LED4_On)
    LED5_Off                                 0x080079a9   Thumb Code    10  led.o(i.LED5_Off)
    LED5_On                                  0x080079b9   Thumb Code    10  led.o(i.LED5_On)
    LED6_Off                                 0x080079c9   Thumb Code    10  led.o(i.LED6_Off)
    LED6_On                                  0x080079d9   Thumb Code    10  led.o(i.LED6_On)
    LED7_Off                                 0x080079e9   Thumb Code    10  led.o(i.LED7_Off)
    LED7_On                                  0x080079f9   Thumb Code    10  led.o(i.LED7_On)
    LED8_Off                                 0x08007a09   Thumb Code    10  led.o(i.LED8_Off)
    LED8_On                                  0x08007a19   Thumb Code    10  led.o(i.LED8_On)
    LED_Indicator_Process                    0x08007a29   Thumb Code   136  led_indicator.o(i.LED_Indicator_Process)
    LED_Indicator_TestMode                   0x08007ab9   Thumb Code   208  led_indicator.o(i.LED_Indicator_TestMode)
    LED_Indicator_Trigger                    0x08007b89   Thumb Code    48  led_indicator.o(i.LED_Indicator_Trigger)
    MX_ADC1_Init                             0x08007bdd   Thumb Code   138  adc.o(i.MX_ADC1_Init)
    MX_DMA_Init                              0x08007c75   Thumb Code    56  dma.o(i.MX_DMA_Init)
    MX_FDCAN1_Init                           0x08007cb1   Thumb Code    90  fdcan.o(i.MX_FDCAN1_Init)
    MX_GPIO_Init                             0x08007d15   Thumb Code   234  gpio.o(i.MX_GPIO_Init)
    MX_SPI1_Init                             0x08007e15   Thumb Code    84  spi.o(i.MX_SPI1_Init)
    MX_TIM17_Init                            0x08007e71   Thumb Code   150  tim.o(i.MX_TIM17_Init)
    MX_TIM6_Init                             0x08007f11   Thumb Code    62  tim.o(i.MX_TIM6_Init)
    MX_UART4_Init                            0x08007f59   Thumb Code    94  usart.o(i.MX_UART4_Init)
    MX_USB_DEVICE_Init                       0x08007fc1   Thumb Code    66  usb_device.o(i.MX_USB_DEVICE_Init)
    MemManage_Handler                        0x08008015   Thumb Code     2  stm32h7xx_it.o(i.MemManage_Handler)
    Motor_Calib_ApplyTransform               0x08008019   Thumb Code   280  motor_calib.o(i.Motor_Calib_ApplyTransform)
    Motor_Calib_FeedSample                   0x08008165   Thumb Code    96  motor_calib.o(i.Motor_Calib_FeedSample)
    Motor_Calib_GetState                     0x080081cd   Thumb Code     6  motor_calib.o(i.Motor_Calib_GetState)
    Motor_Calib_Init                         0x080081d9   Thumb Code   142  motor_calib.o(i.Motor_Calib_Init)
    Motor_GetMasterID                        0x0800827d   Thumb Code     2  motor.o(i.Motor_GetMasterID)
    Motor_KD_PhysToRaw                       0x08008281   Thumb Code    70  motor.o(i.Motor_KD_PhysToRaw)
    Motor_KD_RawToPhys                       0x080082d5   Thumb Code    36  motor.o(i.Motor_KD_RawToPhys)
    Motor_KP_PhysToRaw                       0x080082fd   Thumb Code    60  motor.o(i.Motor_KP_PhysToRaw)
    Motor_KP_RawToPhys                       0x08008349   Thumb Code    36  motor.o(i.Motor_KP_RawToPhys)
    Motor_PackControlData                    0x08008375   Thumb Code   122  motor.o(i.Motor_PackControlData)
    Motor_Pos_PhysToRaw                      0x080083f1   Thumb Code    68  motor.o(i.Motor_Pos_PhysToRaw)
    Motor_Pos_RawToPhys                      0x08008441   Thumb Code    34  motor.o(i.Motor_Pos_RawToPhys)
    Motor_Torque_PhysToRaw                   0x08008469   Thumb Code    78  motor.o(i.Motor_Torque_PhysToRaw)
    Motor_Torque_RawToPhys                   0x080084c9   Thumb Code    44  motor.o(i.Motor_Torque_RawToPhys)
    Motor_UnpackControlData                  0x080084fd   Thumb Code   126  motor.o(i.Motor_UnpackControlData)
    Motor_UnpackFeedbackData                 0x0800857d   Thumb Code   138  motor.o(i.Motor_UnpackFeedbackData)
    Motor_Vel_PhysToRaw                      0x08008615   Thumb Code    78  motor.o(i.Motor_Vel_PhysToRaw)
    Motor_Vel_RawToPhys                      0x08008675   Thumb Code    44  motor.o(i.Motor_Vel_RawToPhys)
    NMI_Handler                              0x080086a9   Thumb Code     2  stm32h7xx_it.o(i.NMI_Handler)
    OTG_FS_IRQHandler                        0x080086ad   Thumb Code     6  stm32h7xx_it.o(i.OTG_FS_IRQHandler)
    PendSV_Handler                           0x0800881d   Thumb Code     2  stm32h7xx_it.o(i.PendSV_Handler)
    PeriphCommonClock_Config                 0x0800881f   Thumb Code    74  main.o(i.PeriphCommonClock_Config)
    Protocol_CalcChecksum                    0x08008869   Thumb Code    24  usbcol.o(i.Protocol_CalcChecksum)
    Protocol_HasCompletePacket               0x08008881   Thumb Code    72  usbcol.o(i.Protocol_HasCompletePacket)
    Protocol_Init                            0x080088d5   Thumb Code    34  usbcol.o(i.Protocol_Init)
    Protocol_PackFeedbackPkg                 0x08008905   Thumb Code   278  usbcol.o(i.Protocol_PackFeedbackPkg)
    Protocol_ParseControlPkg                 0x08008a2d   Thumb Code   140  usbcol.o(i.Protocol_ParseControlPkg)
    Protocol_ProcessRxData                   0x08008abd   Thumb Code    92  usbcol.o(i.Protocol_ProcessRxData)
    Protocol_ReadPacket                      0x08008b21   Thumb Code    76  usbcol.o(i.Protocol_ReadPacket)
    Protocol_SendData                        0x08008b79   Thumb Code    42  usbcol.o(i.Protocol_SendData)
    Protocol_SendFeedback                    0x08008ba9   Thumb Code    26  usbcol.o(i.Protocol_SendFeedback)
    Protocol_USB_TxCpltCallback              0x08008bc9   Thumb Code     8  usbcol.o(i.Protocol_USB_TxCpltCallback)
    SPI1_IRQHandler                          0x08008dfd   Thumb Code     6  stm32h7xx_it.o(i.SPI1_IRQHandler)
    SPI_GetSlaveFeedback                     0x08008f3d   Thumb Code     8  u_spi.o(i.SPI_GetSlaveFeedback)
    SPI_PackMotorData                        0x08008f49   Thumb Code   128  u_spi.o(i.SPI_PackMotorData)
    SPI_Protocol_Init                        0x08008fc9   Thumb Code    18  u_spi.o(i.SPI_Protocol_Init)
    SPI_SendMotorControl                     0x08008fe5   Thumb Code    56  u_spi.o(i.SPI_SendMotorControl)
    SPI_TxCpltCallback                       0x08009029   Thumb Code   124  u_spi.o(i.SPI_TxCpltCallback)
    SVC_Handler                              0x080090ad   Thumb Code     2  stm32h7xx_it.o(i.SVC_Handler)
    SysTick_Handler                          0x080090b9   Thumb Code     4  stm32h7xx_it.o(i.SysTick_Handler)
    SystemClock_Config                       0x080090bd   Thumb Code   158  main.o(i.SystemClock_Config)
    SystemInit                               0x08009165   Thumb Code   206  system_stm32h7xx.o(i.SystemInit)
    System_Control_Init                      0x08009445   Thumb Code    58  system_control.o(i.System_Control_Init)
    System_Control_Process                   0x0800948d   Thumb Code    34  system_control.o(i.System_Control_Process)
    System_ProcessMotorControl               0x080094b5   Thumb Code   128  system_control.o(i.System_ProcessMotorControl)
    System_SendFeedback                      0x0800953d   Thumb Code    40  system_control.o(i.System_SendFeedback)
    TIM6_DAC_IRQHandler                      0x0800956d   Thumb Code     6  stm32h7xx_it.o(i.TIM6_DAC_IRQHandler)
    TIM_Base_SetConfig                       0x08009579   Thumb Code   168  stm32h7xx_hal_tim.o(i.TIM_Base_SetConfig)
    TIM_CCxChannelCmd                        0x08009641   Thumb Code    26  stm32h7xx_hal_tim.o(i.TIM_CCxChannelCmd)
    TIM_OC2_SetConfig                        0x080096f9   Thumb Code   120  stm32h7xx_hal_tim.o(i.TIM_OC2_SetConfig)
    Tim_IsElapsed                            0x0800996d   Thumb Code    32  tim_delay.o(i.Tim_IsElapsed)
    UART4_IRQHandler                         0x0800998d   Thumb Code     6  stm32h7xx_it.o(i.UART4_IRQHandler)
    UART_AdvFeatureConfig                    0x080099dd   Thumb Code   200  stm32h7xx_hal_uart.o(i.UART_AdvFeatureConfig)
    UART_CheckIdleState                      0x08009aa5   Thumb Code   172  stm32h7xx_hal_uart.o(i.UART_CheckIdleState)
    UART_SetConfig                           0x08009bb5   Thumb Code   862  stm32h7xx_hal_uart.o(i.UART_SetConfig)
    UART_WaitOnFlagUntilTimeout              0x08009f51   Thumb Code   146  stm32h7xx_hal_uart.o(i.UART_WaitOnFlagUntilTimeout)
    USBD_CDC_GetDeviceQualifierDescriptor    0x0800a15d   Thumb Code     8  usbd_cdc.o(i.USBD_CDC_GetDeviceQualifierDescriptor)
    USBD_CDC_ReceivePacket                   0x0800a339   Thumb Code    50  usbd_cdc.o(i.USBD_CDC_ReceivePacket)
    USBD_CDC_RegisterInterface               0x0800a371   Thumb Code    22  usbd_cdc.o(i.USBD_CDC_RegisterInterface)
    USBD_CDC_SetRxBuffer                     0x0800a387   Thumb Code    26  usbd_cdc.o(i.USBD_CDC_SetRxBuffer)
    USBD_CDC_SetTxBuffer                     0x0800a3a1   Thumb Code    30  usbd_cdc.o(i.USBD_CDC_SetTxBuffer)
    USBD_CDC_TransmitPacket                  0x0800a495   Thumb Code    76  usbd_cdc.o(i.USBD_CDC_TransmitPacket)
    USBD_ClrClassConfig                      0x0800a4e5   Thumb Code    20  usbd_core.o(i.USBD_ClrClassConfig)
    USBD_CoreFindEP                          0x0800a4f9   Thumb Code     4  usbd_core.o(i.USBD_CoreFindEP)
    USBD_CoreFindIF                          0x0800a4fd   Thumb Code     4  usbd_core.o(i.USBD_CoreFindIF)
    USBD_CtlContinueRx                       0x0800a501   Thumb Code    16  usbd_ioreq.o(i.USBD_CtlContinueRx)
    USBD_CtlContinueSendData                 0x0800a511   Thumb Code    16  usbd_ioreq.o(i.USBD_CtlContinueSendData)
    USBD_CtlError                            0x0800a521   Thumb Code    22  usbd_ctlreq.o(i.USBD_CtlError)
    USBD_CtlPrepareRx                        0x0800a537   Thumb Code    30  usbd_ioreq.o(i.USBD_CtlPrepareRx)
    USBD_CtlReceiveStatus                    0x0800a555   Thumb Code    22  usbd_ioreq.o(i.USBD_CtlReceiveStatus)
    USBD_CtlSendData                         0x0800a56b   Thumb Code    26  usbd_ioreq.o(i.USBD_CtlSendData)
    USBD_CtlSendStatus                       0x0800a585   Thumb Code    22  usbd_ioreq.o(i.USBD_CtlSendStatus)
    USBD_FS_ConfigStrDescriptor              0x0800a59d   Thumb Code    16  usbd_desc.o(i.USBD_FS_ConfigStrDescriptor)
    USBD_FS_DeviceDescriptor                 0x0800a5bd   Thumb Code     8  usbd_desc.o(i.USBD_FS_DeviceDescriptor)
    USBD_FS_InterfaceStrDescriptor           0x0800a5c9   Thumb Code    16  usbd_desc.o(i.USBD_FS_InterfaceStrDescriptor)
    USBD_FS_LangIDStrDescriptor              0x0800a5ed   Thumb Code     8  usbd_desc.o(i.USBD_FS_LangIDStrDescriptor)
    USBD_FS_ManufacturerStrDescriptor        0x0800a5f9   Thumb Code    16  usbd_desc.o(i.USBD_FS_ManufacturerStrDescriptor)
    USBD_FS_ProductStrDescriptor             0x0800a621   Thumb Code    16  usbd_desc.o(i.USBD_FS_ProductStrDescriptor)
    USBD_FS_SerialStrDescriptor              0x0800a64d   Thumb Code    48  usbd_desc.o(i.USBD_FS_SerialStrDescriptor)
    USBD_GetEpDesc                           0x0800a77f   Thumb Code    58  usbd_core.o(i.USBD_GetEpDesc)
    USBD_GetNextDesc                         0x0800a7cd   Thumb Code    14  usbd_core.o(i.USBD_GetNextDesc)
    USBD_GetString                           0x0800a7db   Thumb Code    78  usbd_ctlreq.o(i.USBD_GetString)
    USBD_Get_USB_Status                      0x0800a829   Thumb Code    24  usbd_conf.o(i.USBD_Get_USB_Status)
    USBD_Init                                0x0800a841   Thumb Code    38  usbd_core.o(i.USBD_Init)
    USBD_LL_ClearStallEP                     0x0800a867   Thumb Code    18  usbd_conf.o(i.USBD_LL_ClearStallEP)
    USBD_LL_CloseEP                          0x0800a879   Thumb Code    18  usbd_conf.o(i.USBD_LL_CloseEP)
    USBD_LL_DataInStage                      0x0800a88b   Thumb Code   178  usbd_core.o(i.USBD_LL_DataInStage)
    USBD_LL_DataOutStage                     0x0800a93d   Thumb Code   150  usbd_core.o(i.USBD_LL_DataOutStage)
    USBD_LL_DevConnected                     0x0800a9d3   Thumb Code     4  usbd_core.o(i.USBD_LL_DevConnected)
    USBD_LL_DevDisconnected                  0x0800a9d7   Thumb Code    30  usbd_core.o(i.USBD_LL_DevDisconnected)
    USBD_LL_GetRxDataSize                    0x0800a9f5   Thumb Code     8  usbd_conf.o(i.USBD_LL_GetRxDataSize)
    USBD_LL_Init                             0x0800a9fd   Thumb Code    90  usbd_conf.o(i.USBD_LL_Init)
    USBD_LL_IsStallEP                        0x0800aa61   Thumb Code    30  usbd_conf.o(i.USBD_LL_IsStallEP)
    USBD_LL_IsoINIncomplete                  0x0800aa7f   Thumb Code    40  usbd_core.o(i.USBD_LL_IsoINIncomplete)
    USBD_LL_IsoOUTIncomplete                 0x0800aaa7   Thumb Code    40  usbd_core.o(i.USBD_LL_IsoOUTIncomplete)
    USBD_LL_OpenEP                           0x0800aacf   Thumb Code    24  usbd_conf.o(i.USBD_LL_OpenEP)
    USBD_LL_PrepareReceive                   0x0800aae7   Thumb Code    18  usbd_conf.o(i.USBD_LL_PrepareReceive)
    USBD_LL_Reset                            0x0800aaf9   Thumb Code    92  usbd_core.o(i.USBD_LL_Reset)
    USBD_LL_Resume                           0x0800ab55   Thumb Code    20  usbd_core.o(i.USBD_LL_Resume)
    USBD_LL_SOF                              0x0800ab69   Thumb Code    26  usbd_core.o(i.USBD_LL_SOF)
    USBD_LL_SetSpeed                         0x0800ab83   Thumb Code     6  usbd_core.o(i.USBD_LL_SetSpeed)
    USBD_LL_SetUSBAddress                    0x0800ab89   Thumb Code    18  usbd_conf.o(i.USBD_LL_SetUSBAddress)
    USBD_LL_SetupStage                       0x0800ab9b   Thumb Code    96  usbd_core.o(i.USBD_LL_SetupStage)
    USBD_LL_StallEP                          0x0800abfb   Thumb Code    18  usbd_conf.o(i.USBD_LL_StallEP)
    USBD_LL_Start                            0x0800ac0d   Thumb Code    18  usbd_conf.o(i.USBD_LL_Start)
    USBD_LL_Suspend                          0x0800ac1f   Thumb Code    26  usbd_core.o(i.USBD_LL_Suspend)
    USBD_LL_Transmit                         0x0800ac39   Thumb Code    18  usbd_conf.o(i.USBD_LL_Transmit)
    USBD_ParseSetupRequest                   0x0800ac4b   Thumb Code    46  usbd_ctlreq.o(i.USBD_ParseSetupRequest)
    USBD_RegisterClass                       0x0800ac79   Thumb Code    58  usbd_core.o(i.USBD_RegisterClass)
    USBD_SetClassConfig                      0x0800acb3   Thumb Code    20  usbd_core.o(i.USBD_SetClassConfig)
    USBD_Start                               0x0800ad81   Thumb Code     4  usbd_core.o(i.USBD_Start)
    USBD_StdDevReq                           0x0800ad85   Thumb Code   300  usbd_ctlreq.o(i.USBD_StdDevReq)
    USBD_StdEPReq                            0x0800aeb1   Thumb Code   352  usbd_ctlreq.o(i.USBD_StdEPReq)
    USBD_StdItfReq                           0x0800b011   Thumb Code   114  usbd_ctlreq.o(i.USBD_StdItfReq)
    USBD_static_free                         0x0800b083   Thumb Code     2  usbd_conf.o(i.USBD_static_free)
    USBD_static_malloc                       0x0800b085   Thumb Code     4  usbd_conf.o(i.USBD_static_malloc)
    USB_ActivateEndpoint                     0x0800b08d   Thumb Code   122  stm32h7xx_ll_usb.o(i.USB_ActivateEndpoint)
    USB_ActivateSetup                        0x0800b10d   Thumb Code    28  stm32h7xx_ll_usb.o(i.USB_ActivateSetup)
    USB_CoreInit                             0x0800b129   Thumb Code   140  stm32h7xx_ll_usb.o(i.USB_CoreInit)
    USB_DeactivateEndpoint                   0x0800b1f9   Thumb Code   198  stm32h7xx_ll_usb.o(i.USB_DeactivateEndpoint)
    USB_DevConnect                           0x0800b2c9   Thumb Code    28  stm32h7xx_ll_usb.o(i.USB_DevConnect)
    USB_DevDisconnect                        0x0800b2e5   Thumb Code    28  stm32h7xx_ll_usb.o(i.USB_DevDisconnect)
    USB_DevInit                              0x0800b301   Thumb Code   356  stm32h7xx_ll_usb.o(i.USB_DevInit)
    USB_DisableGlobalInt                     0x0800b46d   Thumb Code    12  stm32h7xx_ll_usb.o(i.USB_DisableGlobalInt)
    USB_EP0_OutStart                         0x0800b479   Thumb Code    84  stm32h7xx_ll_usb.o(i.USB_EP0_OutStart)
    USB_EPClearStall                         0x0800b4d1   Thumb Code    88  stm32h7xx_ll_usb.o(i.USB_EPClearStall)
    USB_EPSetStall                           0x0800b529   Thumb Code    88  stm32h7xx_ll_usb.o(i.USB_EPSetStall)
    USB_EPStartXfer                          0x0800b581   Thumb Code   562  stm32h7xx_ll_usb.o(i.USB_EPStartXfer)
    USB_EPStopXfer                           0x0800b7b9   Thumb Code   156  stm32h7xx_ll_usb.o(i.USB_EPStopXfer)
    USB_EnableGlobalInt                      0x0800b855   Thumb Code    12  stm32h7xx_ll_usb.o(i.USB_EnableGlobalInt)
    USB_FlushRxFifo                          0x0800b861   Thumb Code    56  stm32h7xx_ll_usb.o(i.USB_FlushRxFifo)
    USB_FlushTxFifo                          0x0800b899   Thumb Code    60  stm32h7xx_ll_usb.o(i.USB_FlushTxFifo)
    USB_GetDevSpeed                          0x0800b8d5   Thumb Code    26  stm32h7xx_ll_usb.o(i.USB_GetDevSpeed)
    USB_GetMode                              0x0800b8ef   Thumb Code     8  stm32h7xx_ll_usb.o(i.USB_GetMode)
    USB_ReadDevAllInEpInterrupt              0x0800b8f7   Thumb Code    14  stm32h7xx_ll_usb.o(i.USB_ReadDevAllInEpInterrupt)
    USB_ReadDevAllOutEpInterrupt             0x0800b905   Thumb Code    14  stm32h7xx_ll_usb.o(i.USB_ReadDevAllOutEpInterrupt)
    USB_ReadDevInEPInterrupt                 0x0800b913   Thumb Code    36  stm32h7xx_ll_usb.o(i.USB_ReadDevInEPInterrupt)
    USB_ReadDevOutEPInterrupt                0x0800b937   Thumb Code    16  stm32h7xx_ll_usb.o(i.USB_ReadDevOutEPInterrupt)
    USB_ReadInterrupts                       0x0800b947   Thumb Code     8  stm32h7xx_ll_usb.o(i.USB_ReadInterrupts)
    USB_ReadPacket                           0x0800b94f   Thumb Code    62  stm32h7xx_ll_usb.o(i.USB_ReadPacket)
    USB_SetCurrentMode                       0x0800b98d   Thumb Code    92  stm32h7xx_ll_usb.o(i.USB_SetCurrentMode)
    USB_SetDevAddress                        0x0800b9e9   Thumb Code    34  stm32h7xx_ll_usb.o(i.USB_SetDevAddress)
    USB_SetTurnaroundTime                    0x0800ba0d   Thumb Code   158  stm32h7xx_ll_usb.o(i.USB_SetTurnaroundTime)
    USB_WritePacket                          0x0800baf5   Thumb Code    38  stm32h7xx_ll_usb.o(i.USB_WritePacket)
    UsageFault_Handler                       0x0800bb1b   Thumb Code     2  stm32h7xx_it.o(i.UsageFault_Handler)
    main                                     0x0800bb3d   Thumb Code   164  main.o(i.main)
    _fp_init                                 0x0800bbe1   Thumb Code    10  fpinit.o(x$fpl$fpinit)
    __fplib_config_fpu_vfp                   0x0800bbe9   Thumb Code     0  fpinit.o(x$fpl$fpinit)
    __fplib_config_pureend_doubles           0x0800bbe9   Thumb Code     0  fpinit.o(x$fpl$fpinit)
    UARTPrescTable                           0x0800bc8c   Data          24  stm32h7xx_hal_uart.o(.constdata)
    D1CorePrescTable                         0x0800bcb4   Data          16  system_stm32h7xx.o(.constdata)
    Region$$Table$$Base                      0x0800bcc4   Number         0  anon$$obj.o(Region$$Table)
    Region$$Table$$Limit                     0x0800bce4   Number         0  anon$$obj.o(Region$$Table)
    FS_Desc                                  0x24000028   Data          32  usbd_desc.o(.data)
    USBD_LangIDDesc                          0x24000048   Data           4  usbd_desc.o(.data)
    USBD_FS_DeviceDesc                       0x2400004c   Data          18  usbd_desc.o(.data)
    USBD_StringSerial                        0x24000060   Data          26  usbd_desc.o(.data)
    USBD_Interface_fops_FS                   0x2400007c   Data          20  usbd_cdc_if.o(.data)
    uwTickFreq                               0x24000090   Data           1  stm32h7xx_hal.o(.data)
    uwTickPrio                               0x24000094   Data           4  stm32h7xx_hal.o(.data)
    uwTick                                   0x24000098   Data           4  stm32h7xx_hal.o(.data)
    SystemCoreClock                          0x2400009c   Data           4  system_stm32h7xx.o(.data)
    SystemD2Clock                            0x240000a0   Data           4  system_stm32h7xx.o(.data)
    USBD_CDC                                 0x240000fc   Data          56  usbd_cdc.o(.data)
    g_rx_buffer                              0x2400056c   Data         512  usbcol.o(.bss)
    g_can_tx_ok                              0x24000908   Data          12  system_control.o(.bss)
    g_can_tx_fail                            0x24000914   Data          12  system_control.o(.bss)
    g_motor_params                           0x24000974   Data         240  system_control.o(.bss)
    hadc1                                    0x24000d24   Data         100  adc.o(.bss)
    hfdcan1                                  0x24000d88   Data         160  fdcan.o(.bss)
    hspi1                                    0x24000e28   Data         136  spi.o(.bss)
    hdma_spi1_tx                             0x24000eb0   Data         120  spi.o(.bss)
    hdma_spi1_rx                             0x24000f28   Data         120  spi.o(.bss)
    htim6                                    0x24000fa0   Data          76  tim.o(.bss)
    htim17                                   0x24000fec   Data          76  tim.o(.bss)
    huart4                                   0x24001038   Data         148  usart.o(.bss)
    hUsbDeviceFS                             0x240010cc   Data         732  usb_device.o(.bss)
    USBD_StrDesc                             0x240013a8   Data         512  usbd_desc.o(.bss)
    UserRxBufferFS                           0x240015a8   Data        2048  usbd_cdc_if.o(.bss)
    UserTxBufferFS                           0x24001da8   Data        2048  usbd_cdc_if.o(.bss)
    hpcd_USB_OTG_FS                          0x240027c8   Data        1252  usbd_conf.o(.bss)
    pFlash                                   0x24002cac   Data          28  stm32h7xx_hal_flash.o(.bss)
    __libspace_start                         0x24002cc8   Data          96  libspace.o(.bss)
    __temporary_stack_top$libspace           0x24002d28   Data           0  libspace.o(.bss)



==============================================================================

Memory Map of the image

  Image Entry point : 0x08000299

  Load Region LR_IROM1 (Base: 0x08000000, Size: 0x0000be18, Max: 0x00200000, ABSOLUTE, COMPRESSED[0x0000bda0])

    Execution Region ER_IROM1 (Exec base: 0x08000000, Load base: 0x08000000, Size: 0x0000bce4, Max: 0x00200000, ABSOLUTE)

    Exec Addr    Load Addr    Size         Type   Attr      Idx    E Section Name        Object

    0x08000000   0x08000000   0x00000298   Data   RO            3    RESET               startup_stm32h743xx.o
    0x08000298   0x08000298   0x00000008   Code   RO         8424  * !!!main             c_w.l(__main.o)
    0x080002a0   0x080002a0   0x00000034   Code   RO         8787    !!!scatter          c_w.l(__scatter.o)
    0x080002d4   0x080002d4   0x0000005a   Code   RO         8785    !!dczerorl2         c_w.l(__dczerorl2.o)
    0x0800032e   0x0800032e   0x00000002   PAD
    0x08000330   0x08000330   0x0000001c   Code   RO         8789    !!handler_zi        c_w.l(__scatter_zi.o)
    0x0800034c   0x0800034c   0x00000002   Code   RO         8574    .ARM.Collect$$libinit$$00000000  c_w.l(libinit.o)
    0x0800034e   0x0800034e   0x00000004   Code   RO         8575    .ARM.Collect$$libinit$$00000001  c_w.l(libinit2.o)
    0x08000352   0x08000352   0x00000000   Code   RO         8578    .ARM.Collect$$libinit$$00000004  c_w.l(libinit2.o)
    0x08000352   0x08000352   0x00000000   Code   RO         8581    .ARM.Collect$$libinit$$0000000A  c_w.l(libinit2.o)
    0x08000352   0x08000352   0x00000000   Code   RO         8583    .ARM.Collect$$libinit$$0000000C  c_w.l(libinit2.o)
    0x08000352   0x08000352   0x00000000   Code   RO         8585    .ARM.Collect$$libinit$$0000000E  c_w.l(libinit2.o)
    0x08000352   0x08000352   0x00000000   Code   RO         8588    .ARM.Collect$$libinit$$00000011  c_w.l(libinit2.o)
    0x08000352   0x08000352   0x00000000   Code   RO         8590    .ARM.Collect$$libinit$$00000013  c_w.l(libinit2.o)
    0x08000352   0x08000352   0x00000000   Code   RO         8592    .ARM.Collect$$libinit$$00000015  c_w.l(libinit2.o)
    0x08000352   0x08000352   0x00000000   Code   RO         8594    .ARM.Collect$$libinit$$00000017  c_w.l(libinit2.o)
    0x08000352   0x08000352   0x00000000   Code   RO         8596    .ARM.Collect$$libinit$$00000019  c_w.l(libinit2.o)
    0x08000352   0x08000352   0x00000000   Code   RO         8598    .ARM.Collect$$libinit$$0000001B  c_w.l(libinit2.o)
    0x08000352   0x08000352   0x00000000   Code   RO         8600    .ARM.Collect$$libinit$$0000001D  c_w.l(libinit2.o)
    0x08000352   0x08000352   0x00000000   Code   RO         8602    .ARM.Collect$$libinit$$0000001F  c_w.l(libinit2.o)
    0x08000352   0x08000352   0x00000000   Code   RO         8604    .ARM.Collect$$libinit$$00000021  c_w.l(libinit2.o)
    0x08000352   0x08000352   0x00000000   Code   RO         8606    .ARM.Collect$$libinit$$00000023  c_w.l(libinit2.o)
    0x08000352   0x08000352   0x00000000   Code   RO         8608    .ARM.Collect$$libinit$$00000025  c_w.l(libinit2.o)
    0x08000352   0x08000352   0x00000000   Code   RO         8612    .ARM.Collect$$libinit$$0000002C  c_w.l(libinit2.o)
    0x08000352   0x08000352   0x00000000   Code   RO         8614    .ARM.Collect$$libinit$$0000002E  c_w.l(libinit2.o)
    0x08000352   0x08000352   0x00000000   Code   RO         8616    .ARM.Collect$$libinit$$00000030  c_w.l(libinit2.o)
    0x08000352   0x08000352   0x00000000   Code   RO         8618    .ARM.Collect$$libinit$$00000032  c_w.l(libinit2.o)
    0x08000352   0x08000352   0x00000002   Code   RO         8619    .ARM.Collect$$libinit$$00000033  c_w.l(libinit2.o)
    0x08000354   0x08000354   0x00000002   Code   RO         8766    .ARM.Collect$$libshutdown$$00000000  c_w.l(libshutdown.o)
    0x08000356   0x08000356   0x00000000   Code   RO         8621    .ARM.Collect$$libshutdown$$00000002  c_w.l(libshutdown2.o)
    0x08000356   0x08000356   0x00000000   Code   RO         8623    .ARM.Collect$$libshutdown$$00000004  c_w.l(libshutdown2.o)
    0x08000356   0x08000356   0x00000000   Code   RO         8625    .ARM.Collect$$libshutdown$$00000006  c_w.l(libshutdown2.o)
    0x08000356   0x08000356   0x00000000   Code   RO         8628    .ARM.Collect$$libshutdown$$00000009  c_w.l(libshutdown2.o)
    0x08000356   0x08000356   0x00000000   Code   RO         8631    .ARM.Collect$$libshutdown$$0000000C  c_w.l(libshutdown2.o)
    0x08000356   0x08000356   0x00000000   Code   RO         8633    .ARM.Collect$$libshutdown$$0000000E  c_w.l(libshutdown2.o)
    0x08000356   0x08000356   0x00000000   Code   RO         8636    .ARM.Collect$$libshutdown$$00000011  c_w.l(libshutdown2.o)
    0x08000356   0x08000356   0x00000002   Code   RO         8637    .ARM.Collect$$libshutdown$$00000012  c_w.l(libshutdown2.o)
    0x08000358   0x08000358   0x00000000   Code   RO         8426    .ARM.Collect$$rtentry$$00000000  c_w.l(__rtentry.o)
    0x08000358   0x08000358   0x00000000   Code   RO         8449    .ARM.Collect$$rtentry$$00000002  c_w.l(__rtentry2.o)
    0x08000358   0x08000358   0x00000006   Code   RO         8461    .ARM.Collect$$rtentry$$00000004  c_w.l(__rtentry4.o)
    0x0800035e   0x0800035e   0x00000000   Code   RO         8451    .ARM.Collect$$rtentry$$00000009  c_w.l(__rtentry2.o)
    0x0800035e   0x0800035e   0x00000004   Code   RO         8452    .ARM.Collect$$rtentry$$0000000A  c_w.l(__rtentry2.o)
    0x08000362   0x08000362   0x00000000   Code   RO         8454    .ARM.Collect$$rtentry$$0000000C  c_w.l(__rtentry2.o)
    0x08000362   0x08000362   0x00000008   Code   RO         8455    .ARM.Collect$$rtentry$$0000000D  c_w.l(__rtentry2.o)
    0x0800036a   0x0800036a   0x00000002   Code   RO         8646    .ARM.Collect$$rtexit$$00000000  c_w.l(rtexit.o)
    0x0800036c   0x0800036c   0x00000000   Code   RO         8704    .ARM.Collect$$rtexit$$00000002  c_w.l(rtexit2.o)
    0x0800036c   0x0800036c   0x00000004   Code   RO         8705    .ARM.Collect$$rtexit$$00000003  c_w.l(rtexit2.o)
    0x08000370   0x08000370   0x00000006   Code   RO         8706    .ARM.Collect$$rtexit$$00000004  c_w.l(rtexit2.o)
    0x08000376   0x08000376   0x00000002   PAD
    0x08000378   0x08000378   0x00000048   Code   RO            4    .text               startup_stm32h743xx.o
    0x080003c0   0x080003c0   0x000000ee   Code   RO         8351    .text               c_w.l(lludivv7m.o)
    0x080004ae   0x080004ae   0x0000008a   Code   RO         8412    .text               c_w.l(rt_memcpy_v6.o)
    0x08000538   0x08000538   0x00000064   Code   RO         8414    .text               c_w.l(rt_memcpy_w.o)
    0x0800059c   0x0800059c   0x00000010   Code   RO         8416    .text               c_w.l(aeabi_memset.o)
    0x080005ac   0x080005ac   0x00000044   Code   RO         8418    .text               c_w.l(rt_memclr.o)
    0x080005f0   0x080005f0   0x0000004e   Code   RO         8420    .text               c_w.l(rt_memclr_w.o)
    0x0800063e   0x0800063e   0x00000006   Code   RO         8422    .text               c_w.l(heapauxi.o)
    0x08000644   0x08000644   0x0000004a   Code   RO         8488    .text               c_w.l(sys_stackheap_outer.o)
    0x0800068e   0x0800068e   0x00000012   Code   RO         8559    .text               c_w.l(exit.o)
    0x080006a0   0x080006a0   0x00000008   Code   RO         8640    .text               c_w.l(libspace.o)
    0x080006a8   0x080006a8   0x00000002   Code   RO         8643    .text               c_w.l(use_no_semi.o)
    0x080006aa   0x080006aa   0x00000000   Code   RO         8645    .text               c_w.l(indicate_semi.o)
    0x080006aa   0x080006aa   0x00000002   PAD
    0x080006ac   0x080006ac   0x0000000c   Code   RO         8701    .text               c_w.l(sys_exit.o)
    0x080006b8   0x080006b8   0x00000108   Code   RO         4947    i.ADC_ConfigureBoostMode  stm32h7xx_hal_adc.o
    0x080007c0   0x080007c0   0x0000000c   Code   RO           13    i.BEEP_Off          led.o
    0x080007cc   0x080007cc   0x00000008   Code   RO           14    i.BEEP_On           led.o
    0x080007d4   0x080007d4   0x0000000c   Code   RO           15    i.Beep_Init         led.o
    0x080007e0   0x080007e0   0x000000c0   Code   RO          837    i.Blink_Update      system_control.o
    0x080008a0   0x080008a0   0x00000002   Code   RO         1348    i.BusFault_Handler  stm32h7xx_it.o
    0x080008a2   0x080008a2   0x00000002   PAD
    0x080008a4   0x080008a4   0x0000002c   Code   RO           16    i.Buzzer_Beep       led.o
    0x080008d0   0x080008d0   0x0000006c   Code   RO          838    i.CAN_SendFrame     system_control.o
    0x0800093c   0x0800093c   0x00000004   Code   RO         1654    i.CDC_Control_FS    usbd_cdc_if.o
    0x08000940   0x08000940   0x00000004   Code   RO         1655    i.CDC_DeInit_FS     usbd_cdc_if.o
    0x08000944   0x08000944   0x00000024   Code   RO         1656    i.CDC_Init_FS       usbd_cdc_if.o
    0x08000968   0x08000968   0x00000024   Code   RO         1657    i.CDC_Receive_FS    usbd_cdc_if.o
    0x0800098c   0x0800098c   0x0000000a   Code   RO         1658    i.CDC_TransmitCplt_FS  usbd_cdc_if.o
    0x08000996   0x08000996   0x00000002   PAD
    0x08000998   0x08000998   0x0000002c   Code   RO         1659    i.CDC_Transmit_FS   usbd_cdc_if.o
    0x080009c4   0x080009c4   0x00000034   Code   RO          931    i.Calib_CRC32       motor_calib.o
    0x080009f8   0x080009f8   0x000000dc   Code   RO          932    i.Calib_FinalizeBoot  motor_calib.o
    0x08000ad4   0x08000ad4   0x00000088   Code   RO          933    i.Calib_FinalizeCalib  motor_calib.o
    0x08000b5c   0x08000b5c   0x0000008c   Code   RO          934    i.Calib_FlashWrite  motor_calib.o
    0x08000be8   0x08000be8   0x0000000c   Code   RO         1349    i.DMA1_Stream1_IRQHandler  stm32h7xx_it.o
    0x08000bf4   0x08000bf4   0x0000000c   Code   RO         1350    i.DMA1_Stream2_IRQHandler  stm32h7xx_it.o
    0x08000c00   0x08000c00   0x000000b8   Code   RO         3177    i.DMA_CalcBaseAndBitshift  stm32h7xx_hal_dma.o
    0x08000cb8   0x08000cb8   0x000000a0   Code   RO         3178    i.DMA_CalcDMAMUXChannelBaseAndMask  stm32h7xx_hal_dma.o
    0x08000d58   0x08000d58   0x0000007c   Code   RO         3179    i.DMA_CalcDMAMUXRequestGenBaseAndMask  stm32h7xx_hal_dma.o
    0x08000dd4   0x08000dd4   0x00000054   Code   RO         3180    i.DMA_CheckFifoParam  stm32h7xx_hal_dma.o
    0x08000e28   0x08000e28   0x00000220   Code   RO         3181    i.DMA_SetConfig     stm32h7xx_hal_dma.o
    0x08001048   0x08001048   0x00000002   Code   RO         1351    i.DebugMon_Handler  stm32h7xx_it.o
    0x0800104a   0x0800104a   0x00000004   Code   RO         1015    i.Error_Handler     main.o
    0x0800104e   0x0800104e   0x00000002   PAD
    0x08001050   0x08001050   0x0000001c   Code   RO         7890    i.ExitRun0Mode      system_stm32h7xx.o
    0x0800106c   0x0800106c   0x0000000c   Code   RO         1352    i.FDCAN1_IT0_IRQHandler  stm32h7xx_it.o
    0x08001078   0x08001078   0x0000000c   Code   RO         1353    i.FDCAN_CAL_IRQHandler  stm32h7xx_it.o
    0x08001084   0x08001084   0x000001c0   Code   RO         5398    i.FDCAN_CalcultateRamBlockAddresses  stm32h7xx_hal_fdcan.o
    0x08001244   0x08001244   0x00000070   Code   RO         5399    i.FDCAN_CopyMessageToRAM  stm32h7xx_hal_fdcan.o
    0x080012b4   0x080012b4   0x00000014   Code   RO          378    i.FDCAN_GetAllMotorFeedback  fdcan_handler.o
    0x080012c8   0x080012c8   0x00000064   Code   RO          380    i.FDCAN_Handler_Init  fdcan_handler.o
    0x0800132c   0x0800132c   0x00000044   Code   RO         2931    i.FLASH_Erase_Sector  stm32h7xx_hal_flash_ex.o
    0x08001370   0x08001370   0x0000007c   Code   RO         2932    i.FLASH_MassErase   stm32h7xx_hal_flash_ex.o
    0x080013ec   0x080013ec   0x000000c8   Code   RO         2823    i.FLASH_WaitForLastOperation  stm32h7xx_hal_flash.o
    0x080014b4   0x080014b4   0x00000120   Code   RO         5189    i.HAL_ADCEx_MultiModeConfigChannel  stm32h7xx_hal_adc_ex.o
    0x080015d4   0x080015d4   0x0000041c   Code   RO         4955    i.HAL_ADC_ConfigChannel  stm32h7xx_hal_adc.o
    0x080019f0   0x080019f0   0x00000220   Code   RO         4964    i.HAL_ADC_Init      stm32h7xx_hal_adc.o
    0x08001c10   0x08001c10   0x00000060   Code   RO         1103    i.HAL_ADC_MspInit   adc.o
    0x08001c70   0x08001c70   0x00000360   Code   RO         3182    i.HAL_DMA_Abort     stm32h7xx_hal_dma.o
    0x08001fd0   0x08001fd0   0x0000026c   Code   RO         3183    i.HAL_DMA_Abort_IT  stm32h7xx_hal_dma.o
    0x0800223c   0x0800223c   0x00000004   Code   RO         3185    i.HAL_DMA_GetError  stm32h7xx_hal_dma.o
    0x08002240   0x08002240   0x000006f4   Code   RO         3187    i.HAL_DMA_IRQHandler  stm32h7xx_hal_dma.o
    0x08002934   0x08002934   0x000003b0   Code   RO         3188    i.HAL_DMA_Init      stm32h7xx_hal_dma.o
    0x08002ce4   0x08002ce4   0x000002b4   Code   RO         3192    i.HAL_DMA_Start_IT  stm32h7xx_hal_dma.o
    0x08002f98   0x08002f98   0x00000024   Code   RO         4044    i.HAL_Delay         stm32h7xx_hal.o
    0x08002fbc   0x08002fbc   0x00000084   Code   RO         5401    i.HAL_FDCAN_ActivateNotification  stm32h7xx_hal_fdcan.o
    0x08003040   0x08003040   0x00000066   Code   RO         5403    i.HAL_FDCAN_AddMessageToTxFifoQ  stm32h7xx_hal_fdcan.o
    0x080030a6   0x080030a6   0x00000002   Code   RO         5404    i.HAL_FDCAN_ClockCalibrationCallback  stm32h7xx_hal_fdcan.o
    0x080030a8   0x080030a8   0x0000007e   Code   RO         5408    i.HAL_FDCAN_ConfigFilter  stm32h7xx_hal_fdcan.o
    0x08003126   0x08003126   0x00000002   Code   RO         5430    i.HAL_FDCAN_ErrorCallback  stm32h7xx_hal_fdcan.o
    0x08003128   0x08003128   0x00000002   Code   RO         5431    i.HAL_FDCAN_ErrorStatusCallback  stm32h7xx_hal_fdcan.o
    0x0800312a   0x0800312a   0x00000002   PAD
    0x0800312c   0x0800312c   0x0000016c   Code   RO         5442    i.HAL_FDCAN_GetRxMessage  stm32h7xx_hal_fdcan.o
    0x08003298   0x08003298   0x00000002   Code   RO         5448    i.HAL_FDCAN_HighPriorityMessageCallback  stm32h7xx_hal_fdcan.o
    0x0800329a   0x0800329a   0x00000002   PAD
    0x0800329c   0x0800329c   0x000002e0   Code   RO         5449    i.HAL_FDCAN_IRQHandler  stm32h7xx_hal_fdcan.o
    0x0800357c   0x0800357c   0x00000244   Code   RO         5450    i.HAL_FDCAN_Init    stm32h7xx_hal_fdcan.o
    0x080037c0   0x080037c0   0x000000c0   Code   RO         1169    i.HAL_FDCAN_MspInit  fdcan.o
    0x08003880   0x08003880   0x00000002   Code   RO         5459    i.HAL_FDCAN_RxBufferNewMessageCallback  stm32h7xx_hal_fdcan.o
    0x08003882   0x08003882   0x00000002   PAD
    0x08003884   0x08003884   0x00000050   Code   RO          386    i.HAL_FDCAN_RxFifo0Callback  fdcan_handler.o
    0x080038d4   0x080038d4   0x00000002   Code   RO         5461    i.HAL_FDCAN_RxFifo1Callback  stm32h7xx_hal_fdcan.o
    0x080038d6   0x080038d6   0x00000032   Code   RO         5462    i.HAL_FDCAN_Start   stm32h7xx_hal_fdcan.o
    0x08003908   0x08003908   0x00000002   Code   RO         5484    i.HAL_FDCAN_TT_GlobalTimeCallback  stm32h7xx_hal_fdcan.o
    0x0800390a   0x0800390a   0x00000002   Code   RO         5485    i.HAL_FDCAN_TT_ScheduleSyncCallback  stm32h7xx_hal_fdcan.o
    0x0800390c   0x0800390c   0x00000002   Code   RO         5490    i.HAL_FDCAN_TT_StopWatchCallback  stm32h7xx_hal_fdcan.o
    0x0800390e   0x0800390e   0x00000002   Code   RO         5491    i.HAL_FDCAN_TT_TimeMarkCallback  stm32h7xx_hal_fdcan.o
    0x08003910   0x08003910   0x00000002   Code   RO         5492    i.HAL_FDCAN_TimeoutOccurredCallback  stm32h7xx_hal_fdcan.o
    0x08003912   0x08003912   0x00000002   Code   RO         5493    i.HAL_FDCAN_TimestampWraparoundCallback  stm32h7xx_hal_fdcan.o
    0x08003914   0x08003914   0x00000002   Code   RO         5494    i.HAL_FDCAN_TxBufferAbortCallback  stm32h7xx_hal_fdcan.o
    0x08003916   0x08003916   0x00000002   Code   RO         5495    i.HAL_FDCAN_TxBufferCompleteCallback  stm32h7xx_hal_fdcan.o
    0x08003918   0x08003918   0x00000002   Code   RO         5496    i.HAL_FDCAN_TxEventFifoCallback  stm32h7xx_hal_fdcan.o
    0x0800391a   0x0800391a   0x00000002   Code   RO         5497    i.HAL_FDCAN_TxFifoEmptyCallback  stm32h7xx_hal_fdcan.o
    0x0800391c   0x0800391c   0x00000114   Code   RO         2935    i.HAL_FLASHEx_Erase  stm32h7xx_hal_flash_ex.o
    0x08003a30   0x08003a30   0x00000030   Code   RO         2827    i.HAL_FLASH_Lock    stm32h7xx_hal_flash.o
    0x08003a60   0x08003a60   0x000000c0   Code   RO         2832    i.HAL_FLASH_Program  stm32h7xx_hal_flash.o
    0x08003b20   0x08003b20   0x00000044   Code   RO         2834    i.HAL_FLASH_Unlock  stm32h7xx_hal_flash.o
    0x08003b64   0x08003b64   0x000001dc   Code   RO         3030    i.HAL_GPIO_Init     stm32h7xx_hal_gpio.o
    0x08003d40   0x08003d40   0x0000000a   Code   RO         3032    i.HAL_GPIO_ReadPin  stm32h7xx_hal_gpio.o
    0x08003d4a   0x08003d4a   0x0000000a   Code   RO         3034    i.HAL_GPIO_WritePin  stm32h7xx_hal_gpio.o
    0x08003d54   0x08003d54   0x0000000c   Code   RO         4055    i.HAL_GetREVID      stm32h7xx_hal.o
    0x08003d60   0x08003d60   0x0000000c   Code   RO         4056    i.HAL_GetTick       stm32h7xx_hal.o
    0x08003d6c   0x08003d6c   0x00000010   Code   RO         4062    i.HAL_IncTick       stm32h7xx_hal.o
    0x08003d7c   0x08003d7c   0x0000005c   Code   RO         4063    i.HAL_Init          stm32h7xx_hal.o
    0x08003dd8   0x08003dd8   0x00000040   Code   RO         4064    i.HAL_InitTick      stm32h7xx_hal.o
    0x08003e18   0x08003e18   0x00000054   Code   RO         3885    i.HAL_MPU_ConfigRegion  stm32h7xx_hal_cortex.o
    0x08003e6c   0x08003e6c   0x0000001c   Code   RO         3886    i.HAL_MPU_Disable   stm32h7xx_hal_cortex.o
    0x08003e88   0x08003e88   0x00000024   Code   RO         3888    i.HAL_MPU_Enable    stm32h7xx_hal_cortex.o
    0x08003eac   0x08003eac   0x0000001c   Code   RO         1472    i.HAL_MspInit       stm32h7xx_hal_msp.o
    0x08003ec8   0x08003ec8   0x0000001a   Code   RO         3892    i.HAL_NVIC_EnableIRQ  stm32h7xx_hal_cortex.o
    0x08003ee2   0x08003ee2   0x00000002   PAD
    0x08003ee4   0x08003ee4   0x00000040   Code   RO         3898    i.HAL_NVIC_SetPriority  stm32h7xx_hal_cortex.o
    0x08003f24   0x08003f24   0x00000024   Code   RO         3899    i.HAL_NVIC_SetPriorityGrouping  stm32h7xx_hal_cortex.o
    0x08003f48   0x08003f48   0x00000028   Code   RO         2159    i.HAL_PCDEx_ActivateLPM  stm32h7xx_hal_pcd_ex.o
    0x08003f70   0x08003f70   0x00000002   Code   RO         2164    i.HAL_PCDEx_LPM_Callback  stm32h7xx_hal_pcd_ex.o
    0x08003f72   0x08003f72   0x00000008   Code   RO         2165    i.HAL_PCDEx_SetRxFiFo  stm32h7xx_hal_pcd_ex.o
    0x08003f7a   0x08003f7a   0x00000044   Code   RO         2166    i.HAL_PCDEx_SetTxFiFo  stm32h7xx_hal_pcd_ex.o
    0x08003fbe   0x08003fbe   0x00000008   Code   RO         1715    i.HAL_PCD_ConnectCallback  usbd_conf.o
    0x08003fc6   0x08003fc6   0x00000012   Code   RO         1716    i.HAL_PCD_DataInStageCallback  usbd_conf.o
    0x08003fd8   0x08003fd8   0x00000014   Code   RO         1717    i.HAL_PCD_DataOutStageCallback  usbd_conf.o
    0x08003fec   0x08003fec   0x00000008   Code   RO         1718    i.HAL_PCD_DisconnectCallback  usbd_conf.o
    0x08003ff4   0x08003ff4   0x0000001e   Code   RO         1935    i.HAL_PCD_EP_Abort  stm32h7xx_hal_pcd.o
    0x08004012   0x08004012   0x0000004a   Code   RO         1936    i.HAL_PCD_EP_Close  stm32h7xx_hal_pcd.o
    0x0800405c   0x0800405c   0x0000005a   Code   RO         1937    i.HAL_PCD_EP_ClrStall  stm32h7xx_hal_pcd.o
    0x080040b6   0x080040b6   0x00000012   Code   RO         1939    i.HAL_PCD_EP_GetRxCount  stm32h7xx_hal_pcd.o
    0x080040c8   0x080040c8   0x00000062   Code   RO         1940    i.HAL_PCD_EP_Open   stm32h7xx_hal_pcd.o
    0x0800412a   0x0800412a   0x00000038   Code   RO         1941    i.HAL_PCD_EP_Receive  stm32h7xx_hal_pcd.o
    0x08004162   0x08004162   0x00000072   Code   RO         1942    i.HAL_PCD_EP_SetStall  stm32h7xx_hal_pcd.o
    0x080041d4   0x080041d4   0x00000032   Code   RO         1943    i.HAL_PCD_EP_Transmit  stm32h7xx_hal_pcd.o
    0x08004206   0x08004206   0x00000002   PAD
    0x08004208   0x08004208   0x00000584   Code   RO         1945    i.HAL_PCD_IRQHandler  stm32h7xx_hal_pcd.o
    0x0800478c   0x0800478c   0x00000008   Code   RO         1719    i.HAL_PCD_ISOINIncompleteCallback  usbd_conf.o
    0x08004794   0x08004794   0x00000008   Code   RO         1720    i.HAL_PCD_ISOOUTIncompleteCallback  usbd_conf.o
    0x0800479c   0x0800479c   0x000000cc   Code   RO         1948    i.HAL_PCD_Init      stm32h7xx_hal_pcd.o
    0x08004868   0x08004868   0x00000080   Code   RO         1722    i.HAL_PCD_MspInit   usbd_conf.o
    0x080048e8   0x080048e8   0x0000002c   Code   RO         1723    i.HAL_PCD_ResetCallback  usbd_conf.o
    0x08004914   0x08004914   0x00000008   Code   RO         1724    i.HAL_PCD_ResumeCallback  usbd_conf.o
    0x0800491c   0x0800491c   0x00000008   Code   RO         1725    i.HAL_PCD_SOFCallback  usbd_conf.o
    0x08004924   0x08004924   0x00000026   Code   RO         1954    i.HAL_PCD_SetAddress  stm32h7xx_hal_pcd.o
    0x0800494a   0x0800494a   0x0000000e   Code   RO         1726    i.HAL_PCD_SetupStageCallback  usbd_conf.o
    0x08004958   0x08004958   0x00000042   Code   RO         1957    i.HAL_PCD_Start     stm32h7xx_hal_pcd.o
    0x0800499a   0x0800499a   0x00000002   PAD
    0x0800499c   0x0800499c   0x00000030   Code   RO         1727    i.HAL_PCD_SuspendCallback  usbd_conf.o
    0x080049cc   0x080049cc   0x00000050   Code   RO         3631    i.HAL_PWREx_ConfigSupply  stm32h7xx_hal_pwr_ex.o
    0x08004a1c   0x08004a1c   0x00000010   Code   RO         3648    i.HAL_PWREx_EnableUSBVoltageDetector  stm32h7xx_hal_pwr_ex.o
    0x08004a2c   0x08004a2c   0x00000024   Code   RO         2651    i.HAL_RCCEx_GetD3PCLK1Freq  stm32h7xx_hal_rcc_ex.o
    0x08004a50   0x08004a50   0x00000158   Code   RO         2652    i.HAL_RCCEx_GetPLL1ClockFreq  stm32h7xx_hal_rcc_ex.o
    0x08004ba8   0x08004ba8   0x0000013c   Code   RO         2653    i.HAL_RCCEx_GetPLL2ClockFreq  stm32h7xx_hal_rcc_ex.o
    0x08004ce4   0x08004ce4   0x0000013c   Code   RO         2654    i.HAL_RCCEx_GetPLL3ClockFreq  stm32h7xx_hal_rcc_ex.o
    0x08004e20   0x08004e20   0x000002d8   Code   RO         2656    i.HAL_RCCEx_GetPeriphCLKFreq  stm32h7xx_hal_rcc_ex.o
    0x080050f8   0x080050f8   0x000009a8   Code   RO         2660    i.HAL_RCCEx_PeriphCLKConfig  stm32h7xx_hal_rcc_ex.o
    0x08005aa0   0x08005aa0   0x00000270   Code   RO         2536    i.HAL_RCC_ClockConfig  stm32h7xx_hal_rcc.o
    0x08005d10   0x08005d10   0x00000044   Code   RO         2541    i.HAL_RCC_GetHCLKFreq  stm32h7xx_hal_rcc.o
    0x08005d54   0x08005d54   0x00000024   Code   RO         2543    i.HAL_RCC_GetPCLK1Freq  stm32h7xx_hal_rcc.o
    0x08005d78   0x08005d78   0x00000024   Code   RO         2544    i.HAL_RCC_GetPCLK2Freq  stm32h7xx_hal_rcc.o
    0x08005d9c   0x08005d9c   0x00000130   Code   RO         2545    i.HAL_RCC_GetSysClockFreq  stm32h7xx_hal_rcc.o
    0x08005ecc   0x08005ecc   0x0000056e   Code   RO         2548    i.HAL_RCC_OscConfig  stm32h7xx_hal_rcc.o
    0x0800643a   0x0800643a   0x00000002   PAD
    0x0800643c   0x0800643c   0x00000018   Code   RO          756    i.HAL_SPI_ErrorCallback  u_spi.o
    0x08006454   0x08006454   0x00000220   Code   RO         6026    i.HAL_SPI_IRQHandler  stm32h7xx_hal_spi.o
    0x08006674   0x08006674   0x00000170   Code   RO         6027    i.HAL_SPI_Init      stm32h7xx_hal_spi.o
    0x080067e4   0x080067e4   0x0000014c   Code   RO         1211    i.HAL_SPI_MspInit   spi.o
    0x08006930   0x08006930   0x00000002   Code   RO         6033    i.HAL_SPI_RxCpltCallback  stm32h7xx_hal_spi.o
    0x08006932   0x08006932   0x00000002   Code   RO         6035    i.HAL_SPI_SuspendCallback  stm32h7xx_hal_spi.o
    0x08006934   0x08006934   0x000001fc   Code   RO         6038    i.HAL_SPI_TransmitReceive_DMA  stm32h7xx_hal_spi.o
    0x08006b30   0x08006b30   0x00000002   Code   RO         6042    i.HAL_SPI_TxCpltCallback  stm32h7xx_hal_spi.o
    0x08006b32   0x08006b32   0x00000002   PAD
    0x08006b34   0x08006b34   0x00000014   Code   RO          757    i.HAL_SPI_TxRxCpltCallback  u_spi.o
    0x08006b48   0x08006b48   0x00000002   Code   RO         6045    i.HAL_SPI_TxRxHalfCpltCallback  stm32h7xx_hal_spi.o
    0x08006b4a   0x08006b4a   0x00000028   Code   RO         3903    i.HAL_SYSTICK_Config  stm32h7xx_hal_cortex.o
    0x08006b72   0x08006b72   0x00000002   Code   RO         7061    i.HAL_TIMEx_Break2Callback  stm32h7xx_hal_tim_ex.o
    0x08006b74   0x08006b74   0x00000002   Code   RO         7062    i.HAL_TIMEx_BreakCallback  stm32h7xx_hal_tim_ex.o
    0x08006b76   0x08006b76   0x00000002   Code   RO         7063    i.HAL_TIMEx_CommutCallback  stm32h7xx_hal_tim_ex.o
    0x08006b78   0x08006b78   0x0000008c   Code   RO         7065    i.HAL_TIMEx_ConfigBreakDeadTime  stm32h7xx_hal_tim_ex.o
    0x08006c04   0x08006c04   0x000000a4   Code   RO         7083    i.HAL_TIMEx_MasterConfigSynchronization  stm32h7xx_hal_tim_ex.o
    0x08006ca8   0x08006ca8   0x00000062   Code   RO         6347    i.HAL_TIM_Base_Init  stm32h7xx_hal_tim.o
    0x08006d0a   0x08006d0a   0x00000002   PAD
    0x08006d0c   0x08006d0c   0x00000058   Code   RO         1253    i.HAL_TIM_Base_MspInit  tim.o
    0x08006d64   0x08006d64   0x0000008c   Code   RO         6352    i.HAL_TIM_Base_Start_IT  stm32h7xx_hal_tim.o
    0x08006df0   0x08006df0   0x00000002   Code   RO         6381    i.HAL_TIM_IC_CaptureCallback  stm32h7xx_hal_tim.o
    0x08006df2   0x08006df2   0x0000014a   Code   RO         6395    i.HAL_TIM_IRQHandler  stm32h7xx_hal_tim.o
    0x08006f3c   0x08006f3c   0x00000058   Code   RO         1254    i.HAL_TIM_MspPostInit  tim.o
    0x08006f94   0x08006f94   0x00000002   Code   RO         6398    i.HAL_TIM_OC_DelayElapsedCallback  stm32h7xx_hal_tim.o
    0x08006f96   0x08006f96   0x00000124   Code   RO         6419    i.HAL_TIM_PWM_ConfigChannel  stm32h7xx_hal_tim.o
    0x080070ba   0x080070ba   0x00000062   Code   RO         6422    i.HAL_TIM_PWM_Init  stm32h7xx_hal_tim.o
    0x0800711c   0x0800711c   0x00000002   Code   RO         6424    i.HAL_TIM_PWM_MspInit  stm32h7xx_hal_tim.o
    0x0800711e   0x0800711e   0x00000002   Code   RO         6425    i.HAL_TIM_PWM_PulseFinishedCallback  stm32h7xx_hal_tim.o
    0x08007120   0x08007120   0x0000011c   Code   RO         6427    i.HAL_TIM_PWM_Start  stm32h7xx_hal_tim.o
    0x0800723c   0x0800723c   0x000000ac   Code   RO         6430    i.HAL_TIM_PWM_Stop  stm32h7xx_hal_tim.o
    0x080072e8   0x080072e8   0x00000060   Code   RO          839    i.HAL_TIM_PeriodElapsedCallback  system_control.o
    0x08007348   0x08007348   0x00000002   Code   RO         6438    i.HAL_TIM_TriggerCallback  stm32h7xx_hal_tim.o
    0x0800734a   0x0800734a   0x0000003e   Code   RO         7772    i.HAL_UARTEx_DisableFifoMode  stm32h7xx_hal_uart_ex.o
    0x08007388   0x08007388   0x00000002   Code   RO         7361    i.HAL_UARTEx_RxEventCallback  stm32h7xx_hal_uart.o
    0x0800738a   0x0800738a   0x00000002   Code   RO         7780    i.HAL_UARTEx_RxFifoFullCallback  stm32h7xx_hal_uart_ex.o
    0x0800738c   0x0800738c   0x0000004c   Code   RO         7781    i.HAL_UARTEx_SetRxFifoThreshold  stm32h7xx_hal_uart_ex.o
    0x080073d8   0x080073d8   0x0000004c   Code   RO         7782    i.HAL_UARTEx_SetTxFifoThreshold  stm32h7xx_hal_uart_ex.o
    0x08007424   0x08007424   0x00000002   Code   RO         7784    i.HAL_UARTEx_TxFifoEmptyCallback  stm32h7xx_hal_uart_ex.o
    0x08007426   0x08007426   0x00000002   Code   RO         7785    i.HAL_UARTEx_WakeupCallback  stm32h7xx_hal_uart_ex.o
    0x08007428   0x08007428   0x00000002   Code   RO         7377    i.HAL_UART_ErrorCallback  stm32h7xx_hal_uart.o
    0x0800742a   0x0800742a   0x00000002   PAD
    0x0800742c   0x0800742c   0x00000398   Code   RO         7380    i.HAL_UART_IRQHandler  stm32h7xx_hal_uart.o
    0x080077c4   0x080077c4   0x0000006a   Code   RO         7381    i.HAL_UART_Init     stm32h7xx_hal_uart.o
    0x0800782e   0x0800782e   0x00000002   PAD
    0x08007830   0x08007830   0x000000bc   Code   RO         1307    i.HAL_UART_MspInit  usart.o
    0x080078ec   0x080078ec   0x00000002   Code   RO         7393    i.HAL_UART_TxCpltCallback  stm32h7xx_hal_uart.o
    0x080078ee   0x080078ee   0x00000002   Code   RO         1354    i.HardFault_Handler  stm32h7xx_it.o
    0x080078f0   0x080078f0   0x00000036   Code   RO         1567    i.IntToUnicode      usbd_desc.o
    0x08007926   0x08007926   0x00000002   PAD
    0x08007928   0x08007928   0x00000010   Code   RO           17    i.LED1_Off          led.o
    0x08007938   0x08007938   0x00000010   Code   RO           18    i.LED1_On           led.o
    0x08007948   0x08007948   0x00000010   Code   RO           19    i.LED2_Off          led.o
    0x08007958   0x08007958   0x00000010   Code   RO           20    i.LED2_On           led.o
    0x08007968   0x08007968   0x00000010   Code   RO           21    i.LED3_Off          led.o
    0x08007978   0x08007978   0x00000010   Code   RO           22    i.LED3_On           led.o
    0x08007988   0x08007988   0x00000010   Code   RO           23    i.LED4_Off          led.o
    0x08007998   0x08007998   0x00000010   Code   RO           24    i.LED4_On           led.o
    0x080079a8   0x080079a8   0x00000010   Code   RO           25    i.LED5_Off          led.o
    0x080079b8   0x080079b8   0x00000010   Code   RO           26    i.LED5_On           led.o
    0x080079c8   0x080079c8   0x00000010   Code   RO           27    i.LED6_Off          led.o
    0x080079d8   0x080079d8   0x00000010   Code   RO           28    i.LED6_On           led.o
    0x080079e8   0x080079e8   0x00000010   Code   RO           29    i.LED7_Off          led.o
    0x080079f8   0x080079f8   0x00000010   Code   RO           30    i.LED7_On           led.o
    0x08007a08   0x08007a08   0x00000010   Code   RO           31    i.LED8_Off          led.o
    0x08007a18   0x08007a18   0x00000010   Code   RO           32    i.LED8_On           led.o
    0x08007a28   0x08007a28   0x00000090   Code   RO          301    i.LED_Indicator_Process  led_indicator.o
    0x08007ab8   0x08007ab8   0x000000d0   Code   RO          303    i.LED_Indicator_TestMode  led_indicator.o
    0x08007b88   0x08007b88   0x00000034   Code   RO          304    i.LED_Indicator_Trigger  led_indicator.o
    0x08007bbc   0x08007bbc   0x00000008   Code   RO         4976    i.LL_ADC_INJ_IsConversionOngoing  stm32h7xx_hal_adc.o
    0x08007bc4   0x08007bc4   0x00000008   Code   RO         4977    i.LL_ADC_IsEnabled  stm32h7xx_hal_adc.o
    0x08007bcc   0x08007bcc   0x00000008   Code   RO         4978    i.LL_ADC_REG_IsConversionOngoing  stm32h7xx_hal_adc.o
    0x08007bd4   0x08007bd4   0x00000008   Code   RO         5200    i.LL_ADC_REG_IsConversionOngoing  stm32h7xx_hal_adc_ex.o
    0x08007bdc   0x08007bdc   0x00000098   Code   RO         1104    i.MX_ADC1_Init      adc.o
    0x08007c74   0x08007c74   0x0000003c   Code   RO         1144    i.MX_DMA_Init       dma.o
    0x08007cb0   0x08007cb0   0x00000064   Code   RO         1170    i.MX_FDCAN1_Init    fdcan.o
    0x08007d14   0x08007d14   0x00000100   Code   RO         1078    i.MX_GPIO_Init      gpio.o
    0x08007e14   0x08007e14   0x0000005c   Code   RO         1212    i.MX_SPI1_Init      spi.o
    0x08007e70   0x08007e70   0x000000a0   Code   RO         1255    i.MX_TIM17_Init     tim.o
    0x08007f10   0x08007f10   0x00000048   Code   RO         1256    i.MX_TIM6_Init      tim.o
    0x08007f58   0x08007f58   0x00000068   Code   RO         1308    i.MX_UART4_Init     usart.o
    0x08007fc0   0x08007fc0   0x00000054   Code   RO         1532    i.MX_USB_DEVICE_Init  usb_device.o
    0x08008014   0x08008014   0x00000002   Code   RO         1355    i.MemManage_Handler  stm32h7xx_it.o
    0x08008016   0x08008016   0x00000002   PAD
    0x08008018   0x08008018   0x0000014c   Code   RO          935    i.Motor_Calib_ApplyTransform  motor_calib.o
    0x08008164   0x08008164   0x00000068   Code   RO          936    i.Motor_Calib_FeedSample  motor_calib.o
    0x080081cc   0x080081cc   0x0000000c   Code   RO          938    i.Motor_Calib_GetState  motor_calib.o
    0x080081d8   0x080081d8   0x000000a4   Code   RO          939    i.Motor_Calib_Init  motor_calib.o
    0x0800827c   0x0800827c   0x00000002   Code   RO          474    i.Motor_GetMasterID  motor.o
    0x0800827e   0x0800827e   0x00000002   PAD
    0x08008280   0x08008280   0x00000054   Code   RO          476    i.Motor_KD_PhysToRaw  motor.o
    0x080082d4   0x080082d4   0x00000028   Code   RO          477    i.Motor_KD_RawToPhys  motor.o
    0x080082fc   0x080082fc   0x0000004c   Code   RO          478    i.Motor_KP_PhysToRaw  motor.o
    0x08008348   0x08008348   0x0000002c   Code   RO          479    i.Motor_KP_RawToPhys  motor.o
    0x08008374   0x08008374   0x0000007a   Code   RO          480    i.Motor_PackControlData  motor.o
    0x080083ee   0x080083ee   0x00000002   PAD
    0x080083f0   0x080083f0   0x00000050   Code   RO          481    i.Motor_Pos_PhysToRaw  motor.o
    0x08008440   0x08008440   0x00000028   Code   RO          482    i.Motor_Pos_RawToPhys  motor.o
    0x08008468   0x08008468   0x00000060   Code   RO          483    i.Motor_Torque_PhysToRaw  motor.o
    0x080084c8   0x080084c8   0x00000034   Code   RO          484    i.Motor_Torque_RawToPhys  motor.o
    0x080084fc   0x080084fc   0x0000007e   Code   RO          485    i.Motor_UnpackControlData  motor.o
    0x0800857a   0x0800857a   0x00000002   PAD
    0x0800857c   0x0800857c   0x00000098   Code   RO          486    i.Motor_UnpackFeedbackData  motor.o
    0x08008614   0x08008614   0x00000060   Code   RO          487    i.Motor_Vel_PhysToRaw  motor.o
    0x08008674   0x08008674   0x00000034   Code   RO          488    i.Motor_Vel_RawToPhys  motor.o
    0x080086a8   0x080086a8   0x00000002   Code   RO         1356    i.NMI_Handler       stm32h7xx_it.o
    0x080086aa   0x080086aa   0x00000002   PAD
    0x080086ac   0x080086ac   0x0000000c   Code   RO         1357    i.OTG_FS_IRQHandler  stm32h7xx_it.o
    0x080086b8   0x080086b8   0x000000cc   Code   RO         1960    i.PCD_EP_OutXfrComplete_int  stm32h7xx_hal_pcd.o
    0x08008784   0x08008784   0x00000098   Code   RO         1961    i.PCD_WriteEmptyTxFifo  stm32h7xx_hal_pcd.o
    0x0800881c   0x0800881c   0x00000002   Code   RO         1358    i.PendSV_Handler    stm32h7xx_it.o
    0x0800881e   0x0800881e   0x0000004a   Code   RO         1016    i.PeriphCommonClock_Config  main.o
    0x08008868   0x08008868   0x00000018   Code   RO          587    i.Protocol_CalcChecksum  usbcol.o
    0x08008880   0x08008880   0x00000054   Code   RO          594    i.Protocol_HasCompletePacket  usbcol.o
    0x080088d4   0x080088d4   0x00000030   Code   RO          595    i.Protocol_Init     usbcol.o
    0x08008904   0x08008904   0x00000128   Code   RO          597    i.Protocol_PackFeedbackPkg  usbcol.o
    0x08008a2c   0x08008a2c   0x00000090   Code   RO          598    i.Protocol_ParseControlPkg  usbcol.o
    0x08008abc   0x08008abc   0x00000064   Code   RO          599    i.Protocol_ProcessRxData  usbcol.o
    0x08008b20   0x08008b20   0x00000058   Code   RO          600    i.Protocol_ReadPacket  usbcol.o
    0x08008b78   0x08008b78   0x00000030   Code   RO          602    i.Protocol_SendData  usbcol.o
    0x08008ba8   0x08008ba8   0x00000020   Code   RO          603    i.Protocol_SendFeedback  usbcol.o
    0x08008bc8   0x08008bc8   0x0000000c   Code   RO          604    i.Protocol_USB_TxCpltCallback  usbcol.o
    0x08008bd4   0x08008bd4   0x00000114   Code   RO         2663    i.RCCEx_PLL2_Config  stm32h7xx_hal_rcc_ex.o
    0x08008ce8   0x08008ce8   0x00000114   Code   RO         2664    i.RCCEx_PLL3_Config  stm32h7xx_hal_rcc_ex.o
    0x08008dfc   0x08008dfc   0x0000000c   Code   RO         1359    i.SPI1_IRQHandler   stm32h7xx_it.o
    0x08008e08   0x08008e08   0x000000bc   Code   RO         6047    i.SPI_CloseTransfer  stm32h7xx_hal_spi.o
    0x08008ec4   0x08008ec4   0x0000001a   Code   RO         6048    i.SPI_DMAAbortOnError  stm32h7xx_hal_spi.o
    0x08008ede   0x08008ede   0x0000002c   Code   RO         6049    i.SPI_DMAError      stm32h7xx_hal_spi.o
    0x08008f0a   0x08008f0a   0x0000000a   Code   RO         6052    i.SPI_DMAHalfTransmitReceiveCplt  stm32h7xx_hal_spi.o
    0x08008f14   0x08008f14   0x00000028   Code   RO         6056    i.SPI_DMATransmitReceiveCplt  stm32h7xx_hal_spi.o
    0x08008f3c   0x08008f3c   0x0000000c   Code   RO          759    i.SPI_GetSlaveFeedback  u_spi.o
    0x08008f48   0x08008f48   0x00000080   Code   RO          761    i.SPI_PackMotorData  u_spi.o
    0x08008fc8   0x08008fc8   0x0000001c   Code   RO          762    i.SPI_Protocol_Init  u_spi.o
    0x08008fe4   0x08008fe4   0x00000044   Code   RO          763    i.SPI_SendMotorControl  u_spi.o
    0x08009028   0x08009028   0x00000084   Code   RO          764    i.SPI_TxCpltCallback  u_spi.o
    0x080090ac   0x080090ac   0x00000002   Code   RO         1360    i.SVC_Handler       stm32h7xx_it.o
    0x080090ae   0x080090ae   0x0000000a   Code   RO         8096    i.SWAPBYTE          usbd_ctlreq.o
    0x080090b8   0x080090b8   0x00000004   Code   RO         1361    i.SysTick_Handler   stm32h7xx_it.o
    0x080090bc   0x080090bc   0x000000a8   Code   RO         1017    i.SystemClock_Config  main.o
    0x08009164   0x08009164   0x000000f8   Code   RO         7892    i.SystemInit        system_stm32h7xx.o
    0x0800925c   0x0800925c   0x000000c4   Code   RO          840    i.System_BootCalibSample  system_control.o
    0x08009320   0x08009320   0x00000124   Code   RO          841    i.System_CheckMotorOffline  system_control.o
    0x08009444   0x08009444   0x00000048   Code   RO          842    i.System_Control_Init  system_control.o
    0x0800948c   0x0800948c   0x00000028   Code   RO          843    i.System_Control_Process  system_control.o
    0x080094b4   0x080094b4   0x00000088   Code   RO          846    i.System_ProcessMotorControl  system_control.o
    0x0800953c   0x0800953c   0x00000030   Code   RO          847    i.System_SendFeedback  system_control.o
    0x0800956c   0x0800956c   0x0000000c   Code   RO         1362    i.TIM6_DAC_IRQHandler  stm32h7xx_it.o
    0x08009578   0x08009578   0x000000c8   Code   RO         6440    i.TIM_Base_SetConfig  stm32h7xx_hal_tim.o
    0x08009640   0x08009640   0x0000001a   Code   RO         6441    i.TIM_CCxChannelCmd  stm32h7xx_hal_tim.o
    0x0800965a   0x0800965a   0x00000002   PAD
    0x0800965c   0x0800965c   0x0000009c   Code   RO         6453    i.TIM_OC1_SetConfig  stm32h7xx_hal_tim.o
    0x080096f8   0x080096f8   0x00000090   Code   RO         6454    i.TIM_OC2_SetConfig  stm32h7xx_hal_tim.o
    0x08009788   0x08009788   0x00000090   Code   RO         6455    i.TIM_OC3_SetConfig  stm32h7xx_hal_tim.o
    0x08009818   0x08009818   0x00000074   Code   RO         6456    i.TIM_OC4_SetConfig  stm32h7xx_hal_tim.o
    0x0800988c   0x0800988c   0x00000070   Code   RO         6457    i.TIM_OC5_SetConfig  stm32h7xx_hal_tim.o
    0x080098fc   0x080098fc   0x00000070   Code   RO         6458    i.TIM_OC6_SetConfig  stm32h7xx_hal_tim.o
    0x0800996c   0x0800996c   0x00000020   Code   RO         1498    i.Tim_IsElapsed     tim_delay.o
    0x0800998c   0x0800998c   0x0000000c   Code   RO         1363    i.UART4_IRQHandler  stm32h7xx_it.o
    0x08009998   0x08009998   0x00000044   Code   RO         7786    i.UARTEx_SetNbDataToProcess  stm32h7xx_hal_uart_ex.o
    0x080099dc   0x080099dc   0x000000c8   Code   RO         7395    i.UART_AdvFeatureConfig  stm32h7xx_hal_uart.o
    0x08009aa4   0x08009aa4   0x000000ac   Code   RO         7396    i.UART_CheckIdleState  stm32h7xx_hal_uart.o
    0x08009b50   0x08009b50   0x00000010   Code   RO         7397    i.UART_DMAAbortOnError  stm32h7xx_hal_uart.o
    0x08009b60   0x08009b60   0x00000054   Code   RO         7407    i.UART_EndRxTransfer  stm32h7xx_hal_uart.o
    0x08009bb4   0x08009bb4   0x0000039c   Code   RO         7413    i.UART_SetConfig    stm32h7xx_hal_uart.o
    0x08009f50   0x08009f50   0x00000092   Code   RO         7420    i.UART_WaitOnFlagUntilTimeout  stm32h7xx_hal_uart.o
    0x08009fe2   0x08009fe2   0x00000076   Code   RO         8242    i.USBD_CDC_DataIn   usbd_cdc.o
    0x0800a058   0x0800a058   0x0000003c   Code   RO         8243    i.USBD_CDC_DataOut  usbd_cdc.o
    0x0800a094   0x0800a094   0x00000090   Code   RO         8244    i.USBD_CDC_DeInit   usbd_cdc.o
    0x0800a124   0x0800a124   0x00000036   Code   RO         8245    i.USBD_CDC_EP0_RxReady  usbd_cdc.o
    0x0800a15a   0x0800a15a   0x00000002   PAD
    0x0800a15c   0x0800a15c   0x0000000c   Code   RO         8246    i.USBD_CDC_GetDeviceQualifierDescriptor  usbd_cdc.o
    0x0800a168   0x0800a168   0x0000003c   Code   RO         8247    i.USBD_CDC_GetFSCfgDesc  usbd_cdc.o
    0x0800a1a4   0x0800a1a4   0x00000040   Code   RO         8248    i.USBD_CDC_GetHSCfgDesc  usbd_cdc.o
    0x0800a1e4   0x0800a1e4   0x0000003c   Code   RO         8249    i.USBD_CDC_GetOtherSpeedCfgDesc  usbd_cdc.o
    0x0800a220   0x0800a220   0x00000118   Code   RO         8250    i.USBD_CDC_Init     usbd_cdc.o
    0x0800a338   0x0800a338   0x00000038   Code   RO         8251    i.USBD_CDC_ReceivePacket  usbd_cdc.o
    0x0800a370   0x0800a370   0x00000016   Code   RO         8252    i.USBD_CDC_RegisterInterface  usbd_cdc.o
    0x0800a386   0x0800a386   0x0000001a   Code   RO         8253    i.USBD_CDC_SetRxBuffer  usbd_cdc.o
    0x0800a3a0   0x0800a3a0   0x0000001e   Code   RO         8254    i.USBD_CDC_SetTxBuffer  usbd_cdc.o
    0x0800a3be   0x0800a3be   0x000000d4   Code   RO         8255    i.USBD_CDC_Setup    usbd_cdc.o
    0x0800a492   0x0800a492   0x00000002   PAD
    0x0800a494   0x0800a494   0x00000050   Code   RO         8256    i.USBD_CDC_TransmitPacket  usbd_cdc.o
    0x0800a4e4   0x0800a4e4   0x00000014   Code   RO         7933    i.USBD_ClrClassConfig  usbd_core.o
    0x0800a4f8   0x0800a4f8   0x00000004   Code   RO         7934    i.USBD_CoreFindEP   usbd_core.o
    0x0800a4fc   0x0800a4fc   0x00000004   Code   RO         7935    i.USBD_CoreFindIF   usbd_core.o
    0x0800a500   0x0800a500   0x00000010   Code   RO         8178    i.USBD_CtlContinueRx  usbd_ioreq.o
    0x0800a510   0x0800a510   0x00000010   Code   RO         8179    i.USBD_CtlContinueSendData  usbd_ioreq.o
    0x0800a520   0x0800a520   0x00000016   Code   RO         8097    i.USBD_CtlError     usbd_ctlreq.o
    0x0800a536   0x0800a536   0x0000001e   Code   RO         8180    i.USBD_CtlPrepareRx  usbd_ioreq.o
    0x0800a554   0x0800a554   0x00000016   Code   RO         8181    i.USBD_CtlReceiveStatus  usbd_ioreq.o
    0x0800a56a   0x0800a56a   0x0000001a   Code   RO         8182    i.USBD_CtlSendData  usbd_ioreq.o
    0x0800a584   0x0800a584   0x00000016   Code   RO         8183    i.USBD_CtlSendStatus  usbd_ioreq.o
    0x0800a59a   0x0800a59a   0x00000002   PAD
    0x0800a59c   0x0800a59c   0x00000020   Code   RO         1568    i.USBD_FS_ConfigStrDescriptor  usbd_desc.o
    0x0800a5bc   0x0800a5bc   0x0000000c   Code   RO         1569    i.USBD_FS_DeviceDescriptor  usbd_desc.o
    0x0800a5c8   0x0800a5c8   0x00000024   Code   RO         1570    i.USBD_FS_InterfaceStrDescriptor  usbd_desc.o
    0x0800a5ec   0x0800a5ec   0x0000000c   Code   RO         1571    i.USBD_FS_LangIDStrDescriptor  usbd_desc.o
    0x0800a5f8   0x0800a5f8   0x00000028   Code   RO         1572    i.USBD_FS_ManufacturerStrDescriptor  usbd_desc.o
    0x0800a620   0x0800a620   0x0000002c   Code   RO         1573    i.USBD_FS_ProductStrDescriptor  usbd_desc.o
    0x0800a64c   0x0800a64c   0x00000038   Code   RO         1574    i.USBD_FS_SerialStrDescriptor  usbd_desc.o
    0x0800a684   0x0800a684   0x000000fa   Code   RO         8098    i.USBD_GetDescriptor  usbd_ctlreq.o
    0x0800a77e   0x0800a77e   0x0000003a   Code   RO         7937    i.USBD_GetEpDesc    usbd_core.o
    0x0800a7b8   0x0800a7b8   0x00000014   Code   RO         8099    i.USBD_GetLen       usbd_ctlreq.o
    0x0800a7cc   0x0800a7cc   0x0000000e   Code   RO         7938    i.USBD_GetNextDesc  usbd_core.o
    0x0800a7da   0x0800a7da   0x0000004e   Code   RO         8100    i.USBD_GetString    usbd_ctlreq.o
    0x0800a828   0x0800a828   0x00000018   Code   RO         1728    i.USBD_Get_USB_Status  usbd_conf.o
    0x0800a840   0x0800a840   0x00000026   Code   RO         7939    i.USBD_Init         usbd_core.o
    0x0800a866   0x0800a866   0x00000012   Code   RO         1729    i.USBD_LL_ClearStallEP  usbd_conf.o
    0x0800a878   0x0800a878   0x00000012   Code   RO         1730    i.USBD_LL_CloseEP   usbd_conf.o
    0x0800a88a   0x0800a88a   0x000000b2   Code   RO         7940    i.USBD_LL_DataInStage  usbd_core.o
    0x0800a93c   0x0800a93c   0x00000096   Code   RO         7941    i.USBD_LL_DataOutStage  usbd_core.o
    0x0800a9d2   0x0800a9d2   0x00000004   Code   RO         7942    i.USBD_LL_DevConnected  usbd_core.o
    0x0800a9d6   0x0800a9d6   0x0000001e   Code   RO         7943    i.USBD_LL_DevDisconnected  usbd_core.o
    0x0800a9f4   0x0800a9f4   0x00000008   Code   RO         1734    i.USBD_LL_GetRxDataSize  usbd_conf.o
    0x0800a9fc   0x0800a9fc   0x00000064   Code   RO         1735    i.USBD_LL_Init      usbd_conf.o
    0x0800aa60   0x0800aa60   0x0000001e   Code   RO         1736    i.USBD_LL_IsStallEP  usbd_conf.o
    0x0800aa7e   0x0800aa7e   0x00000028   Code   RO         7944    i.USBD_LL_IsoINIncomplete  usbd_core.o
    0x0800aaa6   0x0800aaa6   0x00000028   Code   RO         7945    i.USBD_LL_IsoOUTIncomplete  usbd_core.o
    0x0800aace   0x0800aace   0x00000018   Code   RO         1737    i.USBD_LL_OpenEP    usbd_conf.o
    0x0800aae6   0x0800aae6   0x00000012   Code   RO         1738    i.USBD_LL_PrepareReceive  usbd_conf.o
    0x0800aaf8   0x0800aaf8   0x0000005c   Code   RO         7946    i.USBD_LL_Reset     usbd_core.o
    0x0800ab54   0x0800ab54   0x00000014   Code   RO         7947    i.USBD_LL_Resume    usbd_core.o
    0x0800ab68   0x0800ab68   0x0000001a   Code   RO         7948    i.USBD_LL_SOF       usbd_core.o
    0x0800ab82   0x0800ab82   0x00000006   Code   RO         7949    i.USBD_LL_SetSpeed  usbd_core.o
    0x0800ab88   0x0800ab88   0x00000012   Code   RO         1739    i.USBD_LL_SetUSBAddress  usbd_conf.o
    0x0800ab9a   0x0800ab9a   0x00000060   Code   RO         7950    i.USBD_LL_SetupStage  usbd_core.o
    0x0800abfa   0x0800abfa   0x00000012   Code   RO         1740    i.USBD_LL_StallEP   usbd_conf.o
    0x0800ac0c   0x0800ac0c   0x00000012   Code   RO         1741    i.USBD_LL_Start     usbd_conf.o
    0x0800ac1e   0x0800ac1e   0x0000001a   Code   RO         7951    i.USBD_LL_Suspend   usbd_core.o
    0x0800ac38   0x0800ac38   0x00000012   Code   RO         1743    i.USBD_LL_Transmit  usbd_conf.o
    0x0800ac4a   0x0800ac4a   0x0000002e   Code   RO         8101    i.USBD_ParseSetupRequest  usbd_ctlreq.o
    0x0800ac78   0x0800ac78   0x0000003a   Code   RO         7952    i.USBD_RegisterClass  usbd_core.o
    0x0800acb2   0x0800acb2   0x00000014   Code   RO         7954    i.USBD_SetClassConfig  usbd_core.o
    0x0800acc6   0x0800acc6   0x00000002   PAD
    0x0800acc8   0x0800acc8   0x000000b8   Code   RO         8102    i.USBD_SetConfig    usbd_ctlreq.o
    0x0800ad80   0x0800ad80   0x00000004   Code   RO         7955    i.USBD_Start        usbd_core.o
    0x0800ad84   0x0800ad84   0x0000012c   Code   RO         8103    i.USBD_StdDevReq    usbd_ctlreq.o
    0x0800aeb0   0x0800aeb0   0x00000160   Code   RO         8104    i.USBD_StdEPReq     usbd_ctlreq.o
    0x0800b010   0x0800b010   0x00000072   Code   RO         8105    i.USBD_StdItfReq    usbd_ctlreq.o
    0x0800b082   0x0800b082   0x00000002   Code   RO         1744    i.USBD_static_free  usbd_conf.o
    0x0800b084   0x0800b084   0x00000008   Code   RO         1745    i.USBD_static_malloc  usbd_conf.o
    0x0800b08c   0x0800b08c   0x00000080   Code   RO         2231    i.USB_ActivateEndpoint  stm32h7xx_ll_usb.o
    0x0800b10c   0x0800b10c   0x0000001c   Code   RO         2233    i.USB_ActivateSetup  stm32h7xx_ll_usb.o
    0x0800b128   0x0800b128   0x00000094   Code   RO         2235    i.USB_CoreInit      stm32h7xx_ll_usb.o
    0x0800b1bc   0x0800b1bc   0x0000003c   Code   RO         2236    i.USB_CoreReset     stm32h7xx_ll_usb.o
    0x0800b1f8   0x0800b1f8   0x000000d0   Code   RO         2239    i.USB_DeactivateEndpoint  stm32h7xx_ll_usb.o
    0x0800b2c8   0x0800b2c8   0x0000001c   Code   RO         2240    i.USB_DevConnect    stm32h7xx_ll_usb.o
    0x0800b2e4   0x0800b2e4   0x0000001c   Code   RO         2241    i.USB_DevDisconnect  stm32h7xx_ll_usb.o
    0x0800b300   0x0800b300   0x0000016c   Code   RO         2242    i.USB_DevInit       stm32h7xx_ll_usb.o
    0x0800b46c   0x0800b46c   0x0000000c   Code   RO         2243    i.USB_DisableGlobalInt  stm32h7xx_ll_usb.o
    0x0800b478   0x0800b478   0x00000058   Code   RO         2246    i.USB_EP0_OutStart  stm32h7xx_ll_usb.o
    0x0800b4d0   0x0800b4d0   0x00000058   Code   RO         2247    i.USB_EPClearStall  stm32h7xx_ll_usb.o
    0x0800b528   0x0800b528   0x00000058   Code   RO         2248    i.USB_EPSetStall    stm32h7xx_ll_usb.o
    0x0800b580   0x0800b580   0x00000238   Code   RO         2249    i.USB_EPStartXfer   stm32h7xx_ll_usb.o
    0x0800b7b8   0x0800b7b8   0x0000009c   Code   RO         2250    i.USB_EPStopXfer    stm32h7xx_ll_usb.o
    0x0800b854   0x0800b854   0x0000000c   Code   RO         2251    i.USB_EnableGlobalInt  stm32h7xx_ll_usb.o
    0x0800b860   0x0800b860   0x00000038   Code   RO         2252    i.USB_FlushRxFifo   stm32h7xx_ll_usb.o
    0x0800b898   0x0800b898   0x0000003c   Code   RO         2253    i.USB_FlushTxFifo   stm32h7xx_ll_usb.o
    0x0800b8d4   0x0800b8d4   0x0000001a   Code   RO         2255    i.USB_GetDevSpeed   stm32h7xx_ll_usb.o
    0x0800b8ee   0x0800b8ee   0x00000008   Code   RO         2257    i.USB_GetMode       stm32h7xx_ll_usb.o
    0x0800b8f6   0x0800b8f6   0x0000000e   Code   RO         2265    i.USB_ReadDevAllInEpInterrupt  stm32h7xx_ll_usb.o
    0x0800b904   0x0800b904   0x0000000e   Code   RO         2266    i.USB_ReadDevAllOutEpInterrupt  stm32h7xx_ll_usb.o
    0x0800b912   0x0800b912   0x00000024   Code   RO         2267    i.USB_ReadDevInEPInterrupt  stm32h7xx_ll_usb.o
    0x0800b936   0x0800b936   0x00000010   Code   RO         2268    i.USB_ReadDevOutEPInterrupt  stm32h7xx_ll_usb.o
    0x0800b946   0x0800b946   0x00000008   Code   RO         2269    i.USB_ReadInterrupts  stm32h7xx_ll_usb.o
    0x0800b94e   0x0800b94e   0x0000003e   Code   RO         2270    i.USB_ReadPacket    stm32h7xx_ll_usb.o
    0x0800b98c   0x0800b98c   0x0000005c   Code   RO         2272    i.USB_SetCurrentMode  stm32h7xx_ll_usb.o
    0x0800b9e8   0x0800b9e8   0x00000022   Code   RO         2273    i.USB_SetDevAddress  stm32h7xx_ll_usb.o
    0x0800ba0a   0x0800ba0a   0x00000002   PAD
    0x0800ba0c   0x0800ba0c   0x000000e8   Code   RO         2275    i.USB_SetTurnaroundTime  stm32h7xx_ll_usb.o
    0x0800baf4   0x0800baf4   0x00000026   Code   RO         2278    i.USB_WritePacket   stm32h7xx_ll_usb.o
    0x0800bb1a   0x0800bb1a   0x00000002   Code   RO         1364    i.UsageFault_Handler  stm32h7xx_it.o
    0x0800bb1c   0x0800bb1c   0x00000020   Code   RO         3905    i.__NVIC_SetPriority  stm32h7xx_hal_cortex.o
    0x0800bb3c   0x0800bb3c   0x000000a4   Code   RO         1018    i.main              main.o
    0x0800bbe0   0x0800bbe0   0x0000000a   Code   RO         8699    x$fpl$fpinit        fz_wv.l(fpinit.o)
    0x0800bbea   0x0800bbea   0x00000002   PAD
    0x0800bbec   0x0800bbec   0x0000003c   Data   RO          943    .constdata          motor_calib.o
    0x0800bc28   0x0800bc28   0x00000008   Data   RO         3194    .constdata          stm32h7xx_hal_dma.o
    0x0800bc30   0x0800bc30   0x0000005c   Data   RO         5498    .constdata          stm32h7xx_hal_fdcan.o
    0x0800bc8c   0x0800bc8c   0x00000018   Data   RO         7421    .constdata          stm32h7xx_hal_uart.o
    0x0800bca4   0x0800bca4   0x00000010   Data   RO         7787    .constdata          stm32h7xx_hal_uart_ex.o
    0x0800bcb4   0x0800bcb4   0x00000010   Data   RO         7893    .constdata          system_stm32h7xx.o
    0x0800bcc4   0x0800bcc4   0x00000020   Data   RO         8783    Region$$Table       anon$$obj.o


    Execution Region RW_IRAM1 (Exec base: 0x20000000, Load base: 0x0800bce4, Size: 0x00000000, Max: 0x00020000, ABSOLUTE)

    **** No section assigned to this execution region ****


    Execution Region RW_IRAM2 (Exec base: 0x24000000, Load base: 0x0800bce4, Size: 0x00003328, Max: 0x00080000, ABSOLUTE, COMPRESSED[0x000000bc])

    Exec Addr    Load Addr    Size         Type   Attr      Idx    E Section Name        Object

    0x24000000   COMPRESSED   0x00000008   Data   RW          306    .data               led_indicator.o
    0x24000008   COMPRESSED   0x00000006   Data   RW          608    .data               usbcol.o
    0x2400000e   COMPRESSED   0x00000001   Data   RW          766    .data               u_spi.o
    0x2400000f   COMPRESSED   0x00000001   PAD
    0x24000010   COMPRESSED   0x00000014   Data   RW          849    .data               system_control.o
    0x24000024   COMPRESSED   0x00000002   Data   RW          944    .data               motor_calib.o
    0x24000026   COMPRESSED   0x00000002   PAD
    0x24000028   COMPRESSED   0x00000020   Data   RW         1576    .data               usbd_desc.o
    0x24000048   COMPRESSED   0x00000032   Data   RW         1577    .data               usbd_desc.o
    0x2400007a   COMPRESSED   0x00000002   PAD
    0x2400007c   COMPRESSED   0x00000014   Data   RW         1661    .data               usbd_cdc_if.o
    0x24000090   COMPRESSED   0x0000000c   Data   RW         4085    .data               stm32h7xx_hal.o
    0x2400009c   COMPRESSED   0x00000008   Data   RW         7894    .data               system_stm32h7xx.o
    0x240000a4   COMPRESSED   0x00000001   Data   RW         8106    .data               usbd_ctlreq.o
    0x240000a5   COMPRESSED   0x00000003   PAD
    0x240000a8   COMPRESSED   0x00000053   Data   RW         8257    .data               usbd_cdc.o
    0x240000fb   COMPRESSED   0x00000001   PAD
    0x240000fc   COMPRESSED   0x00000038   Data   RW         8258    .data               usbd_cdc.o
    0x24000134        -       0x00000020   Zero   RW          305    .bss                led_indicator.o
    0x24000154        -       0x0000015c   Zero   RW          387    .bss                fdcan_handler.o
    0x240002b0        -       0x000004bc   Zero   RW          606    .bss                usbcol.o
    0x2400076c        -       0x0000019c   Zero   RW          765    .bss                u_spi.o
    0x24000908        -       0x000002f4   Zero   RW          848    .bss                system_control.o
    0x24000bfc   COMPRESSED   0x00000004   PAD
    0x24000c00        -       0x00000124   Zero   RW          942    .bss                motor_calib.o
    0x24000d24        -       0x00000064   Zero   RW         1105    .bss                adc.o
    0x24000d88        -       0x000000a0   Zero   RW         1171    .bss                fdcan.o
    0x24000e28        -       0x00000178   Zero   RW         1213    .bss                spi.o
    0x24000fa0        -       0x00000098   Zero   RW         1257    .bss                tim.o
    0x24001038        -       0x00000094   Zero   RW         1309    .bss                usart.o
    0x240010cc        -       0x000002dc   Zero   RW         1533    .bss                usb_device.o
    0x240013a8        -       0x00000200   Zero   RW         1575    .bss                usbd_desc.o
    0x240015a8        -       0x00001000   Zero   RW         1660    .bss                usbd_cdc_if.o
    0x240025a8        -       0x00000704   Zero   RW         1746    .bss                usbd_conf.o
    0x24002cac        -       0x0000001c   Zero   RW         2835    .bss                stm32h7xx_hal_flash.o
    0x24002cc8        -       0x00000060   Zero   RW         8641    .bss                c_w.l(libspace.o)
    0x24002d28        -       0x00000200   Zero   RW            2    HEAP                startup_stm32h743xx.o
    0x24002f28        -       0x00000400   Zero   RW            1    STACK               startup_stm32h743xx.o


==============================================================================

Image component sizes


      Code (inc. data)   RO Data    RW Data    ZI Data      Debug   Object Name

       248         26          0          0        100       1913   adc.o
        60          4          0          0          0        906   dma.o
       292         22          0          0        160       1951   fdcan.o
       200         18          0          0        348       5473   fdcan_handler.o
       256         22          0          0          0       1203   gpio.o
       332        110          0          0          0    1411930   led.o
       404         12          0          8         32       3413   led_indicator.o
       410         10          0          0          0       3199   main.o
      1062        126          0          0          0       9031   motor.o
      1160        134         60          2        292       7620   motor_calib.o
       424         34          0          0        376       2163   spi.o
        72         30        664          0       1536        848   startup_stm32h743xx.o
       232         44          0         12          0      23496   stm32h7xx_hal.o
      1884        200          0          0          0      68472   stm32h7xx_hal_adc.o
       296         22          0          0          0      63203   stm32h7xx_hal_adc_ex.o
       346         30          0          0          0      41757   stm32h7xx_hal_cortex.o
      6000        148          8          0          0      12401   stm32h7xx_hal_dma.o
      2682         50         92          0          0      22593   stm32h7xx_hal_fdcan.o
       508         50          0          0         28      14830   stm32h7xx_hal_flash.o
       468         18          0          0          0       4397   stm32h7xx_hal_flash_ex.o
       496         50          0          0          0       3055   stm32h7xx_hal_gpio.o
        28          6          0          0          0        946   stm32h7xx_hal_msp.o
      2606         14          0          0          0      14128   stm32h7xx_hal_pcd.o
       118          6          0          0          0       3379   stm32h7xx_hal_pcd_ex.o
        96          8          0          0          0       1358   stm32h7xx_hal_pwr_ex.o
      2458        126          0          0          0       7368   stm32h7xx_hal_rcc.o
      4764        178          0          0          0      10843   stm32h7xx_hal_rcc_ex.o
      1736         30          0          0          0       9977   stm32h7xx_hal_spi.o
      2434        276          0          0          0      17005   stm32h7xx_hal_tim.o
       310         36          0          0          0       4292   stm32h7xx_hal_tim_ex.o
      2574        130         24          0          0      30200   stm32h7xx_hal_uart.o
       288          6         16          0          0       5574   stm32h7xx_hal_uart_ex.o
       116         48          0          0          0       7968   stm32h7xx_it.o
      2700        116          0          0          0      23552   stm32h7xx_ll_usb.o
      1180        132          0         20        756       8989   system_control.o
       276         48         16          8          0       1957   system_stm32h7xx.o
       408         46          0          0        152       3187   tim.o
        32          0          0          0          0       1060   tim_delay.o
       412         48          0          1        412       7362   u_spi.o
       292         26          0          0        148       1988   usart.o
        84         18          0          0        732        820   usb_device.o
       876         84          0          6       1212      17786   usbcol.o
      1278         36          0        139          0      14625   usbd_cdc.o
       134         22          0         20       4096       4308   usbd_cdc_if.o
       642         32          0          0       1796      17020   usbd_conf.o
       928          0          0          0          0      15787   usbd_core.o
      1376         20          0          1          0      15756   usbd_ctlreq.o
       286        104          0         82        512       6533   usbd_desc.o
       132          0          0          0          0       4668   usbd_ioreq.o

    ----------------------------------------------------------------------
     46448       2756        912        308      12692    1962290   Object Totals
         0          0         32          0          0          0   (incl. Generated)
        52          0          0          9          4          0   (incl. Padding)

    ----------------------------------------------------------------------

      Code (inc. data)   RO Data    RW Data    ZI Data      Debug   Library Member Name

        90          0          0          0          0          0   __dczerorl2.o
         8          0          0          0          0         68   __main.o
         0          0          0          0          0          0   __rtentry.o
        12          0          0          0          0          0   __rtentry2.o
         6          0          0          0          0          0   __rtentry4.o
        52          8          0          0          0          0   __scatter.o
        28          0          0          0          0          0   __scatter_zi.o
        16          0          0          0          0         68   aeabi_memset.o
        18          0          0          0          0         80   exit.o
         6          0          0          0          0        152   heapauxi.o
         0          0          0          0          0          0   indicate_semi.o
         2          0          0          0          0          0   libinit.o
         6          0          0          0          0          0   libinit2.o
         2          0          0          0          0          0   libshutdown.o
         2          0          0          0          0          0   libshutdown2.o
         8          4          0          0         96         68   libspace.o
       238          0          0          0          0        100   lludivv7m.o
        68          0          0          0          0         68   rt_memclr.o
        78          0          0          0          0         80   rt_memclr_w.o
       138          0          0          0          0         68   rt_memcpy_v6.o
       100          0          0          0          0         80   rt_memcpy_w.o
         2          0          0          0          0          0   rtexit.o
        10          0          0          0          0          0   rtexit2.o
        12          4          0          0          0         68   sys_exit.o
        74          0          0          0          0         80   sys_stackheap_outer.o
         2          0          0          0          0         68   use_no_semi.o
        10          0          0          0          0        116   fpinit.o

    ----------------------------------------------------------------------
       996         16          0          0         96       1164   Library Totals
         8          0          0          0          0          0   (incl. Padding)

    ----------------------------------------------------------------------

      Code (inc. data)   RO Data    RW Data    ZI Data      Debug   Library Name

       978         16          0          0         96       1048   c_w.l
        10          0          0          0          0        116   fz_wv.l

    ----------------------------------------------------------------------
       996         16          0          0         96       1164   Library Totals

    ----------------------------------------------------------------------

==============================================================================


      Code (inc. data)   RO Data    RW Data    ZI Data      Debug   

     47444       2772        912        308      12788    1925186   Grand Totals
     47444       2772        912        188      12788    1925186   ELF Image Totals (compressed)
     47444       2772        912        188          0          0   ROM Totals

==============================================================================

    Total RO  Size (Code + RO Data)                48356 (  47.22kB)
    Total RW  Size (RW Data + ZI Data)             13096 (  12.79kB)
    Total ROM Size (Code + RO Data + RW Data)      48544 (  47.41kB)

==============================================================================

