Component: ARM Compiler 5.06 update 7 (build 960) Tool: armlink [4d3601]

==============================================================================

Section Cross References

    startup_stm32h743xx.o(STACK) refers (Special) to heapauxi.o(.text) for __use_two_region_memory
    startup_stm32h743xx.o(HEAP) refers (Special) to heapauxi.o(.text) for __use_two_region_memory
    startup_stm32h743xx.o(RESET) refers (Special) to heapauxi.o(.text) for __use_two_region_memory
    startup_stm32h743xx.o(RESET) refers to startup_stm32h743xx.o(STACK) for __initial_sp
    startup_stm32h743xx.o(RESET) refers to startup_stm32h743xx.o(.text) for Reset_Handler
    startup_stm32h743xx.o(RESET) refers to stm32h7xx_it.o(i.NMI_Handler) for NMI_Handler
    startup_stm32h743xx.o(RESET) refers to stm32h7xx_it.o(i.HardFault_Handler) for HardFault_Handler
    startup_stm32h743xx.o(RESET) refers to stm32h7xx_it.o(i.MemManage_Handler) for MemManage_Handler
    startup_stm32h743xx.o(RESET) refers to stm32h7xx_it.o(i.BusFault_Handler) for BusFault_Handler
    startup_stm32h743xx.o(RESET) refers to stm32h7xx_it.o(i.UsageFault_Handler) for UsageFault_Handler
    startup_stm32h743xx.o(RESET) refers to stm32h7xx_it.o(i.SVC_Handler) for SVC_Handler
    startup_stm32h743xx.o(RESET) refers to stm32h7xx_it.o(i.DebugMon_Handler) for DebugMon_Handler
    startup_stm32h743xx.o(RESET) refers to stm32h7xx_it.o(i.PendSV_Handler) for PendSV_Handler
    startup_stm32h743xx.o(RESET) refers to stm32h7xx_it.o(i.SysTick_Handler) for SysTick_Handler
    startup_stm32h743xx.o(RESET) refers to stm32h7xx_it.o(i.DMA1_Stream1_IRQHandler) for DMA1_Stream1_IRQHandler
    startup_stm32h743xx.o(RESET) refers to stm32h7xx_it.o(i.DMA1_Stream2_IRQHandler) for DMA1_Stream2_IRQHandler
    startup_stm32h743xx.o(RESET) refers to stm32h7xx_it.o(i.FDCAN1_IT0_IRQHandler) for FDCAN1_IT0_IRQHandler
    startup_stm32h743xx.o(RESET) refers to stm32h7xx_it.o(i.SPI1_IRQHandler) for SPI1_IRQHandler
    startup_stm32h743xx.o(RESET) refers to stm32h7xx_it.o(i.UART4_IRQHandler) for UART4_IRQHandler
    startup_stm32h743xx.o(RESET) refers to stm32h7xx_it.o(i.TIM6_DAC_IRQHandler) for TIM6_DAC_IRQHandler
    startup_stm32h743xx.o(RESET) refers to stm32h7xx_it.o(i.FDCAN_CAL_IRQHandler) for FDCAN_CAL_IRQHandler
    startup_stm32h743xx.o(RESET) refers to stm32h7xx_it.o(i.OTG_FS_IRQHandler) for OTG_FS_IRQHandler
    startup_stm32h743xx.o(.text) refers (Special) to heapauxi.o(.text) for __use_two_region_memory
    startup_stm32h743xx.o(.text) refers to system_stm32h7xx.o(i.ExitRun0Mode) for ExitRun0Mode
    startup_stm32h743xx.o(.text) refers to system_stm32h7xx.o(i.SystemInit) for SystemInit
    startup_stm32h743xx.o(.text) refers to __main.o(!!!main) for __main
    startup_stm32h743xx.o(.text) refers to startup_stm32h743xx.o(HEAP) for Heap_Mem
    startup_stm32h743xx.o(.text) refers to startup_stm32h743xx.o(STACK) for Stack_Mem
    led.o(i.BEEP_Off) refers to stm32h7xx_hal_tim.o(i.HAL_TIM_PWM_Stop) for HAL_TIM_PWM_Stop
    led.o(i.BEEP_Off) refers to tim.o(.bss) for htim17
    led.o(i.BEEP_On) refers to led.o(i.Buzzer_Beep) for Buzzer_Beep
    led.o(i.Beep_Init) refers to stm32h7xx_hal_tim.o(i.HAL_TIM_PWM_Stop) for HAL_TIM_PWM_Stop
    led.o(i.Beep_Init) refers to tim.o(.bss) for htim17
    led.o(i.Buzzer_Beep) refers to stm32h7xx_hal_tim.o(i.HAL_TIM_PWM_Start) for HAL_TIM_PWM_Start
    led.o(i.Buzzer_Beep) refers to led.o(i.BEEP_Off) for BEEP_Off
    led.o(i.Buzzer_Beep) refers to tim.o(.bss) for htim17
    led.o(i.LED1_Off) refers to stm32h7xx_hal_gpio.o(i.HAL_GPIO_WritePin) for HAL_GPIO_WritePin
    led.o(i.LED1_On) refers to stm32h7xx_hal_gpio.o(i.HAL_GPIO_WritePin) for HAL_GPIO_WritePin
    led.o(i.LED2_Off) refers to stm32h7xx_hal_gpio.o(i.HAL_GPIO_WritePin) for HAL_GPIO_WritePin
    led.o(i.LED2_On) refers to stm32h7xx_hal_gpio.o(i.HAL_GPIO_WritePin) for HAL_GPIO_WritePin
    led.o(i.LED3_Off) refers to stm32h7xx_hal_gpio.o(i.HAL_GPIO_WritePin) for HAL_GPIO_WritePin
    led.o(i.LED3_On) refers to stm32h7xx_hal_gpio.o(i.HAL_GPIO_WritePin) for HAL_GPIO_WritePin
    led.o(i.LED4_Off) refers to stm32h7xx_hal_gpio.o(i.HAL_GPIO_WritePin) for HAL_GPIO_WritePin
    led.o(i.LED4_On) refers to stm32h7xx_hal_gpio.o(i.HAL_GPIO_WritePin) for HAL_GPIO_WritePin
    led.o(i.LED5_Off) refers to stm32h7xx_hal_gpio.o(i.HAL_GPIO_WritePin) for HAL_GPIO_WritePin
    led.o(i.LED5_On) refers to stm32h7xx_hal_gpio.o(i.HAL_GPIO_WritePin) for HAL_GPIO_WritePin
    led.o(i.LED6_Off) refers to stm32h7xx_hal_gpio.o(i.HAL_GPIO_WritePin) for HAL_GPIO_WritePin
    led.o(i.LED6_On) refers to stm32h7xx_hal_gpio.o(i.HAL_GPIO_WritePin) for HAL_GPIO_WritePin
    led.o(i.LED7_Off) refers to stm32h7xx_hal_gpio.o(i.HAL_GPIO_WritePin) for HAL_GPIO_WritePin
    led.o(i.LED7_On) refers to stm32h7xx_hal_gpio.o(i.HAL_GPIO_WritePin) for HAL_GPIO_WritePin
    led.o(i.LED8_Off) refers to stm32h7xx_hal_gpio.o(i.HAL_GPIO_WritePin) for HAL_GPIO_WritePin
[...]
    HAL_RCCEx_GetPLL3ClockFreq               0x08004d19   Thumb Code   296  stm32h7xx_hal_rcc_ex.o(i.HAL_RCCEx_GetPLL3ClockFreq)
    HAL_RCCEx_GetPeriphCLKFreq               0x08004e5d   Thumb Code   694  stm32h7xx_hal_rcc_ex.o(i.HAL_RCCEx_GetPeriphCLKFreq)
    HAL_RCCEx_PeriphCLKConfig                0x08005125   Thumb Code  2472  stm32h7xx_hal_rcc_ex.o(i.HAL_RCCEx_PeriphCLKConfig)
    HAL_RCC_ClockConfig                      0x08005ad1   Thumb Code   580  stm32h7xx_hal_rcc.o(i.HAL_RCC_ClockConfig)
    HAL_RCC_GetHCLKFreq                      0x08005d2d   Thumb Code    52  stm32h7xx_hal_rcc.o(i.HAL_RCC_GetHCLKFreq)
    HAL_RCC_GetPCLK1Freq                     0x08005d71   Thumb Code    26  stm32h7xx_hal_rcc.o(i.HAL_RCC_GetPCLK1Freq)
    HAL_RCC_GetPCLK2Freq                     0x08005d95   Thumb Code    26  stm32h7xx_hal_rcc.o(i.HAL_RCC_GetPCLK2Freq)
    HAL_RCC_GetSysClockFreq                  0x08005db9   Thumb Code   278  stm32h7xx_hal_rcc.o(i.HAL_RCC_GetSysClockFreq)
    HAL_RCC_OscConfig                        0x08005ef1   Thumb Code  1410  stm32h7xx_hal_rcc.o(i.HAL_RCC_OscConfig)
    HAL_SPI_ErrorCallback                    0x08006475   Thumb Code    16  u_spi.o(i.HAL_SPI_ErrorCallback)
    HAL_SPI_IRQHandler                       0x0800648d   Thumb Code   544  stm32h7xx_hal_spi.o(i.HAL_SPI_IRQHandler)
    HAL_SPI_Init                             0x080066b1   Thumb Code   366  stm32h7xx_hal_spi.o(i.HAL_SPI_Init)
    HAL_SPI_MspInit                          0x0800682d   Thumb Code   308  spi.o(i.HAL_SPI_MspInit)
    HAL_SPI_RxCpltCallback                   0x08006979   Thumb Code     2  stm32h7xx_hal_spi.o(i.HAL_SPI_RxCpltCallback)
    HAL_SPI_SuspendCallback                  0x0800697b   Thumb Code     2  stm32h7xx_hal_spi.o(i.HAL_SPI_SuspendCallback)
    HAL_SPI_TransmitReceive_DMA              0x0800697d   Thumb Code   498  stm32h7xx_hal_spi.o(i.HAL_SPI_TransmitReceive_DMA)
    HAL_SPI_TxCpltCallback                   0x08006b7d   Thumb Code     2  stm32h7xx_hal_spi.o(i.HAL_SPI_TxCpltCallback)
    HAL_SPI_TxRxCpltCallback                 0x08006b81   Thumb Code    14  u_spi.o(i.HAL_SPI_TxRxCpltCallback)
    HAL_SPI_TxRxHalfCpltCallback             0x08006b95   Thumb Code     2  stm32h7xx_hal_spi.o(i.HAL_SPI_TxRxHalfCpltCallback)
    HAL_SYSTICK_Config                       0x08006b97   Thumb Code    38  stm32h7xx_hal_cortex.o(i.HAL_SYSTICK_Config)
    HAL_TIMEx_Break2Callback                 0x08006bbd   Thumb Code     2  stm32h7xx_hal_tim_ex.o(i.HAL_TIMEx_Break2Callback)
    HAL_TIMEx_BreakCallback                  0x08006bbf   Thumb Code     2  stm32h7xx_hal_tim_ex.o(i.HAL_TIMEx_BreakCallback)
    HAL_TIMEx_CommutCallback                 0x08006bc1   Thumb Code     2  stm32h7xx_hal_tim_ex.o(i.HAL_TIMEx_CommutCallback)
    HAL_TIMEx_ConfigBreakDeadTime            0x08006bc5   Thumb Code   150  stm32h7xx_hal_tim_ex.o(i.HAL_TIMEx_ConfigBreakDeadTime)
    HAL_TIMEx_MasterConfigSynchronization    0x08006c65   Thumb Code   134  stm32h7xx_hal_tim_ex.o(i.HAL_TIMEx_MasterConfigSynchronization)
    HAL_TIM_Base_Init                        0x08006d09   Thumb Code    98  stm32h7xx_hal_tim.o(i.HAL_TIM_Base_Init)
    HAL_TIM_Base_MspInit                     0x08006d6d   Thumb Code    76  tim.o(i.HAL_TIM_Base_MspInit)
    HAL_TIM_Base_Start_IT                    0x08006dc5   Thumb Code   106  stm32h7xx_hal_tim.o(i.HAL_TIM_Base_Start_IT)
    HAL_TIM_IC_CaptureCallback               0x08006e51   Thumb Code     2  stm32h7xx_hal_tim.o(i.HAL_TIM_IC_CaptureCallback)
    HAL_TIM_IRQHandler                       0x08006e53   Thumb Code   328  stm32h7xx_hal_tim.o(i.HAL_TIM_IRQHandler)
    HAL_TIM_MspPostInit                      0x08006f9d   Thumb Code    68  tim.o(i.HAL_TIM_MspPostInit)
    HAL_TIM_OC_DelayElapsedCallback          0x08006fed   Thumb Code     2  stm32h7xx_hal_tim.o(i.HAL_TIM_OC_DelayElapsedCallback)
    HAL_TIM_PWM_ConfigChannel                0x08006fef   Thumb Code   292  stm32h7xx_hal_tim.o(i.HAL_TIM_PWM_ConfigChannel)
    HAL_TIM_PWM_Init                         0x08007113   Thumb Code    98  stm32h7xx_hal_tim.o(i.HAL_TIM_PWM_Init)
    HAL_TIM_PWM_MspInit                      0x08007175   Thumb Code     2  stm32h7xx_hal_tim.o(i.HAL_TIM_PWM_MspInit)
    HAL_TIM_PWM_PulseFinishedCallback        0x08007177   Thumb Code     2  stm32h7xx_hal_tim.o(i.HAL_TIM_PWM_PulseFinishedCallback)
    HAL_TIM_PWM_Start                        0x08007179   Thumb Code   232  stm32h7xx_hal_tim.o(i.HAL_TIM_PWM_Start)
    HAL_TIM_PWM_Stop                         0x08007289   Thumb Code   154  stm32h7xx_hal_tim.o(i.HAL_TIM_PWM_Stop)
    HAL_TIM_PeriodElapsedCallback            0x08007339   Thumb Code   102  system_control.o(i.HAL_TIM_PeriodElapsedCallback)
    HAL_TIM_TriggerCallback                  0x080073a9   Thumb Code     2  stm32h7xx_hal_tim.o(i.HAL_TIM_TriggerCallback)
    HAL_UARTEx_DisableFifoMode               0x080073ab   Thumb Code    64  stm32h7xx_hal_uart_ex.o(i.HAL_UARTEx_DisableFifoMode)
    HAL_UARTEx_RxEventCallback               0x080073eb   Thumb Code     2  stm32h7xx_hal_uart.o(i.HAL_UARTEx_RxEventCallback)
    HAL_UARTEx_RxFifoFullCallback            0x080073ed   Thumb Code     2  stm32h7xx_hal_uart_ex.o(i.HAL_UARTEx_RxFifoFullCallback)
    HAL_UARTEx_SetRxFifoThreshold            0x080073ef   Thumb Code    76  stm32h7xx_hal_uart_ex.o(i.HAL_UARTEx_SetRxFifoThreshold)
    HAL_UARTEx_SetTxFifoThreshold            0x0800743b   Thumb Code    76  stm32h7xx_hal_uart_ex.o(i.HAL_UARTEx_SetTxFifoThreshold)
    HAL_UARTEx_TxFifoEmptyCallback           0x08007487   Thumb Code     2  stm32h7xx_hal_uart_ex.o(i.HAL_UARTEx_TxFifoEmptyCallback)
    HAL_UARTEx_WakeupCallback                0x08007489   Thumb Code     2  stm32h7xx_hal_uart_ex.o(i.HAL_UARTEx_WakeupCallback)
    HAL_UART_ErrorCallback                   0x0800748b   Thumb Code     2  stm32h7xx_hal_uart.o(i.HAL_UART_ErrorCallback)
    HAL_UART_IRQHandler                      0x0800748d   Thumb Code   898  stm32h7xx_hal_uart.o(i.HAL_UART_IRQHandler)
    HAL_UART_Init                            0x08007829   Thumb Code   106  stm32h7xx_hal_uart.o(i.HAL_UART_Init)
    HAL_UART_MspInit                         0x08007895   Thumb Code   172  usart.o(i.HAL_UART_MspInit)
    HAL_UART_TxCpltCallback                  0x08007951   Thumb Code     2  stm32h7xx_hal_uart.o(i.HAL_UART_TxCpltCallback)
    HardFault_Handler                        0x08007953   Thumb Code     2  stm32h7xx_it.o(i.HardFault_Handler)
    LED1_Off                                 0x0800798d   Thumb Code    10  led.o(i.LED1_Off)
    LED1_On                                  0x0800799d   Thumb Code    10  led.o(i.LED1_On)
    LED2_Off                                 0x080079ad   Thumb Code    10  led.o(i.LED2_Off)
    LED2_On                                  0x080079bd   Thumb Code    10  led.o(i.LED2_On)
    LED3_Off                                 0x080079cd   Thumb Code    12  led.o(i.LED3_Off)
    LED3_On                                  0x080079dd   Thumb Code    10  led.o(i.LED3_On)
    LED4_Off                                 0x080079ed   Thumb Code    10  led.o(i.LED4_Off)
    LED4_On                                  0x080079fd   Thumb Code    10  led.o(i.LED4_On)
    LED5_Off                                 0x08007a0d   Thumb Code    10  led.o(i.LED5_Off)
    LED5_On                                  0x08007a1d   Thumb Code    10  led.o(i.LED5_On)
    LED6_Off                                 0x08007a2d   Thumb Code    10  led.o(i.LED6_Off)
    LED6_On                                  0x08007a3d   Thumb Code    10  led.o(i.LED6_On)
    LED7_Off                                 0x08007a4d   Thumb Code    10  led.o(i.LED7_Off)
    LED7_On                                  0x08007a5d   Thumb Code    10  led.o(i.LED7_On)
    LED8_Off                                 0x08007a6d   Thumb Code    10  led.o(i.LED8_Off)
    LED8_On                                  0x08007a7d   Thumb Code    10  led.o(i.LED8_On)
    LED_Indicator_BeepAlarm                  0x08007a8d   Thumb Code    20  led_indicator.o(i.LED_Indicator_BeepAlarm)
    LED_Indicator_BeepStop                   0x08007aa5   Thumb Code    14  led_indicator.o(i.LED_Indicator_BeepStop)
    LED_Indicator_ClearError                 0x08007ab9   Thumb Code    26  led_indicator.o(i.LED_Indicator_ClearError)
    LED_Indicator_Process                    0x08007ad9   Thumb Code   296  led_indicator.o(i.LED_Indicator_Process)
    LED_Indicator_SetError                   0x08007c09   Thumb Code    30  led_indicator.o(i.LED_Indicator_SetError)
    LED_Indicator_TestMode                   0x08007c2d   Thumb Code   208  led_indicator.o(i.LED_Indicator_TestMode)
    LED_Indicator_Trigger                    0x08007cfd   Thumb Code    62  led_indicator.o(i.LED_Indicator_Trigger)
    MX_ADC1_Init                             0x08007d59   Thumb Code   130  adc.o(i.MX_ADC1_Init)
    MX_DMA_Init                              0x08007de9   Thumb Code    56  dma.o(i.MX_DMA_Init)
    MX_FDCAN1_Init                           0x08007e25   Thumb Code    90  fdcan.o(i.MX_FDCAN1_Init)
    MX_GPIO_Init                             0x08007e89   Thumb Code   234  gpio.o(i.MX_GPIO_Init)
    MX_SPI1_Init                             0x08007f89   Thumb Code    80  spi.o(i.MX_SPI1_Init)
    MX_TIM17_Init                            0x08007fe1   Thumb Code   148  tim.o(i.MX_TIM17_Init)
    MX_TIM6_Init                             0x0800807d   Thumb Code    62  tim.o(i.MX_TIM6_Init)
    MX_UART4_Init                            0x080080c5   Thumb Code    94  usart.o(i.MX_UART4_Init)
    MX_USB_DEVICE_Init                       0x0800812d   Thumb Code    66  usb_device.o(i.MX_USB_DEVICE_Init)
    MemManage_Handler                        0x08008181   Thumb Code     2  stm32h7xx_it.o(i.MemManage_Handler)
    Motor_Calib_ApplyTransform               0x08008185   Thumb Code   292  motor_calib.o(i.Motor_Calib_ApplyTransform)
    Motor_Calib_FeedSample                   0x080082dd   Thumb Code    96  motor_calib.o(i.Motor_Calib_FeedSample)
    Motor_Calib_GetState                     0x08008345   Thumb Code     6  motor_calib.o(i.Motor_Calib_GetState)
    Motor_Calib_Init                         0x08008351   Thumb Code   142  motor_calib.o(i.Motor_Calib_Init)
    Motor_GetMasterID                        0x080083f5   Thumb Code     2  motor.o(i.Motor_GetMasterID)
    Motor_KD_PhysToRaw                       0x080083f9   Thumb Code    72  motor.o(i.Motor_KD_PhysToRaw)
    Motor_KD_RawToPhys                       0x0800844d   Thumb Code    36  motor.o(i.Motor_KD_RawToPhys)
    Motor_KP_PhysToRaw                       0x08008475   Thumb Code    62  motor.o(i.Motor_KP_PhysToRaw)
    Motor_KP_RawToPhys                       0x080084c5   Thumb Code    36  motor.o(i.Motor_KP_RawToPhys)
    Motor_PackControlData                    0x080084f1   Thumb Code   122  motor.o(i.Motor_PackControlData)
    Motor_Pos_PhysToRaw                      0x0800856d   Thumb Code    70  motor.o(i.Motor_Pos_PhysToRaw)
    Motor_Pos_RawToPhys                      0x080085c1   Thumb Code    34  motor.o(i.Motor_Pos_RawToPhys)
    Motor_Torque_PhysToRaw                   0x080085e9   Thumb Code    80  motor.o(i.Motor_Torque_PhysToRaw)
    Motor_Torque_RawToPhys                   0x08008649   Thumb Code    44  motor.o(i.Motor_Torque_RawToPhys)
    Motor_UnpackControlData                  0x0800867d   Thumb Code   126  motor.o(i.Motor_UnpackControlData)
    Motor_UnpackFeedbackData                 0x080086fd   Thumb Code   138  motor.o(i.Motor_UnpackFeedbackData)
    Motor_Vel_PhysToRaw                      0x08008795   Thumb Code    80  motor.o(i.Motor_Vel_PhysToRaw)
    Motor_Vel_RawToPhys                      0x080087f5   Thumb Code    44  motor.o(i.Motor_Vel_RawToPhys)
    NMI_Handler                              0x08008829   Thumb Code     2  stm32h7xx_it.o(i.NMI_Handler)
    OTG_FS_IRQHandler                        0x0800882d   Thumb Code     6  stm32h7xx_it.o(i.OTG_FS_IRQHandler)
    PendSV_Handler                           0x080089a7   Thumb Code     2  stm32h7xx_it.o(i.PendSV_Handler)
    PeriphCommonClock_Config                 0x080089a9   Thumb Code    74  main.o(i.PeriphCommonClock_Config)
    Protocol_CalcChecksum                    0x080089f3   Thumb Code    24  usbcol.o(i.Protocol_CalcChecksum)
    Protocol_HasCompletePacket               0x08008a0d   Thumb Code    72  usbcol.o(i.Protocol_HasCompletePacket)
    Protocol_Init                            0x08008a61   Thumb Code    34  usbcol.o(i.Protocol_Init)
    Protocol_PackFeedbackPkg                 0x08008a91   Thumb Code   282  usbcol.o(i.Protocol_PackFeedbackPkg)
    Protocol_ParseControlPkg                 0x08008bbd   Thumb Code   140  usbcol.o(i.Protocol_ParseControlPkg)
    Protocol_ProcessRxData                   0x08008c4d   Thumb Code    78  usbcol.o(i.Protocol_ProcessRxData)
    Protocol_ReadPacket                      0x08008ca5   Thumb Code    78  usbcol.o(i.Protocol_ReadPacket)
    Protocol_SendData                        0x08008d01   Thumb Code    42  usbcol.o(i.Protocol_SendData)
    Protocol_SendFeedback                    0x08008d31   Thumb Code    26  usbcol.o(i.Protocol_SendFeedback)
    Protocol_USB_TxCpltCallback              0x08008d51   Thumb Code     8  usbcol.o(i.Protocol_USB_TxCpltCallback)
    SPI1_IRQHandler                          0x08008f9d   Thumb Code     6  stm32h7xx_it.o(i.SPI1_IRQHandler)
    SPI_GetSlaveFeedback                     0x080090dd   Thumb Code     8  u_spi.o(i.SPI_GetSlaveFeedback)
    SPI_PackMotorData                        0x080090e9   Thumb Code   130  u_spi.o(i.SPI_PackMotorData)
    SPI_Protocol_Init                        0x0800916d   Thumb Code    18  u_spi.o(i.SPI_Protocol_Init)
    SPI_SendMotorControl                     0x08009189   Thumb Code    56  u_spi.o(i.SPI_SendMotorControl)
    SPI_TxCpltCallback                       0x080091cd   Thumb Code    80  u_spi.o(i.SPI_TxCpltCallback)
    SVC_Handler                              0x08009225   Thumb Code     2  stm32h7xx_it.o(i.SVC_Handler)
    SysTick_Handler                          0x08009231   Thumb Code     4  stm32h7xx_it.o(i.SysTick_Handler)
    SystemClock_Config                       0x08009235   Thumb Code   158  main.o(i.SystemClock_Config)
    SystemInit                               0x080092dd   Thumb Code   206  system_stm32h7xx.o(i.SystemInit)
    System_Control_Init                      0x08009501   Thumb Code    58  system_control.o(i.System_Control_Init)
    System_Control_Process                   0x08009549   Thumb Code    34  system_control.o(i.System_Control_Process)
    System_ProcessMotorControl               0x08009571   Thumb Code   148  system_control.o(i.System_ProcessMotorControl)
    System_SendFeedback                      0x0800960d   Thumb Code    34  system_control.o(i.System_SendFeedback)
    TIM6_DAC_IRQHandler                      0x08009639   Thumb Code     6  stm32h7xx_it.o(i.TIM6_DAC_IRQHandler)
    TIM_Base_SetConfig                       0x08009645   Thumb Code   170  stm32h7xx_hal_tim.o(i.TIM_Base_SetConfig)
    TIM_CCxChannelCmd                        0x08009711   Thumb Code    26  stm32h7xx_hal_tim.o(i.TIM_CCxChannelCmd)
    TIM_OC2_SetConfig                        0x080097d1   Thumb Code   126  stm32h7xx_hal_tim.o(i.TIM_OC2_SetConfig)
    UART4_IRQHandler                         0x08009a61   Thumb Code     6  stm32h7xx_it.o(i.UART4_IRQHandler)
    UART_AdvFeatureConfig                    0x08009ab1   Thumb Code   200  stm32h7xx_hal_uart.o(i.UART_AdvFeatureConfig)
    UART_CheckIdleState                      0x08009b79   Thumb Code   170  stm32h7xx_hal_uart.o(i.UART_CheckIdleState)
    UART_SetConfig                           0x08009c89   Thumb Code   876  stm32h7xx_hal_uart.o(i.UART_SetConfig)
    UART_WaitOnFlagUntilTimeout              0x0800a035   Thumb Code   148  stm32h7xx_hal_uart.o(i.UART_WaitOnFlagUntilTimeout)
    USBD_CDC_GetDeviceQualifierDescriptor    0x0800a245   Thumb Code     8  usbd_cdc.o(i.USBD_CDC_GetDeviceQualifierDescriptor)
    USBD_CDC_ReceivePacket                   0x0800a42d   Thumb Code    50  usbd_cdc.o(i.USBD_CDC_ReceivePacket)
    USBD_CDC_RegisterInterface               0x0800a465   Thumb Code    22  usbd_cdc.o(i.USBD_CDC_RegisterInterface)
    USBD_CDC_SetRxBuffer                     0x0800a47b   Thumb Code    26  usbd_cdc.o(i.USBD_CDC_SetRxBuffer)
    USBD_CDC_SetTxBuffer                     0x0800a495   Thumb Code    30  usbd_cdc.o(i.USBD_CDC_SetTxBuffer)
    USBD_CDC_TransmitPacket                  0x0800a581   Thumb Code    76  usbd_cdc.o(i.USBD_CDC_TransmitPacket)
    USBD_ClrClassConfig                      0x0800a5d1   Thumb Code    20  usbd_core.o(i.USBD_ClrClassConfig)
    USBD_CoreFindEP                          0x0800a5e5   Thumb Code     4  usbd_core.o(i.USBD_CoreFindEP)
    USBD_CoreFindIF                          0x0800a5e9   Thumb Code     4  usbd_core.o(i.USBD_CoreFindIF)
    USBD_CtlContinueRx                       0x0800a5ed   Thumb Code    16  usbd_ioreq.o(i.USBD_CtlContinueRx)
    USBD_CtlContinueSendData                 0x0800a5fd   Thumb Code    16  usbd_ioreq.o(i.USBD_CtlContinueSendData)
    USBD_CtlError                            0x0800a60d   Thumb Code    22  usbd_ctlreq.o(i.USBD_CtlError)
    USBD_CtlPrepareRx                        0x0800a623   Thumb Code    30  usbd_ioreq.o(i.USBD_CtlPrepareRx)
    USBD_CtlReceiveStatus                    0x0800a641   Thumb Code    22  usbd_ioreq.o(i.USBD_CtlReceiveStatus)
    USBD_CtlSendData                         0x0800a657   Thumb Code    26  usbd_ioreq.o(i.USBD_CtlSendData)
    USBD_CtlSendStatus                       0x0800a671   Thumb Code    22  usbd_ioreq.o(i.USBD_CtlSendStatus)
    USBD_FS_ConfigStrDescriptor              0x0800a689   Thumb Code    16  usbd_desc.o(i.USBD_FS_ConfigStrDescriptor)
    USBD_FS_DeviceDescriptor                 0x0800a6a9   Thumb Code     8  usbd_desc.o(i.USBD_FS_DeviceDescriptor)
    USBD_FS_InterfaceStrDescriptor           0x0800a6b5   Thumb Code    16  usbd_desc.o(i.USBD_FS_InterfaceStrDescriptor)
    USBD_FS_LangIDStrDescriptor              0x0800a6d9   Thumb Code     8  usbd_desc.o(i.USBD_FS_LangIDStrDescriptor)
    USBD_FS_ManufacturerStrDescriptor        0x0800a6e5   Thumb Code    16  usbd_desc.o(i.USBD_FS_ManufacturerStrDescriptor)
    USBD_FS_ProductStrDescriptor             0x0800a70d   Thumb Code    16  usbd_desc.o(i.USBD_FS_ProductStrDescriptor)
    USBD_FS_SerialStrDescriptor              0x0800a739   Thumb Code    50  usbd_desc.o(i.USBD_FS_SerialStrDescriptor)
    USBD_GetEpDesc                           0x0800a86f   Thumb Code    58  usbd_core.o(i.USBD_GetEpDesc)
    USBD_GetNextDesc                         0x0800a8bd   Thumb Code    14  usbd_core.o(i.USBD_GetNextDesc)
    USBD_GetString                           0x0800a8cb   Thumb Code    78  usbd_ctlreq.o(i.USBD_GetString)
    USBD_Get_USB_Status                      0x0800a919   Thumb Code    24  usbd_conf.o(i.USBD_Get_USB_Status)
    USBD_Init                                0x0800a931   Thumb Code    38  usbd_core.o(i.USBD_Init)
    USBD_LL_ClearStallEP                     0x0800a957   Thumb Code    18  usbd_conf.o(i.USBD_LL_ClearStallEP)
    USBD_LL_CloseEP                          0x0800a969   Thumb Code    18  usbd_conf.o(i.USBD_LL_CloseEP)
    USBD_LL_DataInStage                      0x0800a97b   Thumb Code   184  usbd_core.o(i.USBD_LL_DataInStage)
    USBD_LL_DataOutStage                     0x0800aa33   Thumb Code   144  usbd_core.o(i.USBD_LL_DataOutStage)
    USBD_LL_DevConnected                     0x0800aac3   Thumb Code     4  usbd_core.o(i.USBD_LL_DevConnected)
    USBD_LL_DevDisconnected                  0x0800aac7   Thumb Code    32  usbd_core.o(i.USBD_LL_DevDisconnected)
    USBD_LL_GetRxDataSize                    0x0800aae7   Thumb Code     8  usbd_conf.o(i.USBD_LL_GetRxDataSize)
    USBD_LL_Init                             0x0800aaf1   Thumb Code    90  usbd_conf.o(i.USBD_LL_Init)
    USBD_LL_IsStallEP                        0x0800ab55   Thumb Code    30  usbd_conf.o(i.USBD_LL_IsStallEP)
    USBD_LL_IsoINIncomplete                  0x0800ab73   Thumb Code    40  usbd_core.o(i.USBD_LL_IsoINIncomplete)
    USBD_LL_IsoOUTIncomplete                 0x0800ab9b   Thumb Code    40  usbd_core.o(i.USBD_LL_IsoOUTIncomplete)
    USBD_LL_OpenEP                           0x0800abc3   Thumb Code    24  usbd_conf.o(i.USBD_LL_OpenEP)
    USBD_LL_PrepareReceive                   0x0800abdb   Thumb Code    18  usbd_conf.o(i.USBD_LL_PrepareReceive)
    USBD_LL_Reset                            0x0800abed   Thumb Code    94  usbd_core.o(i.USBD_LL_Reset)
    USBD_LL_Resume                           0x0800ac4b   Thumb Code    20  usbd_core.o(i.USBD_LL_Resume)
    USBD_LL_SOF                              0x0800ac5f   Thumb Code    26  usbd_core.o(i.USBD_LL_SOF)
    USBD_LL_SetSpeed                         0x0800ac79   Thumb Code     6  usbd_core.o(i.USBD_LL_SetSpeed)
    USBD_LL_SetUSBAddress                    0x0800ac7f   Thumb Code    18  usbd_conf.o(i.USBD_LL_SetUSBAddress)
    USBD_LL_SetupStage                       0x0800ac91   Thumb Code    96  usbd_core.o(i.USBD_LL_SetupStage)
    USBD_LL_StallEP                          0x0800acf1   Thumb Code    18  usbd_conf.o(i.USBD_LL_StallEP)
    USBD_LL_Start                            0x0800ad03   Thumb Code    18  usbd_conf.o(i.USBD_LL_Start)
    USBD_LL_Suspend                          0x0800ad15   Thumb Code    26  usbd_core.o(i.USBD_LL_Suspend)
    USBD_LL_Transmit                         0x0800ad2f   Thumb Code    18  usbd_conf.o(i.USBD_LL_Transmit)
    USBD_ParseSetupRequest                   0x0800ad41   Thumb Code    42  usbd_ctlreq.o(i.USBD_ParseSetupRequest)
    USBD_RegisterClass                       0x0800ad6b   Thumb Code    58  usbd_core.o(i.USBD_RegisterClass)
    USBD_SetClassConfig                      0x0800ada5   Thumb Code    20  usbd_core.o(i.USBD_SetClassConfig)
    USBD_Start                               0x0800ae75   Thumb Code     4  usbd_core.o(i.USBD_Start)
    USBD_StdDevReq                           0x0800ae79   Thumb Code   302  usbd_ctlreq.o(i.USBD_StdDevReq)
    USBD_StdEPReq                            0x0800afa7   Thumb Code   356  usbd_ctlreq.o(i.USBD_StdEPReq)
    USBD_StdItfReq                           0x0800b10b   Thumb Code   116  usbd_ctlreq.o(i.USBD_StdItfReq)
    USBD_static_free                         0x0800b17f   Thumb Code     2  usbd_conf.o(i.USBD_static_free)
    USBD_static_malloc                       0x0800b181   Thumb Code     4  usbd_conf.o(i.USBD_static_malloc)
    USB_ActivateEndpoint                     0x0800b189   Thumb Code   124  stm32h7xx_ll_usb.o(i.USB_ActivateEndpoint)
    USB_ActivateSetup                        0x0800b209   Thumb Code    28  stm32h7xx_ll_usb.o(i.USB_ActivateSetup)
    USB_CoreInit                             0x0800b225   Thumb Code   142  stm32h7xx_ll_usb.o(i.USB_CoreInit)
    USB_DeactivateEndpoint                   0x0800b2f9   Thumb Code   194  stm32h7xx_ll_usb.o(i.USB_DeactivateEndpoint)
    USB_DevConnect                           0x0800b3c5   Thumb Code    28  stm32h7xx_ll_usb.o(i.USB_DevConnect)
    USB_DevDisconnect                        0x0800b3e1   Thumb Code    28  stm32h7xx_ll_usb.o(i.USB_DevDisconnect)
    USB_DevInit                              0x0800b3fd   Thumb Code   354  stm32h7xx_ll_usb.o(i.USB_DevInit)
    USB_DisableGlobalInt                     0x0800b569   Thumb Code    12  stm32h7xx_ll_usb.o(i.USB_DisableGlobalInt)
    USB_EP0_OutStart                         0x0800b575   Thumb Code    84  stm32h7xx_ll_usb.o(i.USB_EP0_OutStart)
    USB_EPClearStall                         0x0800b5cd   Thumb Code    88  stm32h7xx_ll_usb.o(i.USB_EPClearStall)
    USB_EPSetStall                           0x0800b625   Thumb Code    88  stm32h7xx_ll_usb.o(i.USB_EPSetStall)
    USB_EPStartXfer                          0x0800b67d   Thumb Code   572  stm32h7xx_ll_usb.o(i.USB_EPStartXfer)
    USB_EPStopXfer                           0x0800b8bd   Thumb Code   158  stm32h7xx_ll_usb.o(i.USB_EPStopXfer)
    USB_EnableGlobalInt                      0x0800b95b   Thumb Code    12  stm32h7xx_ll_usb.o(i.USB_EnableGlobalInt)
    USB_FlushRxFifo                          0x0800b967   Thumb Code    56  stm32h7xx_ll_usb.o(i.USB_FlushRxFifo)
    USB_FlushTxFifo                          0x0800b99f   Thumb Code    60  stm32h7xx_ll_usb.o(i.USB_FlushTxFifo)
    USB_GetDevSpeed                          0x0800b9db   Thumb Code    26  stm32h7xx_ll_usb.o(i.USB_GetDevSpeed)
    USB_GetMode                              0x0800b9f5   Thumb Code     8  stm32h7xx_ll_usb.o(i.USB_GetMode)
    USB_ReadDevAllInEpInterrupt              0x0800b9fd   Thumb Code    14  stm32h7xx_ll_usb.o(i.USB_ReadDevAllInEpInterrupt)
    USB_ReadDevAllOutEpInterrupt             0x0800ba0b   Thumb Code    14  stm32h7xx_ll_usb.o(i.USB_ReadDevAllOutEpInterrupt)
    USB_ReadDevInEPInterrupt                 0x0800ba19   Thumb Code    36  stm32h7xx_ll_usb.o(i.USB_ReadDevInEPInterrupt)
    USB_ReadDevOutEPInterrupt                0x0800ba3d   Thumb Code    16  stm32h7xx_ll_usb.o(i.USB_ReadDevOutEPInterrupt)
    USB_ReadInterrupts                       0x0800ba4d   Thumb Code     8  stm32h7xx_ll_usb.o(i.USB_ReadInterrupts)
    USB_ReadPacket                           0x0800ba55   Thumb Code    64  stm32h7xx_ll_usb.o(i.USB_ReadPacket)
    USB_SetCurrentMode                       0x0800ba95   Thumb Code    94  stm32h7xx_ll_usb.o(i.USB_SetCurrentMode)
    USB_SetDevAddress                        0x0800baf3   Thumb Code    34  stm32h7xx_ll_usb.o(i.USB_SetDevAddress)
    USB_SetTurnaroundTime                    0x0800bb15   Thumb Code   158  stm32h7xx_ll_usb.o(i.USB_SetTurnaroundTime)
    USB_WritePacket                          0x0800bbfd   Thumb Code    40  stm32h7xx_ll_usb.o(i.USB_WritePacket)
    UsageFault_Handler                       0x0800bc25   Thumb Code     2  stm32h7xx_it.o(i.UsageFault_Handler)
    main                                     0x0800bc49   Thumb Code   158  main.o(i.main)
    _fp_init                                 0x0800bce7   Thumb Code    10  fpinit.o(x$fpl$fpinit)
    __fplib_config_fpu_vfp                   0x0800bcef   Thumb Code     0  fpinit.o(x$fpl$fpinit)
    __fplib_config_pureend_doubles           0x0800bcef   Thumb Code     0  fpinit.o(x$fpl$fpinit)
    UARTPrescTable                           0x0800bd90   Data          24  stm32h7xx_hal_uart.o(.constdata)
    D1CorePrescTable                         0x0800bdb8   Data          16  system_stm32h7xx.o(.constdata)
    Region$$Table$$Base                      0x0800bdc8   Number         0  anon$$obj.o(Region$$Table)
    Region$$Table$$Limit                     0x0800bde8   Number         0  anon$$obj.o(Region$$Table)
    FS_Desc                                  0x2400002c   Data          32  usbd_desc.o(.data)
    USBD_LangIDDesc                          0x2400004c   Data           4  usbd_desc.o(.data)
    USBD_FS_DeviceDesc                       0x24000050   Data          18  usbd_desc.o(.data)
    USBD_StringSerial                        0x24000064   Data          26  usbd_desc.o(.data)
    USBD_Interface_fops_FS                   0x24000080   Data          20  usbd_cdc_if.o(.data)
    uwTickFreq                               0x24000094   Data           1  stm32h7xx_hal.o(.data)
    uwTickPrio                               0x24000098   Data           4  stm32h7xx_hal.o(.data)
    uwTick                                   0x2400009c   Data           4  stm32h7xx_hal.o(.data)
    SystemCoreClock                          0x240000a0   Data           4  system_stm32h7xx.o(.data)
    SystemD2Clock                            0x240000a4   Data           4  system_stm32h7xx.o(.data)
    USBD_CDC                                 0x24000100   Data          56  usbd_cdc.o(.data)
    g_rx_buffer                              0x240005d4   Data         512  usbcol.o(.bss)
    g_can_tx_ok                              0x24000970   Data          12  system_control.o(.bss)
    g_can_tx_fail                            0x2400097c   Data          12  system_control.o(.bss)
    g_motor_params                           0x240009d0   Data         240  system_control.o(.bss)
    hadc1                                    0x24000ccc   Data         100  adc.o(.bss)
    hfdcan1                                  0x24000d30   Data         160  fdcan.o(.bss)
    hspi1                                    0x24000dd0   Data         136  spi.o(.bss)
    hdma_spi1_tx                             0x24000e58   Data         120  spi.o(.bss)
    hdma_spi1_rx                             0x24000ed0   Data         120  spi.o(.bss)
    htim6                                    0x24000f48   Data          76  tim.o(.bss)
    htim17                                   0x24000f94   Data          76  tim.o(.bss)
    huart4                                   0x24000fe0   Data         148  usart.o(.bss)
    hUsbDeviceFS                             0x24001074   Data         732  usb_device.o(.bss)
    USBD_StrDesc                             0x24001350   Data         512  usbd_desc.o(.bss)
    UserRxBufferFS                           0x24001550   Data        2048  usbd_cdc_if.o(.bss)
    UserTxBufferFS                           0x24001d50   Data        2048  usbd_cdc_if.o(.bss)
    hpcd_USB_OTG_FS                          0x24002770   Data        1252  usbd_conf.o(.bss)
    pFlash                                   0x24002c54   Data          28  stm32h7xx_hal_flash.o(.bss)
    __libspace_start                         0x24002c70   Data          96  libspace.o(.bss)
    __temporary_stack_top$libspace           0x24002cd0   Data           0  libspace.o(.bss)



==============================================================================

Memory Map of the image

  Image Entry point : 0x08000299

  Load Region LR_IROM1 (Base: 0x08000000, Size: 0x0000bf20, Max: 0x00200000, ABSOLUTE, COMPRESSED[0x0000bea4])

    Execution Region ER_IROM1 (Exec base: 0x08000000, Load base: 0x08000000, Size: 0x0000bde8, Max: 0x00200000, ABSOLUTE)

    Exec Addr    Load Addr    Size         Type   Attr      Idx    E Section Name        Object

    0x08000000   0x08000000   0x00000298   Data   RO            3    RESET               startup_stm32h743xx.o
    0x08000298   0x08000298   0x00000008   Code   RO         8369  * !!!main             c_w.l(__main.o)
    0x080002a0   0x080002a0   0x00000034   Code   RO         8732    !!!scatter          c_w.l(__scatter.o)
    0x080002d4   0x080002d4   0x0000005a   Code   RO         8730    !!dczerorl2         c_w.l(__dczerorl2.o)
    0x0800032e   0x0800032e   0x00000002   PAD
    0x08000330   0x08000330   0x0000001c   Code   RO         8734    !!handler_zi        c_w.l(__scatter_zi.o)
    0x0800034c   0x0800034c   0x00000002   Code   RO         8519    .ARM.Collect$$libinit$$00000000  c_w.l(libinit.o)
    0x0800034e   0x0800034e   0x00000004   Code   RO         8520    .ARM.Collect$$libinit$$00000001  c_w.l(libinit2.o)
    0x08000352   0x08000352   0x00000000   Code   RO         8523    .ARM.Collect$$libinit$$00000004  c_w.l(libinit2.o)
    0x08000352   0x08000352   0x00000000   Code   RO         8526    .ARM.Collect$$libinit$$0000000A  c_w.l(libinit2.o)
    0x08000352   0x08000352   0x00000000   Code   RO         8528    .ARM.Collect$$libinit$$0000000C  c_w.l(libinit2.o)
    0x08000352   0x08000352   0x00000000   Code   RO         8530    .ARM.Collect$$libinit$$0000000E  c_w.l(libinit2.o)
    0x08000352   0x08000352   0x00000000   Code   RO         8533    .ARM.Collect$$libinit$$00000011  c_w.l(libinit2.o)
    0x08000352   0x08000352   0x00000000   Code   RO         8535    .ARM.Collect$$libinit$$00000013  c_w.l(libinit2.o)
    0x08000352   0x08000352   0x00000000   Code   RO         8537    .ARM.Collect$$libinit$$00000015  c_w.l(libinit2.o)
    0x08000352   0x08000352   0x00000000   Code   RO         8539    .ARM.Collect$$libinit$$00000017  c_w.l(libinit2.o)
    0x08000352   0x08000352   0x00000000   Code   RO         8541    .ARM.Collect$$libinit$$00000019  c_w.l(libinit2.o)
    0x08000352   0x08000352   0x00000000   Code   RO         8543    .ARM.Collect$$libinit$$0000001B  c_w.l(libinit2.o)
    0x08000352   0x08000352   0x00000000   Code   RO         8545    .ARM.Collect$$libinit$$0000001D  c_w.l(libinit2.o)
    0x08000352   0x08000352   0x00000000   Code   RO         8547    .ARM.Collect$$libinit$$0000001F  c_w.l(libinit2.o)
    0x08000352   0x08000352   0x00000000   Code   RO         8549    .ARM.Collect$$libinit$$00000021  c_w.l(libinit2.o)
    0x08000352   0x08000352   0x00000000   Code   RO         8551    .ARM.Collect$$libinit$$00000023  c_w.l(libinit2.o)
    0x08000352   0x08000352   0x00000000   Code   RO         8553    .ARM.Collect$$libinit$$00000025  c_w.l(libinit2.o)
    0x08000352   0x08000352   0x00000000   Code   RO         8557    .ARM.Collect$$libinit$$0000002C  c_w.l(libinit2.o)
    0x08000352   0x08000352   0x00000000   Code   RO         8559    .ARM.Collect$$libinit$$0000002E  c_w.l(libinit2.o)
    0x08000352   0x08000352   0x00000000   Code   RO         8561    .ARM.Collect$$libinit$$00000030  c_w.l(libinit2.o)
    0x08000352   0x08000352   0x00000000   Code   RO         8563    .ARM.Collect$$libinit$$00000032  c_w.l(libinit2.o)
    0x08000352   0x08000352   0x00000002   Code   RO         8564    .ARM.Collect$$libinit$$00000033  c_w.l(libinit2.o)
    0x08000354   0x08000354   0x00000002   Code   RO         8711    .ARM.Collect$$libshutdown$$00000000  c_w.l(libshutdown.o)
    0x08000356   0x08000356   0x00000000   Code   RO         8566    .ARM.Collect$$libshutdown$$00000002  c_w.l(libshutdown2.o)
    0x08000356   0x08000356   0x00000000   Code   RO         8568    .ARM.Collect$$libshutdown$$00000004  c_w.l(libshutdown2.o)
    0x08000356   0x08000356   0x00000000   Code   RO         8570    .ARM.Collect$$libshutdown$$00000006  c_w.l(libshutdown2.o)
    0x08000356   0x08000356   0x00000000   Code   RO         8573    .ARM.Collect$$libshutdown$$00000009  c_w.l(libshutdown2.o)
    0x08000356   0x08000356   0x00000000   Code   RO         8576    .ARM.Collect$$libshutdown$$0000000C  c_w.l(libshutdown2.o)
    0x08000356   0x08000356   0x00000000   Code   RO         8578    .ARM.Collect$$libshutdown$$0000000E  c_w.l(libshutdown2.o)
    0x08000356   0x08000356   0x00000000   Code   RO         8581    .ARM.Collect$$libshutdown$$00000011  c_w.l(libshutdown2.o)
    0x08000356   0x08000356   0x00000002   Code   RO         8582    .ARM.Collect$$libshutdown$$00000012  c_w.l(libshutdown2.o)
    0x08000358   0x08000358   0x00000000   Code   RO         8371    .ARM.Collect$$rtentry$$00000000  c_w.l(__rtentry.o)
    0x08000358   0x08000358   0x00000000   Code   RO         8394    .ARM.Collect$$rtentry$$00000002  c_w.l(__rtentry2.o)
    0x08000358   0x08000358   0x00000006   Code   RO         8406    .ARM.Collect$$rtentry$$00000004  c_w.l(__rtentry4.o)
    0x0800035e   0x0800035e   0x00000000   Code   RO         8396    .ARM.Collect$$rtentry$$00000009  c_w.l(__rtentry2.o)
    0x0800035e   0x0800035e   0x00000004   Code   RO         8397    .ARM.Collect$$rtentry$$0000000A  c_w.l(__rtentry2.o)
    0x08000362   0x08000362   0x00000000   Code   RO         8399    .ARM.Collect$$rtentry$$0000000C  c_w.l(__rtentry2.o)
    0x08000362   0x08000362   0x00000008   Code   RO         8400    .ARM.Collect$$rtentry$$0000000D  c_w.l(__rtentry2.o)
    0x0800036a   0x0800036a   0x00000002   Code   RO         8591    .ARM.Collect$$rtexit$$00000000  c_w.l(rtexit.o)
    0x0800036c   0x0800036c   0x00000000   Code   RO         8649    .ARM.Collect$$rtexit$$00000002  c_w.l(rtexit2.o)
    0x0800036c   0x0800036c   0x00000004   Code   RO         8650    .ARM.Collect$$rtexit$$00000003  c_w.l(rtexit2.o)
    0x08000370   0x08000370   0x00000006   Code   RO         8651    .ARM.Collect$$rtexit$$00000004  c_w.l(rtexit2.o)
    0x08000376   0x08000376   0x00000002   PAD
    0x08000378   0x08000378   0x00000048   Code   RO            4    .text               startup_stm32h743xx.o
    0x080003c0   0x080003c0   0x000000ee   Code   RO         8296    .text               c_w.l(lludivv7m.o)
    0x080004ae   0x080004ae   0x0000008a   Code   RO         8357    .text               c_w.l(rt_memcpy_v6.o)
    0x08000538   0x08000538   0x00000064   Code   RO         8359    .text               c_w.l(rt_memcpy_w.o)
    0x0800059c   0x0800059c   0x00000010   Code   RO         8361    .text               c_w.l(aeabi_memset.o)
    0x080005ac   0x080005ac   0x00000044   Code   RO         8363    .text               c_w.l(rt_memclr.o)
    0x080005f0   0x080005f0   0x0000004e   Code   RO         8365    .text               c_w.l(rt_memclr_w.o)
    0x0800063e   0x0800063e   0x00000006   Code   RO         8367    .text               c_w.l(heapauxi.o)
    0x08000644   0x08000644   0x0000004a   Code   RO         8433    .text               c_w.l(sys_stackheap_outer.o)
    0x0800068e   0x0800068e   0x00000012   Code   RO         8504    .text               c_w.l(exit.o)
    0x080006a0   0x080006a0   0x00000008   Code   RO         8585    .text               c_w.l(libspace.o)
    0x080006a8   0x080006a8   0x00000002   Code   RO         8588    .text               c_w.l(use_no_semi.o)
    0x080006aa   0x080006aa   0x00000000   Code   RO         8590    .text               c_w.l(indicate_semi.o)
    0x080006aa   0x080006aa   0x00000002   PAD
    0x080006ac   0x080006ac   0x0000000c   Code   RO         8646    .text               c_w.l(sys_exit.o)
    0x080006b8   0x080006b8   0x00000108   Code   RO         4902    i.ADC_ConfigureBoostMode  stm32h7xx_hal_adc.o
    0x080007c0   0x080007c0   0x0000000c   Code   RO           13    i.BEEP_Off          led.o
    0x080007cc   0x080007cc   0x00000008   Code   RO           14    i.BEEP_On           led.o
    0x080007d4   0x080007d4   0x0000000c   Code   RO           15    i.Beep_Init         led.o
    0x080007e0   0x080007e0   0x00000002   Code   RO         1339    i.BusFault_Handler  stm32h7xx_it.o
    0x080007e2   0x080007e2   0x00000002   PAD
    0x080007e4   0x080007e4   0x0000002c   Code   RO           16    i.Buzzer_Beep       led.o
    0x08000810   0x08000810   0x0000006c   Code   RO          836    i.CAN_SendFrame     system_control.o
    0x0800087c   0x0800087c   0x00000004   Code   RO         1609    i.CDC_Control_FS    usbd_cdc_if.o
    0x08000880   0x08000880   0x00000004   Code   RO         1610    i.CDC_DeInit_FS     usbd_cdc_if.o
    0x08000884   0x08000884   0x00000024   Code   RO         1611    i.CDC_Init_FS       usbd_cdc_if.o
    0x080008a8   0x080008a8   0x00000024   Code   RO         1612    i.CDC_Receive_FS    usbd_cdc_if.o
    0x080008cc   0x080008cc   0x0000000a   Code   RO         1613    i.CDC_TransmitCplt_FS  usbd_cdc_if.o
    0x080008d6   0x080008d6   0x00000002   PAD
    0x080008d8   0x080008d8   0x0000002c   Code   RO         1614    i.CDC_Transmit_FS   usbd_cdc_if.o
    0x08000904   0x08000904   0x00000034   Code   RO          922    i.Calib_CRC32       motor_calib.o
    0x08000938   0x08000938   0x000000e0   Code   RO          923    i.Calib_FinalizeBoot  motor_calib.o
    0x08000a18   0x08000a18   0x00000088   Code   RO          924    i.Calib_FinalizeCalib  motor_calib.o
    0x08000aa0   0x08000aa0   0x00000084   Code   RO          925    i.Calib_FlashWrite  motor_calib.o
    0x08000b24   0x08000b24   0x0000000c   Code   RO         1340    i.DMA1_Stream1_IRQHandler  stm32h7xx_it.o
    0x08000b30   0x08000b30   0x0000000c   Code   RO         1341    i.DMA1_Stream2_IRQHandler  stm32h7xx_it.o
    0x08000b3c   0x08000b3c   0x000000b4   Code   RO         3132    i.DMA_CalcBaseAndBitshift  stm32h7xx_hal_dma.o
    0x08000bf0   0x08000bf0   0x0000009c   Code   RO         3133    i.DMA_CalcDMAMUXChannelBaseAndMask  stm32h7xx_hal_dma.o
    0x08000c8c   0x08000c8c   0x00000074   Code   RO         3134    i.DMA_CalcDMAMUXRequestGenBaseAndMask  stm32h7xx_hal_dma.o
    0x08000d00   0x08000d00   0x00000054   Code   RO         3135    i.DMA_CheckFifoParam  stm32h7xx_hal_dma.o
    0x08000d54   0x08000d54   0x00000220   Code   RO         3136    i.DMA_SetConfig     stm32h7xx_hal_dma.o
    0x08000f74   0x08000f74   0x00000002   Code   RO         1342    i.DebugMon_Handler  stm32h7xx_it.o
    0x08000f76   0x08000f76   0x00000004   Code   RO         1006    i.Error_Handler     main.o
    0x08000f7a   0x08000f7a   0x00000002   PAD
    0x08000f7c   0x08000f7c   0x0000001c   Code   RO         7835    i.ExitRun0Mode      system_stm32h7xx.o
    0x08000f98   0x08000f98   0x0000000c   Code   RO         1343    i.FDCAN1_IT0_IRQHandler  stm32h7xx_it.o
    0x08000fa4   0x08000fa4   0x0000000c   Code   RO         1344    i.FDCAN_CAL_IRQHandler  stm32h7xx_it.o
    0x08000fb0   0x08000fb0   0x000001c8   Code   RO         5343    i.FDCAN_CalcultateRamBlockAddresses  stm32h7xx_hal_fdcan.o
    0x08001178   0x08001178   0x0000007c   Code   RO         5344    i.FDCAN_CopyMessageToRAM  stm32h7xx_hal_fdcan.o
    0x080011f4   0x080011f4   0x00000014   Code   RO          377    i.FDCAN_GetAllMotorFeedback  fdcan_handler.o
    0x08001208   0x08001208   0x00000064   Code   RO          379    i.FDCAN_Handler_Init  fdcan_handler.o
    0x0800126c   0x0800126c   0x00000040   Code   RO         2886    i.FLASH_Erase_Sector  stm32h7xx_hal_flash_ex.o
    0x080012ac   0x080012ac   0x0000007c   Code   RO         2887    i.FLASH_MassErase   stm32h7xx_hal_flash_ex.o
    0x08001328   0x08001328   0x000000cc   Code   RO         2778    i.FLASH_WaitForLastOperation  stm32h7xx_hal_flash.o
    0x080013f4   0x080013f4   0x00000128   Code   RO         5139    i.HAL_ADCEx_MultiModeConfigChannel  stm32h7xx_hal_adc_ex.o
    0x0800151c   0x0800151c   0x00000420   Code   RO         4910    i.HAL_ADC_ConfigChannel  stm32h7xx_hal_adc.o
    0x0800193c   0x0800193c   0x00000228   Code   RO         4919    i.HAL_ADC_Init      stm32h7xx_hal_adc.o
    0x08001b64   0x08001b64   0x00000060   Code   RO         1094    i.HAL_ADC_MspInit   adc.o
    0x08001bc4   0x08001bc4   0x00000360   Code   RO         3137    i.HAL_DMA_Abort     stm32h7xx_hal_dma.o
    0x08001f24   0x08001f24   0x00000284   Code   RO         3138    i.HAL_DMA_Abort_IT  stm32h7xx_hal_dma.o
    0x080021a8   0x080021a8   0x00000004   Code   RO         3140    i.HAL_DMA_GetError  stm32h7xx_hal_dma.o
    0x080021ac   0x080021ac   0x000006e8   Code   RO         3142    i.HAL_DMA_IRQHandler  stm32h7xx_hal_dma.o
    0x08002894   0x08002894   0x000003c4   Code   RO         3143    i.HAL_DMA_Init      stm32h7xx_hal_dma.o
    0x08002c58   0x08002c58   0x0000029c   Code   RO         3147    i.HAL_DMA_Start_IT  stm32h7xx_hal_dma.o
    0x08002ef4   0x08002ef4   0x00000024   Code   RO         3999    i.HAL_Delay         stm32h7xx_hal.o
    0x08002f18   0x08002f18   0x00000088   Code   RO         5346    i.HAL_FDCAN_ActivateNotification  stm32h7xx_hal_fdcan.o
    0x08002fa0   0x08002fa0   0x00000066   Code   RO         5348    i.HAL_FDCAN_AddMessageToTxFifoQ  stm32h7xx_hal_fdcan.o
    0x08003006   0x08003006   0x00000002   Code   RO         5349    i.HAL_FDCAN_ClockCalibrationCallback  stm32h7xx_hal_fdcan.o
    0x08003008   0x08003008   0x0000007e   Code   RO         5353    i.HAL_FDCAN_ConfigFilter  stm32h7xx_hal_fdcan.o
    0x08003086   0x08003086   0x00000002   Code   RO         5375    i.HAL_FDCAN_ErrorCallback  stm32h7xx_hal_fdcan.o
    0x08003088   0x08003088   0x00000002   Code   RO         5376    i.HAL_FDCAN_ErrorStatusCallback  stm32h7xx_hal_fdcan.o
    0x0800308a   0x0800308a   0x00000002   PAD
    0x0800308c   0x0800308c   0x0000018c   Code   RO         5387    i.HAL_FDCAN_GetRxMessage  stm32h7xx_hal_fdcan.o
    0x08003218   0x08003218   0x00000002   Code   RO         5393    i.HAL_FDCAN_HighPriorityMessageCallback  stm32h7xx_hal_fdcan.o
    0x0800321a   0x0800321a   0x00000002   PAD
    0x0800321c   0x0800321c   0x00000320   Code   RO         5394    i.HAL_FDCAN_IRQHandler  stm32h7xx_hal_fdcan.o
    0x0800353c   0x0800353c   0x00000244   Code   RO         5395    i.HAL_FDCAN_Init    stm32h7xx_hal_fdcan.o
    0x08003780   0x08003780   0x000000c4   Code   RO         1160    i.HAL_FDCAN_MspInit  fdcan.o
    0x08003844   0x08003844   0x00000002   Code   RO         5404    i.HAL_FDCAN_RxBufferNewMessageCallback  stm32h7xx_hal_fdcan.o
    0x08003846   0x08003846   0x00000002   PAD
    0x08003848   0x08003848   0x00000064   Code   RO          385    i.HAL_FDCAN_RxFifo0Callback  fdcan_handler.o
    0x080038ac   0x080038ac   0x00000002   Code   RO         5406    i.HAL_FDCAN_RxFifo1Callback  stm32h7xx_hal_fdcan.o
    0x080038ae   0x080038ae   0x00000032   Code   RO         5407    i.HAL_FDCAN_Start   stm32h7xx_hal_fdcan.o
    0x080038e0   0x080038e0   0x00000002   Code   RO         5429    i.HAL_FDCAN_TT_GlobalTimeCallback  stm32h7xx_hal_fdcan.o
    0x080038e2   0x080038e2   0x00000002   Code   RO         5430    i.HAL_FDCAN_TT_ScheduleSyncCallback  stm32h7xx_hal_fdcan.o
    0x080038e4   0x080038e4   0x00000002   Code   RO         5435    i.HAL_FDCAN_TT_StopWatchCallback  stm32h7xx_hal_fdcan.o
    0x080038e6   0x080038e6   0x00000002   Code   RO         5436    i.HAL_FDCAN_TT_TimeMarkCallback  stm32h7xx_hal_fdcan.o
    0x080038e8   0x080038e8   0x00000002   Code   RO         5437    i.HAL_FDCAN_TimeoutOccurredCallback  stm32h7xx_hal_fdcan.o
    0x080038ea   0x080038ea   0x00000002   Code   RO         5438    i.HAL_FDCAN_TimestampWraparoundCallback  stm32h7xx_hal_fdcan.o
    0x080038ec   0x080038ec   0x00000002   Code   RO         5439    i.HAL_FDCAN_TxBufferAbortCallback  stm32h7xx_hal_fdcan.o
    0x080038ee   0x080038ee   0x00000002   Code   RO         5440    i.HAL_FDCAN_TxBufferCompleteCallback  stm32h7xx_hal_fdcan.o
    0x080038f0   0x080038f0   0x00000002   Code   RO         5441    i.HAL_FDCAN_TxEventFifoCallback  stm32h7xx_hal_fdcan.o
    0x080038f2   0x080038f2   0x00000002   Code   RO         5442    i.HAL_FDCAN_TxFifoEmptyCallback  stm32h7xx_hal_fdcan.o
    0x080038f4   0x080038f4   0x00000114   Code   RO         2890    i.HAL_FLASHEx_Erase  stm32h7xx_hal_flash_ex.o
    0x08003a08   0x08003a08   0x00000030   Code   RO         2782    i.HAL_FLASH_Lock    stm32h7xx_hal_flash.o
    0x08003a38   0x08003a38   0x000000c0   Code   RO         2787    i.HAL_FLASH_Program  stm32h7xx_hal_flash.o
    0x08003af8   0x08003af8   0x00000044   Code   RO         2789    i.HAL_FLASH_Unlock  stm32h7xx_hal_flash.o
    0x08003b3c   0x08003b3c   0x0000022c   Code   RO         2985    i.HAL_GPIO_Init     stm32h7xx_hal_gpio.o
    0x08003d68   0x08003d68   0x0000000a   Code   RO         2987    i.HAL_GPIO_ReadPin  stm32h7xx_hal_gpio.o
    0x08003d72   0x08003d72   0x0000000a   Code   RO         2989    i.HAL_GPIO_WritePin  stm32h7xx_hal_gpio.o
    0x08003d7c   0x08003d7c   0x0000000c   Code   RO         4010    i.HAL_GetREVID      stm32h7xx_hal.o
    0x08003d88   0x08003d88   0x0000000c   Code   RO         4011    i.HAL_GetTick       stm32h7xx_hal.o
    0x08003d94   0x08003d94   0x00000010   Code   RO         4017    i.HAL_IncTick       stm32h7xx_hal.o
    0x08003da4   0x08003da4   0x0000005c   Code   RO         4018    i.HAL_Init          stm32h7xx_hal.o
    0x08003e00   0x08003e00   0x00000040   Code   RO         4019    i.HAL_InitTick      stm32h7xx_hal.o
    0x08003e40   0x08003e40   0x0000005c   Code   RO         3840    i.HAL_MPU_ConfigRegion  stm32h7xx_hal_cortex.o
    0x08003e9c   0x08003e9c   0x0000001c   Code   RO         3841    i.HAL_MPU_Disable   stm32h7xx_hal_cortex.o
    0x08003eb8   0x08003eb8   0x00000024   Code   RO         3843    i.HAL_MPU_Enable    stm32h7xx_hal_cortex.o
    0x08003edc   0x08003edc   0x0000001c   Code   RO         1463    i.HAL_MspInit       stm32h7xx_hal_msp.o
    0x08003ef8   0x08003ef8   0x0000001a   Code   RO         3847    i.HAL_NVIC_EnableIRQ  stm32h7xx_hal_cortex.o
    0x08003f12   0x08003f12   0x00000002   PAD
    0x08003f14   0x08003f14   0x00000040   Code   RO         3853    i.HAL_NVIC_SetPriority  stm32h7xx_hal_cortex.o
    0x08003f54   0x08003f54   0x00000024   Code   RO         3854    i.HAL_NVIC_SetPriorityGrouping  stm32h7xx_hal_cortex.o
    0x08003f78   0x08003f78   0x00000028   Code   RO         2114    i.HAL_PCDEx_ActivateLPM  stm32h7xx_hal_pcd_ex.o
    0x08003fa0   0x08003fa0   0x00000002   Code   RO         2119    i.HAL_PCDEx_LPM_Callback  stm32h7xx_hal_pcd_ex.o
    0x08003fa2   0x08003fa2   0x00000008   Code   RO         2120    i.HAL_PCDEx_SetRxFiFo  stm32h7xx_hal_pcd_ex.o
    0x08003faa   0x08003faa   0x00000046   Code   RO         2121    i.HAL_PCDEx_SetTxFiFo  stm32h7xx_hal_pcd_ex.o
    0x08003ff0   0x08003ff0   0x00000008   Code   RO         1670    i.HAL_PCD_ConnectCallback  usbd_conf.o
    0x08003ff8   0x08003ff8   0x00000012   Code   RO         1671    i.HAL_PCD_DataInStageCallback  usbd_conf.o
    0x0800400a   0x0800400a   0x00000014   Code   RO         1672    i.HAL_PCD_DataOutStageCallback  usbd_conf.o
    0x0800401e   0x0800401e   0x00000008   Code   RO         1673    i.HAL_PCD_DisconnectCallback  usbd_conf.o
    0x08004026   0x08004026   0x0000001e   Code   RO         1890    i.HAL_PCD_EP_Abort  stm32h7xx_hal_pcd.o
    0x08004044   0x08004044   0x0000004a   Code   RO         1891    i.HAL_PCD_EP_Close  stm32h7xx_hal_pcd.o
    0x0800408e   0x0800408e   0x0000005a   Code   RO         1892    i.HAL_PCD_EP_ClrStall  stm32h7xx_hal_pcd.o
    0x080040e8   0x080040e8   0x00000012   Code   RO         1894    i.HAL_PCD_EP_GetRxCount  stm32h7xx_hal_pcd.o
    0x080040fa   0x080040fa   0x00000062   Code   RO         1895    i.HAL_PCD_EP_Open   stm32h7xx_hal_pcd.o
    0x0800415c   0x0800415c   0x00000034   Code   RO         1896    i.HAL_PCD_EP_Receive  stm32h7xx_hal_pcd.o
    0x08004190   0x08004190   0x00000072   Code   RO         1897    i.HAL_PCD_EP_SetStall  stm32h7xx_hal_pcd.o
    0x08004202   0x08004202   0x00000034   Code   RO         1898    i.HAL_PCD_EP_Transmit  stm32h7xx_hal_pcd.o
    0x08004236   0x08004236   0x00000002   PAD
    0x08004238   0x08004238   0x00000594   Code   RO         1900    i.HAL_PCD_IRQHandler  stm32h7xx_hal_pcd.o
    0x080047cc   0x080047cc   0x00000008   Code   RO         1674    i.HAL_PCD_ISOINIncompleteCallback  usbd_conf.o
    0x080047d4   0x080047d4   0x00000008   Code   RO         1675    i.HAL_PCD_ISOOUTIncompleteCallback  usbd_conf.o
    0x080047dc   0x080047dc   0x000000cc   Code   RO         1903    i.HAL_PCD_Init      stm32h7xx_hal_pcd.o
    0x080048a8   0x080048a8   0x00000078   Code   RO         1677    i.HAL_PCD_MspInit   usbd_conf.o
    0x08004920   0x08004920   0x0000002c   Code   RO         1678    i.HAL_PCD_ResetCallback  usbd_conf.o
    0x0800494c   0x0800494c   0x00000008   Code   RO         1679    i.HAL_PCD_ResumeCallback  usbd_conf.o
    0x08004954   0x08004954   0x00000008   Code   RO         1680    i.HAL_PCD_SOFCallback  usbd_conf.o
    0x0800495c   0x0800495c   0x00000026   Code   RO         1909    i.HAL_PCD_SetAddress  stm32h7xx_hal_pcd.o
    0x08004982   0x08004982   0x0000000e   Code   RO         1681    i.HAL_PCD_SetupStageCallback  usbd_conf.o
    0x08004990   0x08004990   0x00000042   Code   RO         1912    i.HAL_PCD_Start     stm32h7xx_hal_pcd.o
    0x080049d2   0x080049d2   0x00000002   PAD
    0x080049d4   0x080049d4   0x00000030   Code   RO         1682    i.HAL_PCD_SuspendCallback  usbd_conf.o
    0x08004a04   0x08004a04   0x00000054   Code   RO         3586    i.HAL_PWREx_ConfigSupply  stm32h7xx_hal_pwr_ex.o
    0x08004a58   0x08004a58   0x00000010   Code   RO         3603    i.HAL_PWREx_EnableUSBVoltageDetector  stm32h7xx_hal_pwr_ex.o
    0x08004a68   0x08004a68   0x00000024   Code   RO         2606    i.HAL_RCCEx_GetD3PCLK1Freq  stm32h7xx_hal_rcc_ex.o
    0x08004a8c   0x08004a8c   0x00000148   Code   RO         2607    i.HAL_RCCEx_GetPLL1ClockFreq  stm32h7xx_hal_rcc_ex.o
    0x08004bd4   0x08004bd4   0x00000144   Code   RO         2608    i.HAL_RCCEx_GetPLL2ClockFreq  stm32h7xx_hal_rcc_ex.o
    0x08004d18   0x08004d18   0x00000144   Code   RO         2609    i.HAL_RCCEx_GetPLL3ClockFreq  stm32h7xx_hal_rcc_ex.o
    0x08004e5c   0x08004e5c   0x000002c8   Code   RO         2611    i.HAL_RCCEx_GetPeriphCLKFreq  stm32h7xx_hal_rcc_ex.o
    0x08005124   0x08005124   0x000009ac   Code   RO         2615    i.HAL_RCCEx_PeriphCLKConfig  stm32h7xx_hal_rcc_ex.o
    0x08005ad0   0x08005ad0   0x0000025c   Code   RO         2491    i.HAL_RCC_ClockConfig  stm32h7xx_hal_rcc.o
    0x08005d2c   0x08005d2c   0x00000044   Code   RO         2496    i.HAL_RCC_GetHCLKFreq  stm32h7xx_hal_rcc.o
    0x08005d70   0x08005d70   0x00000024   Code   RO         2498    i.HAL_RCC_GetPCLK1Freq  stm32h7xx_hal_rcc.o
    0x08005d94   0x08005d94   0x00000024   Code   RO         2499    i.HAL_RCC_GetPCLK2Freq  stm32h7xx_hal_rcc.o
    0x08005db8   0x08005db8   0x00000138   Code   RO         2500    i.HAL_RCC_GetSysClockFreq  stm32h7xx_hal_rcc.o
    0x08005ef0   0x08005ef0   0x00000582   Code   RO         2503    i.HAL_RCC_OscConfig  stm32h7xx_hal_rcc.o
    0x08006472   0x08006472   0x00000002   PAD
    0x08006474   0x08006474   0x00000018   Code   RO          755    i.HAL_SPI_ErrorCallback  u_spi.o
    0x0800648c   0x0800648c   0x00000224   Code   RO         5971    i.HAL_SPI_IRQHandler  stm32h7xx_hal_spi.o
    0x080066b0   0x080066b0   0x0000017c   Code   RO         5972    i.HAL_SPI_Init      stm32h7xx_hal_spi.o
    0x0800682c   0x0800682c   0x0000014c   Code   RO         1202    i.HAL_SPI_MspInit   spi.o
    0x08006978   0x08006978   0x00000002   Code   RO         5978    i.HAL_SPI_RxCpltCallback  stm32h7xx_hal_spi.o
    0x0800697a   0x0800697a   0x00000002   Code   RO         5980    i.HAL_SPI_SuspendCallback  stm32h7xx_hal_spi.o
    0x0800697c   0x0800697c   0x00000200   Code   RO         5983    i.HAL_SPI_TransmitReceive_DMA  stm32h7xx_hal_spi.o
    0x08006b7c   0x08006b7c   0x00000002   Code   RO         5987    i.HAL_SPI_TxCpltCallback  stm32h7xx_hal_spi.o
    0x08006b7e   0x08006b7e   0x00000002   PAD
    0x08006b80   0x08006b80   0x00000014   Code   RO          756    i.HAL_SPI_TxRxCpltCallback  u_spi.o
    0x08006b94   0x08006b94   0x00000002   Code   RO         5990    i.HAL_SPI_TxRxHalfCpltCallback  stm32h7xx_hal_spi.o
    0x08006b96   0x08006b96   0x00000026   Code   RO         3858    i.HAL_SYSTICK_Config  stm32h7xx_hal_cortex.o
    0x08006bbc   0x08006bbc   0x00000002   Code   RO         7006    i.HAL_TIMEx_Break2Callback  stm32h7xx_hal_tim_ex.o
    0x08006bbe   0x08006bbe   0x00000002   Code   RO         7007    i.HAL_TIMEx_BreakCallback  stm32h7xx_hal_tim_ex.o
    0x08006bc0   0x08006bc0   0x00000002   Code   RO         7008    i.HAL_TIMEx_CommutCallback  stm32h7xx_hal_tim_ex.o
    0x08006bc2   0x08006bc2   0x00000002   PAD
    0x08006bc4   0x08006bc4   0x000000a0   Code   RO         7010    i.HAL_TIMEx_ConfigBreakDeadTime  stm32h7xx_hal_tim_ex.o
    0x08006c64   0x08006c64   0x000000a4   Code   RO         7028    i.HAL_TIMEx_MasterConfigSynchronization  stm32h7xx_hal_tim_ex.o
    0x08006d08   0x08006d08   0x00000062   Code   RO         6292    i.HAL_TIM_Base_Init  stm32h7xx_hal_tim.o
    0x08006d6a   0x08006d6a   0x00000002   PAD
    0x08006d6c   0x08006d6c   0x00000058   Code   RO         1244    i.HAL_TIM_Base_MspInit  tim.o
    0x08006dc4   0x08006dc4   0x0000008c   Code   RO         6297    i.HAL_TIM_Base_Start_IT  stm32h7xx_hal_tim.o
    0x08006e50   0x08006e50   0x00000002   Code   RO         6326    i.HAL_TIM_IC_CaptureCallback  stm32h7xx_hal_tim.o
    0x08006e52   0x08006e52   0x00000148   Code   RO         6340    i.HAL_TIM_IRQHandler  stm32h7xx_hal_tim.o
    0x08006f9a   0x08006f9a   0x00000002   PAD
    0x08006f9c   0x08006f9c   0x00000050   Code   RO         1245    i.HAL_TIM_MspPostInit  tim.o
    0x08006fec   0x08006fec   0x00000002   Code   RO         6343    i.HAL_TIM_OC_DelayElapsedCallback  stm32h7xx_hal_tim.o
    0x08006fee   0x08006fee   0x00000124   Code   RO         6364    i.HAL_TIM_PWM_ConfigChannel  stm32h7xx_hal_tim.o
    0x08007112   0x08007112   0x00000062   Code   RO         6367    i.HAL_TIM_PWM_Init  stm32h7xx_hal_tim.o
    0x08007174   0x08007174   0x00000002   Code   RO         6369    i.HAL_TIM_PWM_MspInit  stm32h7xx_hal_tim.o
    0x08007176   0x08007176   0x00000002   Code   RO         6370    i.HAL_TIM_PWM_PulseFinishedCallback  stm32h7xx_hal_tim.o
    0x08007178   0x08007178   0x00000110   Code   RO         6372    i.HAL_TIM_PWM_Start  stm32h7xx_hal_tim.o
    0x08007288   0x08007288   0x000000b0   Code   RO         6375    i.HAL_TIM_PWM_Stop  stm32h7xx_hal_tim.o
    0x08007338   0x08007338   0x00000070   Code   RO          837    i.HAL_TIM_PeriodElapsedCallback  system_control.o
    0x080073a8   0x080073a8   0x00000002   Code   RO         6383    i.HAL_TIM_TriggerCallback  stm32h7xx_hal_tim.o
    0x080073aa   0x080073aa   0x00000040   Code   RO         7717    i.HAL_UARTEx_DisableFifoMode  stm32h7xx_hal_uart_ex.o
    0x080073ea   0x080073ea   0x00000002   Code   RO         7306    i.HAL_UARTEx_RxEventCallback  stm32h7xx_hal_uart.o
    0x080073ec   0x080073ec   0x00000002   Code   RO         7725    i.HAL_UARTEx_RxFifoFullCallback  stm32h7xx_hal_uart_ex.o
    0x080073ee   0x080073ee   0x0000004c   Code   RO         7726    i.HAL_UARTEx_SetRxFifoThreshold  stm32h7xx_hal_uart_ex.o
    0x0800743a   0x0800743a   0x0000004c   Code   RO         7727    i.HAL_UARTEx_SetTxFifoThreshold  stm32h7xx_hal_uart_ex.o
    0x08007486   0x08007486   0x00000002   Code   RO         7729    i.HAL_UARTEx_TxFifoEmptyCallback  stm32h7xx_hal_uart_ex.o
    0x08007488   0x08007488   0x00000002   Code   RO         7730    i.HAL_UARTEx_WakeupCallback  stm32h7xx_hal_uart_ex.o
    0x0800748a   0x0800748a   0x00000002   Code   RO         7322    i.HAL_UART_ErrorCallback  stm32h7xx_hal_uart.o
    0x0800748c   0x0800748c   0x0000039c   Code   RO         7325    i.HAL_UART_IRQHandler  stm32h7xx_hal_uart.o
    0x08007828   0x08007828   0x0000006a   Code   RO         7326    i.HAL_UART_Init     stm32h7xx_hal_uart.o
    0x08007892   0x08007892   0x00000002   PAD
    0x08007894   0x08007894   0x000000bc   Code   RO         1298    i.HAL_UART_MspInit  usart.o
    0x08007950   0x08007950   0x00000002   Code   RO         7338    i.HAL_UART_TxCpltCallback  stm32h7xx_hal_uart.o
    0x08007952   0x08007952   0x00000002   Code   RO         1345    i.HardFault_Handler  stm32h7xx_it.o
    0x08007954   0x08007954   0x00000038   Code   RO         1522    i.IntToUnicode      usbd_desc.o
    0x0800798c   0x0800798c   0x00000010   Code   RO           17    i.LED1_Off          led.o
    0x0800799c   0x0800799c   0x00000010   Code   RO           18    i.LED1_On           led.o
    0x080079ac   0x080079ac   0x00000010   Code   RO           19    i.LED2_Off          led.o
    0x080079bc   0x080079bc   0x00000010   Code   RO           20    i.LED2_On           led.o
    0x080079cc   0x080079cc   0x00000010   Code   RO           21    i.LED3_Off          led.o
    0x080079dc   0x080079dc   0x00000010   Code   RO           22    i.LED3_On           led.o
    0x080079ec   0x080079ec   0x00000010   Code   RO           23    i.LED4_Off          led.o
    0x080079fc   0x080079fc   0x00000010   Code   RO           24    i.LED4_On           led.o
    0x08007a0c   0x08007a0c   0x00000010   Code   RO           25    i.LED5_Off          led.o
    0x08007a1c   0x08007a1c   0x00000010   Code   RO           26    i.LED5_On           led.o
    0x08007a2c   0x08007a2c   0x00000010   Code   RO           27    i.LED6_Off          led.o
    0x08007a3c   0x08007a3c   0x00000010   Code   RO           28    i.LED6_On           led.o
    0x08007a4c   0x08007a4c   0x00000010   Code   RO           29    i.LED7_Off          led.o
    0x08007a5c   0x08007a5c   0x00000010   Code   RO           30    i.LED7_On           led.o
    0x08007a6c   0x08007a6c   0x00000010   Code   RO           31    i.LED8_Off          led.o
    0x08007a7c   0x08007a7c   0x00000010   Code   RO           32    i.LED8_On           led.o
    0x08007a8c   0x08007a8c   0x00000018   Code   RO          296    i.LED_Indicator_BeepAlarm  led_indicator.o
    0x08007aa4   0x08007aa4   0x00000014   Code   RO          297    i.LED_Indicator_BeepStop  led_indicator.o
    0x08007ab8   0x08007ab8   0x00000020   Code   RO          298    i.LED_Indicator_ClearError  led_indicator.o
    0x08007ad8   0x08007ad8   0x00000130   Code   RO          301    i.LED_Indicator_Process  led_indicator.o
    0x08007c08   0x08007c08   0x00000024   Code   RO          302    i.LED_Indicator_SetError  led_indicator.o
    0x08007c2c   0x08007c2c   0x000000d0   Code   RO          303    i.LED_Indicator_TestMode  led_indicator.o
    0x08007cfc   0x08007cfc   0x00000044   Code   RO          304    i.LED_Indicator_Trigger  led_indicator.o
    0x08007d40   0x08007d40   0x00000008   Code   RO         4931    i.LL_ADC_INJ_IsConversionOngoing  stm32h7xx_hal_adc.o
    0x08007d48   0x08007d48   0x00000008   Code   RO         4932    i.LL_ADC_REG_IsConversionOngoing  stm32h7xx_hal_adc.o
    0x08007d50   0x08007d50   0x00000008   Code   RO         5149    i.LL_ADC_REG_IsConversionOngoing  stm32h7xx_hal_adc_ex.o
    0x08007d58   0x08007d58   0x00000090   Code   RO         1095    i.MX_ADC1_Init      adc.o
    0x08007de8   0x08007de8   0x0000003c   Code   RO         1135    i.MX_DMA_Init       dma.o
    0x08007e24   0x08007e24   0x00000064   Code   RO         1161    i.MX_FDCAN1_Init    fdcan.o
    0x08007e88   0x08007e88   0x00000100   Code   RO         1069    i.MX_GPIO_Init      gpio.o
    0x08007f88   0x08007f88   0x00000058   Code   RO         1203    i.MX_SPI1_Init      spi.o
    0x08007fe0   0x08007fe0   0x0000009c   Code   RO         1246    i.MX_TIM17_Init     tim.o
    0x0800807c   0x0800807c   0x00000048   Code   RO         1247    i.MX_TIM6_Init      tim.o
    0x080080c4   0x080080c4   0x00000068   Code   RO         1299    i.MX_UART4_Init     usart.o
    0x0800812c   0x0800812c   0x00000054   Code   RO         1487    i.MX_USB_DEVICE_Init  usb_device.o
    0x08008180   0x08008180   0x00000002   Code   RO         1346    i.MemManage_Handler  stm32h7xx_it.o
    0x08008182   0x08008182   0x00000002   PAD
    0x08008184   0x08008184   0x00000158   Code   RO          926    i.Motor_Calib_ApplyTransform  motor_calib.o
    0x080082dc   0x080082dc   0x00000068   Code   RO          927    i.Motor_Calib_FeedSample  motor_calib.o
    0x08008344   0x08008344   0x0000000c   Code   RO          929    i.Motor_Calib_GetState  motor_calib.o
    0x08008350   0x08008350   0x000000a4   Code   RO          930    i.Motor_Calib_Init  motor_calib.o
    0x080083f4   0x080083f4   0x00000002   Code   RO          473    i.Motor_GetMasterID  motor.o
    0x080083f6   0x080083f6   0x00000002   PAD
    0x080083f8   0x080083f8   0x00000054   Code   RO          475    i.Motor_KD_PhysToRaw  motor.o
    0x0800844c   0x0800844c   0x00000028   Code   RO          476    i.Motor_KD_RawToPhys  motor.o
    0x08008474   0x08008474   0x00000050   Code   RO          477    i.Motor_KP_PhysToRaw  motor.o
    0x080084c4   0x080084c4   0x0000002c   Code   RO          478    i.Motor_KP_RawToPhys  motor.o
    0x080084f0   0x080084f0   0x0000007a   Code   RO          479    i.Motor_PackControlData  motor.o
    0x0800856a   0x0800856a   0x00000002   PAD
    0x0800856c   0x0800856c   0x00000054   Code   RO          480    i.Motor_Pos_PhysToRaw  motor.o
    0x080085c0   0x080085c0   0x00000028   Code   RO          481    i.Motor_Pos_RawToPhys  motor.o
    0x080085e8   0x080085e8   0x00000060   Code   RO          482    i.Motor_Torque_PhysToRaw  motor.o
    0x08008648   0x08008648   0x00000034   Code   RO          483    i.Motor_Torque_RawToPhys  motor.o
    0x0800867c   0x0800867c   0x0000007e   Code   RO          484    i.Motor_UnpackControlData  motor.o
    0x080086fa   0x080086fa   0x00000002   PAD
    0x080086fc   0x080086fc   0x00000098   Code   RO          485    i.Motor_UnpackFeedbackData  motor.o
    0x08008794   0x08008794   0x00000060   Code   RO          486    i.Motor_Vel_PhysToRaw  motor.o
    0x080087f4   0x080087f4   0x00000034   Code   RO          487    i.Motor_Vel_RawToPhys  motor.o
    0x08008828   0x08008828   0x00000002   Code   RO         1347    i.NMI_Handler       stm32h7xx_it.o
    0x0800882a   0x0800882a   0x00000002   PAD
    0x0800882c   0x0800882c   0x0000000c   Code   RO         1348    i.OTG_FS_IRQHandler  stm32h7xx_it.o
    0x08008838   0x08008838   0x000000cc   Code   RO         1915    i.PCD_EP_OutXfrComplete_int  stm32h7xx_hal_pcd.o
    0x08008904   0x08008904   0x000000a2   Code   RO         1916    i.PCD_WriteEmptyTxFifo  stm32h7xx_hal_pcd.o
    0x080089a6   0x080089a6   0x00000002   Code   RO         1349    i.PendSV_Handler    stm32h7xx_it.o
    0x080089a8   0x080089a8   0x0000004a   Code   RO         1007    i.PeriphCommonClock_Config  main.o
    0x080089f2   0x080089f2   0x00000018   Code   RO          586    i.Protocol_CalcChecksum  usbcol.o
    0x08008a0a   0x08008a0a   0x00000002   PAD
    0x08008a0c   0x08008a0c   0x00000054   Code   RO          593    i.Protocol_HasCompletePacket  usbcol.o
    0x08008a60   0x08008a60   0x00000030   Code   RO          594    i.Protocol_Init     usbcol.o
    0x08008a90   0x08008a90   0x0000012c   Code   RO          596    i.Protocol_PackFeedbackPkg  usbcol.o
    0x08008bbc   0x08008bbc   0x00000090   Code   RO          597    i.Protocol_ParseControlPkg  usbcol.o
    0x08008c4c   0x08008c4c   0x00000058   Code   RO          598    i.Protocol_ProcessRxData  usbcol.o
    0x08008ca4   0x08008ca4   0x0000005c   Code   RO          599    i.Protocol_ReadPacket  usbcol.o
    0x08008d00   0x08008d00   0x00000030   Code   RO          601    i.Protocol_SendData  usbcol.o
    0x08008d30   0x08008d30   0x00000020   Code   RO          602    i.Protocol_SendFeedback  usbcol.o
    0x08008d50   0x08008d50   0x0000000c   Code   RO          603    i.Protocol_USB_TxCpltCallback  usbcol.o
    0x08008d5c   0x08008d5c   0x00000120   Code   RO         2618    i.RCCEx_PLL2_Config  stm32h7xx_hal_rcc_ex.o
    0x08008e7c   0x08008e7c   0x00000120   Code   RO         2619    i.RCCEx_PLL3_Config  stm32h7xx_hal_rcc_ex.o
    0x08008f9c   0x08008f9c   0x0000000c   Code   RO         1350    i.SPI1_IRQHandler   stm32h7xx_it.o
    0x08008fa8   0x08008fa8   0x000000bc   Code   RO         5992    i.SPI_CloseTransfer  stm32h7xx_hal_spi.o
    0x08009064   0x08009064   0x0000001a   Code   RO         5993    i.SPI_DMAAbortOnError  stm32h7xx_hal_spi.o
    0x0800907e   0x0800907e   0x0000002c   Code   RO         5994    i.SPI_DMAError      stm32h7xx_hal_spi.o
    0x080090aa   0x080090aa   0x0000000a   Code   RO         5997    i.SPI_DMAHalfTransmitReceiveCplt  stm32h7xx_hal_spi.o
    0x080090b4   0x080090b4   0x00000028   Code   RO         6001    i.SPI_DMATransmitReceiveCplt  stm32h7xx_hal_spi.o
    0x080090dc   0x080090dc   0x0000000c   Code   RO          758    i.SPI_GetSlaveFeedback  u_spi.o
    0x080090e8   0x080090e8   0x00000082   Code   RO          760    i.SPI_PackMotorData  u_spi.o
    0x0800916a   0x0800916a   0x00000002   PAD
    0x0800916c   0x0800916c   0x0000001c   Code   RO          761    i.SPI_Protocol_Init  u_spi.o
    0x08009188   0x08009188   0x00000044   Code   RO          762    i.SPI_SendMotorControl  u_spi.o
    0x080091cc   0x080091cc   0x00000058   Code   RO          763    i.SPI_TxCpltCallback  u_spi.o
    0x08009224   0x08009224   0x00000002   Code   RO         1351    i.SVC_Handler       stm32h7xx_it.o
    0x08009226   0x08009226   0x0000000a   Code   RO         8041    i.SWAPBYTE          usbd_ctlreq.o
    0x08009230   0x08009230   0x00000004   Code   RO         1352    i.SysTick_Handler   stm32h7xx_it.o
    0x08009234   0x08009234   0x000000a8   Code   RO         1008    i.SystemClock_Config  main.o
    0x080092dc   0x080092dc   0x000000f8   Code   RO         7837    i.SystemInit        system_stm32h7xx.o
    0x080093d4   0x080093d4   0x000000c4   Code   RO          838    i.System_BootCalibSample  system_control.o
    0x08009498   0x08009498   0x00000068   Code   RO          839    i.System_CheckMotorOffline  system_control.o
    0x08009500   0x08009500   0x00000048   Code   RO          840    i.System_Control_Init  system_control.o
    0x08009548   0x08009548   0x00000028   Code   RO          841    i.System_Control_Process  system_control.o
    0x08009570   0x08009570   0x0000009c   Code   RO          844    i.System_ProcessMotorControl  system_control.o
    0x0800960c   0x0800960c   0x0000002c   Code   RO          845    i.System_SendFeedback  system_control.o
    0x08009638   0x08009638   0x0000000c   Code   RO         1353    i.TIM6_DAC_IRQHandler  stm32h7xx_it.o
    0x08009644   0x08009644   0x000000cc   Code   RO         6385    i.TIM_Base_SetConfig  stm32h7xx_hal_tim.o
    0x08009710   0x08009710   0x0000001a   Code   RO         6386    i.TIM_CCxChannelCmd  stm32h7xx_hal_tim.o
    0x0800972a   0x0800972a   0x00000002   PAD
    0x0800972c   0x0800972c   0x000000a4   Code   RO         6398    i.TIM_OC1_SetConfig  stm32h7xx_hal_tim.o
    0x080097d0   0x080097d0   0x00000098   Code   RO         6399    i.TIM_OC2_SetConfig  stm32h7xx_hal_tim.o
    0x08009868   0x08009868   0x00000098   Code   RO         6400    i.TIM_OC3_SetConfig  stm32h7xx_hal_tim.o
    0x08009900   0x08009900   0x00000078   Code   RO         6401    i.TIM_OC4_SetConfig  stm32h7xx_hal_tim.o
    0x08009978   0x08009978   0x00000074   Code   RO         6402    i.TIM_OC5_SetConfig  stm32h7xx_hal_tim.o
    0x080099ec   0x080099ec   0x00000074   Code   RO         6403    i.TIM_OC6_SetConfig  stm32h7xx_hal_tim.o
    0x08009a60   0x08009a60   0x0000000c   Code   RO         1354    i.UART4_IRQHandler  stm32h7xx_it.o
    0x08009a6c   0x08009a6c   0x00000044   Code   RO         7731    i.UARTEx_SetNbDataToProcess  stm32h7xx_hal_uart_ex.o
    0x08009ab0   0x08009ab0   0x000000c8   Code   RO         7340    i.UART_AdvFeatureConfig  stm32h7xx_hal_uart.o
    0x08009b78   0x08009b78   0x000000aa   Code   RO         7341    i.UART_CheckIdleState  stm32h7xx_hal_uart.o
    0x08009c22   0x08009c22   0x00000010   Code   RO         7342    i.UART_DMAAbortOnError  stm32h7xx_hal_uart.o
    0x08009c32   0x08009c32   0x00000002   PAD
    0x08009c34   0x08009c34   0x00000054   Code   RO         7352    i.UART_EndRxTransfer  stm32h7xx_hal_uart.o
    0x08009c88   0x08009c88   0x000003ac   Code   RO         7358    i.UART_SetConfig    stm32h7xx_hal_uart.o
    0x0800a034   0x0800a034   0x00000094   Code   RO         7365    i.UART_WaitOnFlagUntilTimeout  stm32h7xx_hal_uart.o
    0x0800a0c8   0x0800a0c8   0x00000076   Code   RO         8187    i.USBD_CDC_DataIn   usbd_cdc.o
    0x0800a13e   0x0800a13e   0x0000003c   Code   RO         8188    i.USBD_CDC_DataOut  usbd_cdc.o
    0x0800a17a   0x0800a17a   0x00000002   PAD
    0x0800a17c   0x0800a17c   0x00000090   Code   RO         8189    i.USBD_CDC_DeInit   usbd_cdc.o
    0x0800a20c   0x0800a20c   0x00000036   Code   RO         8190    i.USBD_CDC_EP0_RxReady  usbd_cdc.o
    0x0800a242   0x0800a242   0x00000002   PAD
    0x0800a244   0x0800a244   0x0000000c   Code   RO         8191    i.USBD_CDC_GetDeviceQualifierDescriptor  usbd_cdc.o
    0x0800a250   0x0800a250   0x00000040   Code   RO         8192    i.USBD_CDC_GetFSCfgDesc  usbd_cdc.o
    0x0800a290   0x0800a290   0x00000040   Code   RO         8193    i.USBD_CDC_GetHSCfgDesc  usbd_cdc.o
    0x0800a2d0   0x0800a2d0   0x00000040   Code   RO         8194    i.USBD_CDC_GetOtherSpeedCfgDesc  usbd_cdc.o
    0x0800a310   0x0800a310   0x0000011c   Code   RO         8195    i.USBD_CDC_Init     usbd_cdc.o
    0x0800a42c   0x0800a42c   0x00000038   Code   RO         8196    i.USBD_CDC_ReceivePacket  usbd_cdc.o
    0x0800a464   0x0800a464   0x00000016   Code   RO         8197    i.USBD_CDC_RegisterInterface  usbd_cdc.o
    0x0800a47a   0x0800a47a   0x0000001a   Code   RO         8198    i.USBD_CDC_SetRxBuffer  usbd_cdc.o
    0x0800a494   0x0800a494   0x0000001e   Code   RO         8199    i.USBD_CDC_SetTxBuffer  usbd_cdc.o
    0x0800a4b2   0x0800a4b2   0x000000ce   Code   RO         8200    i.USBD_CDC_Setup    usbd_cdc.o
    0x0800a580   0x0800a580   0x00000050   Code   RO         8201    i.USBD_CDC_TransmitPacket  usbd_cdc.o
    0x0800a5d0   0x0800a5d0   0x00000014   Code   RO         7878    i.USBD_ClrClassConfig  usbd_core.o
    0x0800a5e4   0x0800a5e4   0x00000004   Code   RO         7879    i.USBD_CoreFindEP   usbd_core.o
    0x0800a5e8   0x0800a5e8   0x00000004   Code   RO         7880    i.USBD_CoreFindIF   usbd_core.o
    0x0800a5ec   0x0800a5ec   0x00000010   Code   RO         8123    i.USBD_CtlContinueRx  usbd_ioreq.o
    0x0800a5fc   0x0800a5fc   0x00000010   Code   RO         8124    i.USBD_CtlContinueSendData  usbd_ioreq.o
    0x0800a60c   0x0800a60c   0x00000016   Code   RO         8042    i.USBD_CtlError     usbd_ctlreq.o
    0x0800a622   0x0800a622   0x0000001e   Code   RO         8125    i.USBD_CtlPrepareRx  usbd_ioreq.o
    0x0800a640   0x0800a640   0x00000016   Code   RO         8126    i.USBD_CtlReceiveStatus  usbd_ioreq.o
    0x0800a656   0x0800a656   0x0000001a   Code   RO         8127    i.USBD_CtlSendData  usbd_ioreq.o
    0x0800a670   0x0800a670   0x00000016   Code   RO         8128    i.USBD_CtlSendStatus  usbd_ioreq.o
    0x0800a686   0x0800a686   0x00000002   PAD
    0x0800a688   0x0800a688   0x00000020   Code   RO         1523    i.USBD_FS_ConfigStrDescriptor  usbd_desc.o
    0x0800a6a8   0x0800a6a8   0x0000000c   Code   RO         1524    i.USBD_FS_DeviceDescriptor  usbd_desc.o
    0x0800a6b4   0x0800a6b4   0x00000024   Code   RO         1525    i.USBD_FS_InterfaceStrDescriptor  usbd_desc.o
    0x0800a6d8   0x0800a6d8   0x0000000c   Code   RO         1526    i.USBD_FS_LangIDStrDescriptor  usbd_desc.o
    0x0800a6e4   0x0800a6e4   0x00000028   Code   RO         1527    i.USBD_FS_ManufacturerStrDescriptor  usbd_desc.o
    0x0800a70c   0x0800a70c   0x0000002c   Code   RO         1528    i.USBD_FS_ProductStrDescriptor  usbd_desc.o
    0x0800a738   0x0800a738   0x0000003c   Code   RO         1529    i.USBD_FS_SerialStrDescriptor  usbd_desc.o
    0x0800a774   0x0800a774   0x000000fa   Code   RO         8043    i.USBD_GetDescriptor  usbd_ctlreq.o
    0x0800a86e   0x0800a86e   0x0000003a   Code   RO         7882    i.USBD_GetEpDesc    usbd_core.o
    0x0800a8a8   0x0800a8a8   0x00000014   Code   RO         8044    i.USBD_GetLen       usbd_ctlreq.o
    0x0800a8bc   0x0800a8bc   0x0000000e   Code   RO         7883    i.USBD_GetNextDesc  usbd_core.o
    0x0800a8ca   0x0800a8ca   0x0000004e   Code   RO         8045    i.USBD_GetString    usbd_ctlreq.o
    0x0800a918   0x0800a918   0x00000018   Code   RO         1683    i.USBD_Get_USB_Status  usbd_conf.o
    0x0800a930   0x0800a930   0x00000026   Code   RO         7884    i.USBD_Init         usbd_core.o
    0x0800a956   0x0800a956   0x00000012   Code   RO         1684    i.USBD_LL_ClearStallEP  usbd_conf.o
    0x0800a968   0x0800a968   0x00000012   Code   RO         1685    i.USBD_LL_CloseEP   usbd_conf.o
    0x0800a97a   0x0800a97a   0x000000b8   Code   RO         7885    i.USBD_LL_DataInStage  usbd_core.o
    0x0800aa32   0x0800aa32   0x00000090   Code   RO         7886    i.USBD_LL_DataOutStage  usbd_core.o
    0x0800aac2   0x0800aac2   0x00000004   Code   RO         7887    i.USBD_LL_DevConnected  usbd_core.o
    0x0800aac6   0x0800aac6   0x00000020   Code   RO         7888    i.USBD_LL_DevDisconnected  usbd_core.o
    0x0800aae6   0x0800aae6   0x00000008   Code   RO         1689    i.USBD_LL_GetRxDataSize  usbd_conf.o
    0x0800aaee   0x0800aaee   0x00000002   PAD
    0x0800aaf0   0x0800aaf0   0x00000064   Code   RO         1690    i.USBD_LL_Init      usbd_conf.o
    0x0800ab54   0x0800ab54   0x0000001e   Code   RO         1691    i.USBD_LL_IsStallEP  usbd_conf.o
    0x0800ab72   0x0800ab72   0x00000028   Code   RO         7889    i.USBD_LL_IsoINIncomplete  usbd_core.o
    0x0800ab9a   0x0800ab9a   0x00000028   Code   RO         7890    i.USBD_LL_IsoOUTIncomplete  usbd_core.o
    0x0800abc2   0x0800abc2   0x00000018   Code   RO         1692    i.USBD_LL_OpenEP    usbd_conf.o
    0x0800abda   0x0800abda   0x00000012   Code   RO         1693    i.USBD_LL_PrepareReceive  usbd_conf.o
    0x0800abec   0x0800abec   0x0000005e   Code   RO         7891    i.USBD_LL_Reset     usbd_core.o
    0x0800ac4a   0x0800ac4a   0x00000014   Code   RO         7892    i.USBD_LL_Resume    usbd_core.o
    0x0800ac5e   0x0800ac5e   0x0000001a   Code   RO         7893    i.USBD_LL_SOF       usbd_core.o
    0x0800ac78   0x0800ac78   0x00000006   Code   RO         7894    i.USBD_LL_SetSpeed  usbd_core.o
    0x0800ac7e   0x0800ac7e   0x00000012   Code   RO         1694    i.USBD_LL_SetUSBAddress  usbd_conf.o
    0x0800ac90   0x0800ac90   0x00000060   Code   RO         7895    i.USBD_LL_SetupStage  usbd_core.o
    0x0800acf0   0x0800acf0   0x00000012   Code   RO         1695    i.USBD_LL_StallEP   usbd_conf.o
    0x0800ad02   0x0800ad02   0x00000012   Code   RO         1696    i.USBD_LL_Start     usbd_conf.o
    0x0800ad14   0x0800ad14   0x0000001a   Code   RO         7896    i.USBD_LL_Suspend   usbd_core.o
    0x0800ad2e   0x0800ad2e   0x00000012   Code   RO         1698    i.USBD_LL_Transmit  usbd_conf.o
    0x0800ad40   0x0800ad40   0x0000002a   Code   RO         8046    i.USBD_ParseSetupRequest  usbd_ctlreq.o
    0x0800ad6a   0x0800ad6a   0x0000003a   Code   RO         7897    i.USBD_RegisterClass  usbd_core.o
    0x0800ada4   0x0800ada4   0x00000014   Code   RO         7899    i.USBD_SetClassConfig  usbd_core.o
    0x0800adb8   0x0800adb8   0x000000bc   Code   RO         8047    i.USBD_SetConfig    usbd_ctlreq.o
    0x0800ae74   0x0800ae74   0x00000004   Code   RO         7900    i.USBD_Start        usbd_core.o
    0x0800ae78   0x0800ae78   0x0000012e   Code   RO         8048    i.USBD_StdDevReq    usbd_ctlreq.o
    0x0800afa6   0x0800afa6   0x00000164   Code   RO         8049    i.USBD_StdEPReq     usbd_ctlreq.o
    0x0800b10a   0x0800b10a   0x00000074   Code   RO         8050    i.USBD_StdItfReq    usbd_ctlreq.o
    0x0800b17e   0x0800b17e   0x00000002   Code   RO         1699    i.USBD_static_free  usbd_conf.o
    0x0800b180   0x0800b180   0x00000008   Code   RO         1700    i.USBD_static_malloc  usbd_conf.o
    0x0800b188   0x0800b188   0x00000080   Code   RO         2186    i.USB_ActivateEndpoint  stm32h7xx_ll_usb.o
    0x0800b208   0x0800b208   0x0000001c   Code   RO         2188    i.USB_ActivateSetup  stm32h7xx_ll_usb.o
    0x0800b224   0x0800b224   0x00000098   Code   RO         2190    i.USB_CoreInit      stm32h7xx_ll_usb.o
    0x0800b2bc   0x0800b2bc   0x0000003c   Code   RO         2191    i.USB_CoreReset     stm32h7xx_ll_usb.o
    0x0800b2f8   0x0800b2f8   0x000000cc   Code   RO         2194    i.USB_DeactivateEndpoint  stm32h7xx_ll_usb.o
    0x0800b3c4   0x0800b3c4   0x0000001c   Code   RO         2195    i.USB_DevConnect    stm32h7xx_ll_usb.o
    0x0800b3e0   0x0800b3e0   0x0000001c   Code   RO         2196    i.USB_DevDisconnect  stm32h7xx_ll_usb.o
    0x0800b3fc   0x0800b3fc   0x0000016c   Code   RO         2197    i.USB_DevInit       stm32h7xx_ll_usb.o
    0x0800b568   0x0800b568   0x0000000c   Code   RO         2198    i.USB_DisableGlobalInt  stm32h7xx_ll_usb.o
    0x0800b574   0x0800b574   0x00000058   Code   RO         2201    i.USB_EP0_OutStart  stm32h7xx_ll_usb.o
    0x0800b5cc   0x0800b5cc   0x00000058   Code   RO         2202    i.USB_EPClearStall  stm32h7xx_ll_usb.o
    0x0800b624   0x0800b624   0x00000058   Code   RO         2203    i.USB_EPSetStall    stm32h7xx_ll_usb.o
    0x0800b67c   0x0800b67c   0x00000240   Code   RO         2204    i.USB_EPStartXfer   stm32h7xx_ll_usb.o
    0x0800b8bc   0x0800b8bc   0x0000009e   Code   RO         2205    i.USB_EPStopXfer    stm32h7xx_ll_usb.o
    0x0800b95a   0x0800b95a   0x0000000c   Code   RO         2206    i.USB_EnableGlobalInt  stm32h7xx_ll_usb.o
    0x0800b966   0x0800b966   0x00000038   Code   RO         2207    i.USB_FlushRxFifo   stm32h7xx_ll_usb.o
    0x0800b99e   0x0800b99e   0x0000003c   Code   RO         2208    i.USB_FlushTxFifo   stm32h7xx_ll_usb.o
    0x0800b9da   0x0800b9da   0x0000001a   Code   RO         2210    i.USB_GetDevSpeed   stm32h7xx_ll_usb.o
    0x0800b9f4   0x0800b9f4   0x00000008   Code   RO         2212    i.USB_GetMode       stm32h7xx_ll_usb.o
    0x0800b9fc   0x0800b9fc   0x0000000e   Code   RO         2220    i.USB_ReadDevAllInEpInterrupt  stm32h7xx_ll_usb.o
    0x0800ba0a   0x0800ba0a   0x0000000e   Code   RO         2221    i.USB_ReadDevAllOutEpInterrupt  stm32h7xx_ll_usb.o
    0x0800ba18   0x0800ba18   0x00000024   Code   RO         2222    i.USB_ReadDevInEPInterrupt  stm32h7xx_ll_usb.o
    0x0800ba3c   0x0800ba3c   0x00000010   Code   RO         2223    i.USB_ReadDevOutEPInterrupt  stm32h7xx_ll_usb.o
    0x0800ba4c   0x0800ba4c   0x00000008   Code   RO         2224    i.USB_ReadInterrupts  stm32h7xx_ll_usb.o
    0x0800ba54   0x0800ba54   0x00000040   Code   RO         2225    i.USB_ReadPacket    stm32h7xx_ll_usb.o
    0x0800ba94   0x0800ba94   0x0000005e   Code   RO         2227    i.USB_SetCurrentMode  stm32h7xx_ll_usb.o
    0x0800baf2   0x0800baf2   0x00000022   Code   RO         2228    i.USB_SetDevAddress  stm32h7xx_ll_usb.o
    0x0800bb14   0x0800bb14   0x000000e8   Code   RO         2230    i.USB_SetTurnaroundTime  stm32h7xx_ll_usb.o
    0x0800bbfc   0x0800bbfc   0x00000028   Code   RO         2233    i.USB_WritePacket   stm32h7xx_ll_usb.o
    0x0800bc24   0x0800bc24   0x00000002   Code   RO         1355    i.UsageFault_Handler  stm32h7xx_it.o
    0x0800bc26   0x0800bc26   0x00000022   Code   RO         3860    i.__NVIC_SetPriority  stm32h7xx_hal_cortex.o
    0x0800bc48   0x0800bc48   0x0000009e   Code   RO         1009    i.main              main.o
    0x0800bce6   0x0800bce6   0x0000000a   Code   RO         8644    x$fpl$fpinit        fz_wv.l(fpinit.o)
    0x0800bcf0   0x0800bcf0   0x0000003c   Data   RO          934    .constdata          motor_calib.o
    0x0800bd2c   0x0800bd2c   0x00000008   Data   RO         3149    .constdata          stm32h7xx_hal_dma.o
    0x0800bd34   0x0800bd34   0x0000005c   Data   RO         5443    .constdata          stm32h7xx_hal_fdcan.o
    0x0800bd90   0x0800bd90   0x00000018   Data   RO         7366    .constdata          stm32h7xx_hal_uart.o
    0x0800bda8   0x0800bda8   0x00000010   Data   RO         7732    .constdata          stm32h7xx_hal_uart_ex.o
    0x0800bdb8   0x0800bdb8   0x00000010   Data   RO         7838    .constdata          system_stm32h7xx.o
    0x0800bdc8   0x0800bdc8   0x00000020   Data   RO         8728    Region$$Table       anon$$obj.o


    Execution Region RW_IRAM1 (Exec base: 0x20000000, Load base: 0x0800bde8, Size: 0x00000000, Max: 0x00020000, ABSOLUTE)

    **** No section assigned to this execution region ****


    Execution Region RW_IRAM2 (Exec base: 0x24000000, Load base: 0x0800bde8, Size: 0x000032d0, Max: 0x00080000, ABSOLUTE, COMPRESSED[0x000000bc])

    Exec Addr    Load Addr    Size         Type   Attr      Idx    E Section Name        Object

    0x24000000   COMPRESSED   0x00000014   Data   RW          306    .data               led_indicator.o
    0x24000014   COMPRESSED   0x00000006   Data   RW          607    .data               usbcol.o
    0x2400001a   COMPRESSED   0x00000001   Data   RW          765    .data               u_spi.o
    0x2400001b   COMPRESSED   0x00000001   PAD
    0x2400001c   COMPRESSED   0x0000000c   Data   RW          847    .data               system_control.o
    0x24000028   COMPRESSED   0x00000002   Data   RW          935    .data               motor_calib.o
    0x2400002a   COMPRESSED   0x00000002   PAD
    0x2400002c   COMPRESSED   0x00000020   Data   RW         1531    .data               usbd_desc.o
    0x2400004c   COMPRESSED   0x00000032   Data   RW         1532    .data               usbd_desc.o
    0x2400007e   COMPRESSED   0x00000002   PAD
    0x24000080   COMPRESSED   0x00000014   Data   RW         1616    .data               usbd_cdc_if.o
    0x24000094   COMPRESSED   0x0000000c   Data   RW         4040    .data               stm32h7xx_hal.o
    0x240000a0   COMPRESSED   0x00000008   Data   RW         7839    .data               system_stm32h7xx.o
    0x240000a8   COMPRESSED   0x00000001   Data   RW         8051    .data               usbd_ctlreq.o
    0x240000a9   COMPRESSED   0x00000003   PAD
    0x240000ac   COMPRESSED   0x00000053   Data   RW         8202    .data               usbd_cdc.o
    0x240000ff   COMPRESSED   0x00000001   PAD
    0x24000100   COMPRESSED   0x00000038   Data   RW         8203    .data               usbd_cdc.o
    0x24000138        -       0x00000084   Zero   RW          305    .bss                led_indicator.o
    0x240001bc        -       0x0000015c   Zero   RW          386    .bss                fdcan_handler.o
    0x24000318        -       0x000004bc   Zero   RW          605    .bss                usbcol.o
    0x240007d4        -       0x0000019c   Zero   RW          764    .bss                u_spi.o
    0x24000970        -       0x000002b8   Zero   RW          846    .bss                system_control.o
    0x24000c28        -       0x000000a4   Zero   RW          933    .bss                motor_calib.o
    0x24000ccc        -       0x00000064   Zero   RW         1096    .bss                adc.o
    0x24000d30        -       0x000000a0   Zero   RW         1162    .bss                fdcan.o
    0x24000dd0        -       0x00000178   Zero   RW         1204    .bss                spi.o
    0x24000f48        -       0x00000098   Zero   RW         1248    .bss                tim.o
    0x24000fe0        -       0x00000094   Zero   RW         1300    .bss                usart.o
    0x24001074        -       0x000002dc   Zero   RW         1488    .bss                usb_device.o
    0x24001350        -       0x00000200   Zero   RW         1530    .bss                usbd_desc.o
    0x24001550        -       0x00001000   Zero   RW         1615    .bss                usbd_cdc_if.o
    0x24002550        -       0x00000704   Zero   RW         1701    .bss                usbd_conf.o
    0x24002c54        -       0x0000001c   Zero   RW         2790    .bss                stm32h7xx_hal_flash.o
    0x24002c70        -       0x00000060   Zero   RW         8586    .bss                c_w.l(libspace.o)
    0x24002cd0        -       0x00000200   Zero   RW            2    HEAP                startup_stm32h743xx.o
    0x24002ed0        -       0x00000400   Zero   RW            1    STACK               startup_stm32h743xx.o


==============================================================================

Image component sizes


      Code (inc. data)   RO Data    RW Data    ZI Data      Debug   Object Name

       240         28          0          0        100       1897   adc.o
        60          4          0          0          0        906   dma.o
       296         24          0          0        160       1979   fdcan.o
       220         16          0          0        348       5501   fdcan_handler.o
       256         22          0          0          0       1175   gpio.o
       332        110          0          0          0    1411942   led.o
       692         42          0         20        132       6206   led_indicator.o
       404         10          0          0          0       3215   main.o
      1070        124          0          0          0       9043   motor.o
      1168        128         60          2        164       7712   motor_calib.o
       420         32          0          0        376       2159   spi.o
        72         30        664          0       1536        848   startup_stm32h743xx.o
       232         44          0         12          0      23512   stm32h7xx_hal.o
      1888        204          0          0          0      68012   stm32h7xx_hal_adc.o
       304         22          0          0          0      63223   stm32h7xx_hal_adc_ex.o
       354         28          0          0          0      41893   stm32h7xx_hal_cortex.o
      5992        246          8          0          0      12541   stm32h7xx_hal_dma.o
      2802         50         92          0          0      21621   stm32h7xx_hal_fdcan.o
       512         52          0          0         28      14794   stm32h7xx_hal_flash.o
       464         16          0          0          0       4385   stm32h7xx_hal_flash_ex.o
       576         50          0          0          0       2991   stm32h7xx_hal_gpio.o
        28          6          0          0          0        942   stm32h7xx_hal_msp.o
      2630         16          0          0          0      13844   stm32h7xx_hal_pcd.o
       120          6          0          0          0       3307   stm32h7xx_hal_pcd_ex.o
       100         10          0          0          0       1358   stm32h7xx_hal_pwr_ex.o
      2466        102          0          0          0       7192   stm32h7xx_hal_rcc.o
      4776        172          0          0          0      10599   stm32h7xx_hal_rcc_ex.o
      1756         32          0          0          0       9925   stm32h7xx_hal_spi.o
      2464        282          0          0          0      16373   stm32h7xx_hal_tim.o
       330         40          0          0          0       4172   stm32h7xx_hal_tim_ex.o
      2594        138         24          0          0      30004   stm32h7xx_hal_uart.o
       290          6         16          0          0       5530   stm32h7xx_hal_uart_ex.o
       116         48          0          0          0       7968   stm32h7xx_it.o
      2716        116          0          0          0      23456   stm32h7xx_ll_usb.o
       832         80          0         12        696       7453   system_control.o
       276         48         16          8          0       2017   system_stm32h7xx.o
       396         42          0          0        152       3167   tim.o
       370         48          0          1        412       7274   u_spi.o
       292         26          0          0        148       1976   usart.o
        84         18          0          0        732        820   usb_device.o
       872         88          0          6       1212      17726   usbcol.o
      1284         40          0        139          0      14621   usbd_cdc.o
       134         22          0         20       4096       4156   usbd_cdc_if.o
       634         30          0          0       1796      16964   usbd_conf.o
       932          0          0          0          0      15607   usbd_core.o
      1384         22          0          1          0      15656   usbd_ctlreq.o
       292        106          0         82        512       6421   usbd_desc.o
       132          0          0          0          0       4676   usbd_ioreq.o

    ----------------------------------------------------------------------
     46710       2826        912        312      12600    1958759   Object Totals
         0          0         32          0          0          0   (incl. Generated)
        56          0          0          9          0          0   (incl. Padding)

    ----------------------------------------------------------------------

      Code (inc. data)   RO Data    RW Data    ZI Data      Debug   Library Member Name

        90          0          0          0          0          0   __dczerorl2.o
         8          0          0          0          0         68   __main.o
         0          0          0          0          0          0   __rtentry.o
        12          0          0          0          0          0   __rtentry2.o
         6          0          0          0          0          0   __rtentry4.o
        52          8          0          0          0          0   __scatter.o
        28          0          0          0          0          0   __scatter_zi.o
        16          0          0          0          0         68   aeabi_memset.o
        18          0          0          0          0         80   exit.o
         6          0          0          0          0        152   heapauxi.o
         0          0          0          0          0          0   indicate_semi.o
         2          0          0          0          0          0   libinit.o
         6          0          0          0          0          0   libinit2.o
         2          0          0          0          0          0   libshutdown.o
         2          0          0          0          0          0   libshutdown2.o
         8          4          0          0         96         68   libspace.o
       238          0          0          0          0        100   lludivv7m.o
        68          0          0          0          0         68   rt_memclr.o
        78          0          0          0          0         80   rt_memclr_w.o
       138          0          0          0          0         68   rt_memcpy_v6.o
       100          0          0          0          0         80   rt_memcpy_w.o
         2          0          0          0          0          0   rtexit.o
        10          0          0          0          0          0   rtexit2.o
        12          4          0          0          0         68   sys_exit.o
        74          0          0          0          0         80   sys_stackheap_outer.o
         2          0          0          0          0         68   use_no_semi.o
        10          0          0          0          0        116   fpinit.o

    ----------------------------------------------------------------------
       994         16          0          0         96       1164   Library Totals
         6          0          0          0          0          0   (incl. Padding)

    ----------------------------------------------------------------------

      Code (inc. data)   RO Data    RW Data    ZI Data      Debug   Library Name

       978         16          0          0         96       1048   c_w.l
        10          0          0          0          0        116   fz_wv.l

    ----------------------------------------------------------------------
       994         16          0          0         96       1164   Library Totals

    ----------------------------------------------------------------------

==============================================================================


      Code (inc. data)   RO Data    RW Data    ZI Data      Debug   

     47704       2842        912        312      12696    1921555   Grand Totals
     47704       2842        912        188      12696    1921555   ELF Image Totals (compressed)
     47704       2842        912        188          0          0   ROM Totals

==============================================================================

    Total RO  Size (Code + RO Data)                48616 (  47.48kB)
    Total RW  Size (RW Data + ZI Data)             13008 (  12.70kB)
    Total ROM Size (Code + RO Data + RW Data)      48804 (  47.66kB)

==============================================================================

